Component: ARM Compiler 5.06 update 5 (build 528) Tool: armlink [4d35e2]

==============================================================================

Section Cross References

    startup_stm32h743xx.o(RESET) refers to startup_stm32h743xx.o(STACK) for __initial_sp
    startup_stm32h743xx.o(RESET) refers to startup_stm32h743xx.o(.text) for Reset_Handler
    startup_stm32h743xx.o(RESET) refers to stm32h7xx_it.o(i.NMI_Handler) for NMI_Handler
    startup_stm32h743xx.o(RESET) refers to stm32h7xx_it.o(i.HardFault_Handler) for HardFault_Handler
    startup_stm32h743xx.o(RESET) refers to stm32h7xx_it.o(i.MemManage_Handler) for MemManage_Handler
    startup_stm32h743xx.o(RESET) refers to stm32h7xx_it.o(i.BusFault_Handler) for BusFault_Handler
    startup_stm32h743xx.o(RESET) refers to stm32h7xx_it.o(i.UsageFault_Handler) for UsageFault_Handler
    startup_stm32h743xx.o(RESET) refers to stm32h7xx_it.o(i.SVC_Handler) for SVC_Handler
    startup_stm32h743xx.o(RESET) refers to stm32h7xx_it.o(i.DebugMon_Handler) for DebugMon_Handler
    startup_stm32h743xx.o(RESET) refers to stm32h7xx_it.o(i.PendSV_Handler) for PendSV_Handler
    startup_stm32h743xx.o(RESET) refers to stm32h7xx_it.o(i.SysTick_Handler) for SysTick_Handler
    startup_stm32h743xx.o(RESET) refers to stm32h7xx_it.o(i.DMA1_Stream0_IRQHandler) for DMA1_Stream0_IRQHandler
    startup_stm32h743xx.o(RESET) refers to stm32h7xx_it.o(i.DMA1_Stream1_IRQHandler) for DMA1_Stream1_IRQHandler
    startup_stm32h743xx.o(RESET) refers to stm32h7xx_it.o(i.USART1_IRQHandler) for USART1_IRQHandler
    startup_stm32h743xx.o(.text) refers to system_stm32h7xx.o(i.SystemInit) for SystemInit
    startup_stm32h743xx.o(.text) refers to entry.o(.ARM.Collect$$$$00000000) for __main
    main.o(i.HAL_ADC_ConvCpltCallback) refers to main.o(.data) for AdcConvEnd
    main.o(i.MPU_Config) refers to stm32h7xx_hal_cortex.o(i.HAL_MPU_Disable) for HAL_MPU_Disable
    main.o(i.MPU_Config) refers to stm32h7xx_hal_cortex.o(i.HAL_MPU_ConfigRegion) for HAL_MPU_ConfigRegion
    main.o(i.MPU_Config) refers to stm32h7xx_hal_cortex.o(i.HAL_MPU_Enable) for HAL_MPU_Enable
    main.o(i.SystemClock_Config) refers to memseta.o(.text) for __aeabi_memclr4
    main.o(i.SystemClock_Config) refers to stm32h7xx_hal_pwr_ex.o(i.HAL_PWREx_ConfigSupply) for HAL_PWREx_ConfigSupply
    main.o(i.SystemClock_Config) refers to stm32h7xx_hal_rcc.o(i.HAL_RCC_OscConfig) for HAL_RCC_OscConfig
    main.o(i.SystemClock_Config) refers to main.o(i.Error_Handler) for Error_Handler
    main.o(i.SystemClock_Config) refers to stm32h7xx_hal_rcc.o(i.HAL_RCC_ClockConfig) for HAL_RCC_ClockConfig
    main.o(i.main) refers to stm32h7xx_hal.o(i.HAL_Init) for HAL_Init
    main.o(i.main) refers to main.o(i.MPU_Config) for MPU_Config
    main.o(i.main) refers to main.o(i.SystemClock_Config) for SystemClock_Config
    main.o(i.main) refers to gpio.o(i.MX_GPIO_Init) for MX_GPIO_Init
    main.o(i.main) refers to dma.o(i.MX_DMA_Init) for MX_DMA_Init
    main.o(i.main) refers to usart.o(i.MX_USART1_UART_Init) for MX_USART1_UART_Init
    main.o(i.main) refers to adc.o(i.MX_ADC1_Init) for MX_ADC1_Init
    main.o(i.main) refers to tim.o(i.MX_TIM7_Init) for MX_TIM7_Init
    main.o(i.main) refers to dac.o(i.MX_DAC1_Init) for MX_DAC1_Init
    main.o(i.main) refers to tim.o(i.MX_TIM15_Init) for MX_TIM15_Init
    main.o(i.main) refers to stm32h7xx_hal_tim.o(i.HAL_TIM_Base_Start) for HAL_TIM_Base_Start
    main.o(i.main) refers to stm32h7xx_hal_adc.o(i.HAL_ADC_Start_DMA) for HAL_ADC_Start_DMA
    main.o(i.main) refers to printfa.o(i.__0printf) for __2printf
    main.o(i.main) refers to tim.o(.bss) for htim15
    main.o(i.main) refers to main.o(.bss) for adc_buff
    main.o(i.main) refers to adc.o(.bss) for hadc1
    main.o(i.main) refers to main.o(.data) for AdcConvEnd
    gpio.o(i.MX_GPIO_Init) refers to memseta.o(.text) for __aeabi_memclr4
    gpio.o(i.MX_GPIO_Init) refers to stm32h7xx_hal_gpio.o(i.HAL_GPIO_WritePin) for HAL_GPIO_WritePin
    gpio.o(i.MX_GPIO_Init) refers to stm32h7xx_hal_gpio.o(i.HAL_GPIO_Init) for HAL_GPIO_Init
    adc.o(i.HAL_ADC_MspDeInit) refers to stm32h7xx_hal_gpio.o(i.HAL_GPIO_DeInit) for HAL_GPIO_DeInit
    adc.o(i.HAL_ADC_MspDeInit) refers to stm32h7xx_hal_dma.o(i.HAL_DMA_DeInit) for HAL_DMA_DeInit
    adc.o(i.HAL_ADC_MspInit) refers to memseta.o(.text) for __aeabi_memclr4
    adc.o(i.HAL_ADC_MspInit) refers to stm32h7xx_hal_rcc_ex.o(i.HAL_RCCEx_PeriphCLKConfig) for HAL_RCCEx_PeriphCLKConfig
    adc.o(i.HAL_ADC_MspInit) refers to main.o(i.Error_Handler) for Error_Handler
    adc.o(i.HAL_ADC_MspInit) refers to stm32h7xx_hal_gpio.o(i.HAL_GPIO_Init) for HAL_GPIO_Init
    adc.o(i.HAL_ADC_MspInit) refers to stm32h7xx_hal_dma.o(i.HAL_DMA_Init) for HAL_DMA_Init
    adc.o(i.HAL_ADC_MspInit) refers to adc.o(.bss) for hdma_adc1
    adc.o(i.MX_ADC1_Init) refers to memseta.o(.text) for __aeabi_memclr4
    adc.o(i.MX_ADC1_Init) refers to stm32h7xx_hal_adc.o(i.HAL_ADC_Init) for HAL_ADC_Init
[...]
    ../clib/microlib/printf/printf.c         0x00000000   Number         0  printf5.o ABSOLUTE
    ../clib/microlib/printf/printf.c         0x00000000   Number         0  printf4.o ABSOLUTE
    ../clib/microlib/printf/printf.c         0x00000000   Number         0  printf2.o ABSOLUTE
    ../clib/microlib/printf/printf.c         0x00000000   Number         0  printf1.o ABSOLUTE
    ../clib/microlib/printf/printf.c         0x00000000   Number         0  printf0.o ABSOLUTE
    ../clib/microlib/printf/printf.c         0x00000000   Number         0  printfb.o ABSOLUTE
    ../clib/microlib/printf/stubs.s          0x00000000   Number         0  stubs.o ABSOLUTE
    ../clib/microlib/stdio/fputc.c           0x00000000   Number         0  fputc.o ABSOLUTE
    ../clib/microlib/stdio/semi.s            0x00000000   Number         0  semi.o ABSOLUTE
    ../clib/microlib/stdio/streams.c         0x00000000   Number         0  stdout.o ABSOLUTE
    ../clib/microlib/string/memset.c         0x00000000   Number         0  memseta.o ABSOLUTE
    ../clib/microlib/stubs.s                 0x00000000   Number         0  iusefp.o ABSOLUTE
    ../clib/microlib/stubs.s                 0x00000000   Number         0  iusesemip.o ABSOLUTE
    ../fplib/microlib/fpadd.c                0x00000000   Number         0  dadd.o ABSOLUTE
    ../fplib/microlib/fpdiv.c                0x00000000   Number         0  ddiv.o ABSOLUTE
    ../fplib/microlib/fpepilogue.c           0x00000000   Number         0  depilogue.o ABSOLUTE
    ../fplib/microlib/fpfix.c                0x00000000   Number         0  dfixul.o ABSOLUTE
    ../fplib/microlib/fpmul.c                0x00000000   Number         0  dmul.o ABSOLUTE
    ..\Core\Src\adc.c                        0x00000000   Number         0  adc.o ABSOLUTE
    ..\Core\Src\dac.c                        0x00000000   Number         0  dac.o ABSOLUTE
    ..\Core\Src\dma.c                        0x00000000   Number         0  dma.o ABSOLUTE
    ..\Core\Src\gpio.c                       0x00000000   Number         0  gpio.o ABSOLUTE
    ..\Core\Src\main.c                       0x00000000   Number         0  main.o ABSOLUTE
    ..\Core\Src\stm32h7xx_hal_msp.c          0x00000000   Number         0  stm32h7xx_hal_msp.o ABSOLUTE
    ..\Core\Src\stm32h7xx_it.c               0x00000000   Number         0  stm32h7xx_it.o ABSOLUTE
    ..\Core\Src\system_stm32h7xx.c           0x00000000   Number         0  system_stm32h7xx.o ABSOLUTE
    ..\Core\Src\tim.c                        0x00000000   Number         0  tim.o ABSOLUTE
    ..\Core\Src\usart.c                      0x00000000   Number         0  usart.o ABSOLUTE
    ..\Drivers\STM32H7xx_HAL_Driver\Src\stm32h7xx_hal.c 0x00000000   Number         0  stm32h7xx_hal.o ABSOLUTE
    ..\Drivers\STM32H7xx_HAL_Driver\Src\stm32h7xx_hal_adc.c 0x00000000   Number         0  stm32h7xx_hal_adc.o ABSOLUTE
    ..\Drivers\STM32H7xx_HAL_Driver\Src\stm32h7xx_hal_adc_ex.c 0x00000000   Number         0  stm32h7xx_hal_adc_ex.o ABSOLUTE
    ..\Drivers\STM32H7xx_HAL_Driver\Src\stm32h7xx_hal_cortex.c 0x00000000   Number         0  stm32h7xx_hal_cortex.o ABSOLUTE
    ..\Drivers\STM32H7xx_HAL_Driver\Src\stm32h7xx_hal_dac.c 0x00000000   Number         0  stm32h7xx_hal_dac.o ABSOLUTE
    ..\Drivers\STM32H7xx_HAL_Driver\Src\stm32h7xx_hal_dac_ex.c 0x00000000   Number         0  stm32h7xx_hal_dac_ex.o ABSOLUTE
    ..\Drivers\STM32H7xx_HAL_Driver\Src\stm32h7xx_hal_dma.c 0x00000000   Number         0  stm32h7xx_hal_dma.o ABSOLUTE
    ..\Drivers\STM32H7xx_HAL_Driver\Src\stm32h7xx_hal_dma_ex.c 0x00000000   Number         0  stm32h7xx_hal_dma_ex.o ABSOLUTE
    ..\Drivers\STM32H7xx_HAL_Driver\Src\stm32h7xx_hal_exti.c 0x00000000   Number         0  stm32h7xx_hal_exti.o ABSOLUTE
    ..\Drivers\STM32H7xx_HAL_Driver\Src\stm32h7xx_hal_flash.c 0x00000000   Number         0  stm32h7xx_hal_flash.o ABSOLUTE
    ..\Drivers\STM32H7xx_HAL_Driver\Src\stm32h7xx_hal_flash_ex.c 0x00000000   Number         0  stm32h7xx_hal_flash_ex.o ABSOLUTE
    ..\Drivers\STM32H7xx_HAL_Driver\Src\stm32h7xx_hal_gpio.c 0x00000000   Number         0  stm32h7xx_hal_gpio.o ABSOLUTE
    ..\Drivers\STM32H7xx_HAL_Driver\Src\stm32h7xx_hal_hsem.c 0x00000000   Number         0  stm32h7xx_hal_hsem.o ABSOLUTE
    ..\Drivers\STM32H7xx_HAL_Driver\Src\stm32h7xx_hal_i2c.c 0x00000000   Number         0  stm32h7xx_hal_i2c.o ABSOLUTE
    ..\Drivers\STM32H7xx_HAL_Driver\Src\stm32h7xx_hal_i2c_ex.c 0x00000000   Number         0  stm32h7xx_hal_i2c_ex.o ABSOLUTE
    ..\Drivers\STM32H7xx_HAL_Driver\Src\stm32h7xx_hal_mdma.c 0x00000000   Number         0  stm32h7xx_hal_mdma.o ABSOLUTE
    ..\Drivers\STM32H7xx_HAL_Driver\Src\stm32h7xx_hal_pwr.c 0x00000000   Number         0  stm32h7xx_hal_pwr.o ABSOLUTE
    ..\Drivers\STM32H7xx_HAL_Driver\Src\stm32h7xx_hal_pwr_ex.c 0x00000000   Number         0  stm32h7xx_hal_pwr_ex.o ABSOLUTE
    ..\Drivers\STM32H7xx_HAL_Driver\Src\stm32h7xx_hal_rcc.c 0x00000000   Number         0  stm32h7xx_hal_rcc.o ABSOLUTE
    ..\Drivers\STM32H7xx_HAL_Driver\Src\stm32h7xx_hal_rcc_ex.c 0x00000000   Number         0  stm32h7xx_hal_rcc_ex.o ABSOLUTE
    ..\Drivers\STM32H7xx_HAL_Driver\Src\stm32h7xx_hal_tim.c 0x00000000   Number         0  stm32h7xx_hal_tim.o ABSOLUTE
    ..\Drivers\STM32H7xx_HAL_Driver\Src\stm32h7xx_hal_tim_ex.c 0x00000000   Number         0  stm32h7xx_hal_tim_ex.o ABSOLUTE
    ..\Drivers\STM32H7xx_HAL_Driver\Src\stm32h7xx_hal_uart.c 0x00000000   Number         0  stm32h7xx_hal_uart.o ABSOLUTE
    ..\Drivers\STM32H7xx_HAL_Driver\Src\stm32h7xx_hal_uart_ex.c 0x00000000   Number         0  stm32h7xx_hal_uart_ex.o ABSOLUTE
    cdrcmple.s                               0x00000000   Number         0  cdrcmple.o ABSOLUTE
    dc.s                                     0x00000000   Number         0  dc.o ABSOLUTE
    handlers.s                               0x00000000   Number         0  handlers.o ABSOLUTE
    init.s                                   0x00000000   Number         0  init.o ABSOLUTE
    startup_stm32h743xx.s                    0x00000000   Number         0  startup_stm32h743xx.o ABSOLUTE
    RESET                                    0x08000000   Section      664  startup_stm32h743xx.o(RESET)
    .ARM.Collect$$$$00000000                 0x08000298   Section        0  entry.o(.ARM.Collect$$$$00000000)
    .ARM.Collect$$$$00000001                 0x08000298   Section        4  entry2.o(.ARM.Collect$$$$00000001)
    .ARM.Collect$$$$00000004                 0x0800029c   Section        4  entry5.o(.ARM.Collect$$$$00000004)
    .ARM.Collect$$$$00000008                 0x080002a0   Section        0  entry7b.o(.ARM.Collect$$$$00000008)
    .ARM.Collect$$$$0000000A                 0x080002a0   Section        0  entry8b.o(.ARM.Collect$$$$0000000A)
    .ARM.Collect$$$$0000000B                 0x080002a0   Section        8  entry9a.o(.ARM.Collect$$$$0000000B)
    .ARM.Collect$$$$0000000D                 0x080002a8   Section        0  entry10a.o(.ARM.Collect$$$$0000000D)
    .ARM.Collect$$$$0000000F                 0x080002a8   Section        0  entry11a.o(.ARM.Collect$$$$0000000F)
    .ARM.Collect$$$$00002712                 0x080002a8   Section        4  entry2.o(.ARM.Collect$$$$00002712)
    __lit__00000000                          0x080002a8   Data           4  entry2.o(.ARM.Collect$$$$00002712)
    .text                                    0x080002ac   Section       36  startup_stm32h743xx.o(.text)
    $v0                                      0x080002ac   Number         0  startup_stm32h743xx.o(.text)
    .text                                    0x080002d0   Section        0  uldiv.o(.text)
    .text                                    0x08000332   Section        0  memseta.o(.text)
    .text                                    0x08000356   Section        0  uidiv.o(.text)
    .text                                    0x08000382   Section        0  llshl.o(.text)
    .text                                    0x080003a0   Section        0  llushr.o(.text)
    .text                                    0x080003c0   Section        0  dadd.o(.text)
    .text                                    0x080003c0   Section        0  iusefp.o(.text)
    .text                                    0x0800050e   Section        0  dmul.o(.text)
    .text                                    0x080005f2   Section        0  ddiv.o(.text)
    .text                                    0x080006d0   Section        0  dfixul.o(.text)
    .text                                    0x08000700   Section       48  cdrcmple.o(.text)
    .text                                    0x08000730   Section       36  init.o(.text)
    .text                                    0x08000754   Section        0  semi.o(.text)
    .text                                    0x08000754   Section        0  llsshr.o(.text)
    .text                                    0x08000778   Section        0  iusesemip.o(.text)
    .text                                    0x08000778   Section        0  depilogue.o(.text)
    i.ADC_ConfigureBoostMode                 0x08000834   Section        0  stm32h7xx_hal_adc.o(i.ADC_ConfigureBoostMode)
    i.ADC_DMAConvCplt                        0x08000998   Section        0  stm32h7xx_hal_adc.o(i.ADC_DMAConvCplt)
    i.ADC_DMAError                           0x08000a2a   Section        0  stm32h7xx_hal_adc.o(i.ADC_DMAError)
    i.ADC_DMAHalfConvCplt                    0x08000a48   Section        0  stm32h7xx_hal_adc.o(i.ADC_DMAHalfConvCplt)
    i.ADC_Enable                             0x08000a58   Section        0  stm32h7xx_hal_adc.o(i.ADC_Enable)
    i.BusFault_Handler                       0x08000b24   Section        0  stm32h7xx_it.o(i.BusFault_Handler)
    i.DMA1_Stream0_IRQHandler                0x08000b28   Section        0  stm32h7xx_it.o(i.DMA1_Stream0_IRQHandler)
    i.DMA1_Stream1_IRQHandler                0x08000b38   Section        0  stm32h7xx_it.o(i.DMA1_Stream1_IRQHandler)
    i.DMA_CalcBaseAndBitshift                0x08000b50   Section        0  stm32h7xx_hal_dma.o(i.DMA_CalcBaseAndBitshift)
    DMA_CalcBaseAndBitshift                  0x08000b51   Thumb Code   224  stm32h7xx_hal_dma.o(i.DMA_CalcBaseAndBitshift)
    i.DMA_CalcDMAMUXChannelBaseAndMask       0x08000c3c   Section        0  stm32h7xx_hal_dma.o(i.DMA_CalcDMAMUXChannelBaseAndMask)
    DMA_CalcDMAMUXChannelBaseAndMask         0x08000c3d   Thumb Code   178  stm32h7xx_hal_dma.o(i.DMA_CalcDMAMUXChannelBaseAndMask)
    i.DMA_CalcDMAMUXRequestGenBaseAndMask    0x08000d00   Section        0  stm32h7xx_hal_dma.o(i.DMA_CalcDMAMUXRequestGenBaseAndMask)
    DMA_CalcDMAMUXRequestGenBaseAndMask      0x08000d01   Thumb Code   140  stm32h7xx_hal_dma.o(i.DMA_CalcDMAMUXRequestGenBaseAndMask)
    i.DMA_CheckFifoParam                     0x08000d98   Section        0  stm32h7xx_hal_dma.o(i.DMA_CheckFifoParam)
    DMA_CheckFifoParam                       0x08000d99   Thumb Code   174  stm32h7xx_hal_dma.o(i.DMA_CheckFifoParam)
    i.DMA_SetConfig                          0x08000e48   Section        0  stm32h7xx_hal_dma.o(i.DMA_SetConfig)
    DMA_SetConfig                            0x08000e49   Thumb Code   614  stm32h7xx_hal_dma.o(i.DMA_SetConfig)
    i.DebugMon_Handler                       0x080010bc   Section        0  stm32h7xx_it.o(i.DebugMon_Handler)
    i.Error_Handler                          0x080010be   Section        0  main.o(i.Error_Handler)
    i.HAL_ADCEx_MultiModeConfigChannel       0x080010c4   Section        0  stm32h7xx_hal_adc_ex.o(i.HAL_ADCEx_MultiModeConfigChannel)
    i.HAL_ADC_ConfigChannel                  0x08001228   Section        0  stm32h7xx_hal_adc.o(i.HAL_ADC_ConfigChannel)
    i.HAL_ADC_ConvCpltCallback               0x0800176c   Section        0  main.o(i.HAL_ADC_ConvCpltCallback)
    i.HAL_ADC_ConvHalfCpltCallback           0x08001778   Section        0  stm32h7xx_hal_adc.o(i.HAL_ADC_ConvHalfCpltCallback)
    i.HAL_ADC_ErrorCallback                  0x0800177a   Section        0  stm32h7xx_hal_adc.o(i.HAL_ADC_ErrorCallback)
    i.HAL_ADC_Init                           0x0800177c   Section        0  stm32h7xx_hal_adc.o(i.HAL_ADC_Init)
    i.HAL_ADC_MspInit                        0x08001a08   Section        0  adc.o(i.HAL_ADC_MspInit)
    i.HAL_ADC_Start_DMA                      0x08001b00   Section        0  stm32h7xx_hal_adc.o(i.HAL_ADC_Start_DMA)
    i.HAL_DAC_ConfigChannel                  0x08001c34   Section        0  stm32h7xx_hal_dac.o(i.HAL_DAC_ConfigChannel)
    i.HAL_DAC_Init                           0x08001dfc   Section        0  stm32h7xx_hal_dac.o(i.HAL_DAC_Init)
    i.HAL_DAC_MspInit                        0x08001e24   Section        0  dac.o(i.HAL_DAC_MspInit)
    i.HAL_DMA_Abort                          0x08001ee4   Section        0  stm32h7xx_hal_dma.o(i.HAL_DMA_Abort)
    i.HAL_DMA_Abort_IT                       0x080023c0   Section        0  stm32h7xx_hal_dma.o(i.HAL_DMA_Abort_IT)
    i.HAL_DMA_IRQHandler                     0x08002758   Section        0  stm32h7xx_hal_dma.o(i.HAL_DMA_IRQHandler)
    i.HAL_DMA_Init                           0x08003250   Section        0  stm32h7xx_hal_dma.o(i.HAL_DMA_Init)
    i.HAL_DMA_Start_IT                       0x08003770   Section        0  stm32h7xx_hal_dma.o(i.HAL_DMA_Start_IT)
    i.HAL_Delay                              0x08003b50   Section        0  stm32h7xx_hal.o(i.HAL_Delay)
    i.HAL_GPIO_Init                          0x08003b78   Section        0  stm32h7xx_hal_gpio.o(i.HAL_GPIO_Init)
    i.HAL_GPIO_WritePin                      0x08003d74   Section        0  stm32h7xx_hal_gpio.o(i.HAL_GPIO_WritePin)
    i.HAL_GetREVID                           0x08003d80   Section        0  stm32h7xx_hal.o(i.HAL_GetREVID)
    i.HAL_GetTick                            0x08003d8c   Section        0  stm32h7xx_hal.o(i.HAL_GetTick)
    i.HAL_IncTick                            0x08003d98   Section        0  stm32h7xx_hal.o(i.HAL_IncTick)
    i.HAL_Init                               0x08003db0   Section        0  stm32h7xx_hal.o(i.HAL_Init)
    i.HAL_InitTick                           0x08003e10   Section        0  stm32h7xx_hal.o(i.HAL_InitTick)
    i.HAL_MPU_ConfigRegion                   0x08003e68   Section        0  stm32h7xx_hal_cortex.o(i.HAL_MPU_ConfigRegion)
    i.HAL_MPU_Disable                        0x08003ec4   Section        0  stm32h7xx_hal_cortex.o(i.HAL_MPU_Disable)
    i.HAL_MPU_Enable                         0x08003ef0   Section        0  stm32h7xx_hal_cortex.o(i.HAL_MPU_Enable)
    i.HAL_MspInit                            0x08003f30   Section        0  stm32h7xx_hal_msp.o(i.HAL_MspInit)
    i.HAL_NVIC_EnableIRQ                     0x08003f54   Section        0  stm32h7xx_hal_cortex.o(i.HAL_NVIC_EnableIRQ)
    i.HAL_NVIC_SetPriority                   0x08003f7c   Section        0  stm32h7xx_hal_cortex.o(i.HAL_NVIC_SetPriority)
    i.HAL_NVIC_SetPriorityGrouping           0x08003ff8   Section        0  stm32h7xx_hal_cortex.o(i.HAL_NVIC_SetPriorityGrouping)
    i.HAL_PWREx_ConfigSupply                 0x08004020   Section        0  stm32h7xx_hal_pwr_ex.o(i.HAL_PWREx_ConfigSupply)
    i.HAL_RCCEx_GetD3PCLK1Freq               0x08004080   Section        0  stm32h7xx_hal_rcc_ex.o(i.HAL_RCCEx_GetD3PCLK1Freq)
    i.HAL_RCCEx_GetPLL1ClockFreq             0x080040a4   Section        0  stm32h7xx_hal_rcc_ex.o(i.HAL_RCCEx_GetPLL1ClockFreq)
    i.HAL_RCCEx_GetPLL2ClockFreq             0x080042d4   Section        0  stm32h7xx_hal_rcc_ex.o(i.HAL_RCCEx_GetPLL2ClockFreq)
    i.HAL_RCCEx_GetPLL3ClockFreq             0x08004504   Section        0  stm32h7xx_hal_rcc_ex.o(i.HAL_RCCEx_GetPLL3ClockFreq)
    i.HAL_RCCEx_GetPeriphCLKFreq             0x08004734   Section        0  stm32h7xx_hal_rcc_ex.o(i.HAL_RCCEx_GetPeriphCLKFreq)
    i.HAL_RCCEx_PeriphCLKConfig              0x08004fe4   Section        0  stm32h7xx_hal_rcc_ex.o(i.HAL_RCCEx_PeriphCLKConfig)
    i.HAL_RCC_ClockConfig                    0x08005d4c   Section        0  stm32h7xx_hal_rcc.o(i.HAL_RCC_ClockConfig)
    i.HAL_RCC_GetHCLKFreq                    0x0800606c   Section        0  stm32h7xx_hal_rcc.o(i.HAL_RCC_GetHCLKFreq)
    i.HAL_RCC_GetPCLK1Freq                   0x080060b8   Section        0  stm32h7xx_hal_rcc.o(i.HAL_RCC_GetPCLK1Freq)
    i.HAL_RCC_GetPCLK2Freq                   0x080060dc   Section        0  stm32h7xx_hal_rcc.o(i.HAL_RCC_GetPCLK2Freq)
    i.HAL_RCC_GetSysClockFreq                0x08006100   Section        0  stm32h7xx_hal_rcc.o(i.HAL_RCC_GetSysClockFreq)
    i.HAL_RCC_OscConfig                      0x0800632c   Section        0  stm32h7xx_hal_rcc.o(i.HAL_RCC_OscConfig)
    i.HAL_SYSTICK_Config                     0x08006b8c   Section        0  stm32h7xx_hal_cortex.o(i.HAL_SYSTICK_Config)
    i.HAL_TIMEx_MasterConfigSynchronization  0x08006bc0   Section        0  stm32h7xx_hal_tim_ex.o(i.HAL_TIMEx_MasterConfigSynchronization)
    i.HAL_TIM_Base_Init                      0x08006c8c   Section        0  stm32h7xx_hal_tim.o(i.HAL_TIM_Base_Init)
    i.HAL_TIM_Base_MspInit                   0x08006cfc   Section        0  tim.o(i.HAL_TIM_Base_MspInit)
    i.HAL_TIM_Base_Start                     0x08006d58   Section        0  stm32h7xx_hal_tim.o(i.HAL_TIM_Base_Start)
    i.HAL_TIM_ConfigClockSource              0x08006e00   Section        0  stm32h7xx_hal_tim.o(i.HAL_TIM_ConfigClockSource)
    i.HAL_UARTEx_DisableFifoMode             0x08006f34   Section        0  stm32h7xx_hal_uart_ex.o(i.HAL_UARTEx_DisableFifoMode)
    i.HAL_UARTEx_RxEventCallback             0x08006f82   Section        0  stm32h7xx_hal_uart.o(i.HAL_UARTEx_RxEventCallback)
    i.HAL_UARTEx_RxFifoFullCallback          0x08006f84   Section        0  stm32h7xx_hal_uart_ex.o(i.HAL_UARTEx_RxFifoFullCallback)
    i.HAL_UARTEx_SetRxFifoThreshold          0x08006f86   Section        0  stm32h7xx_hal_uart_ex.o(i.HAL_UARTEx_SetRxFifoThreshold)
    i.HAL_UARTEx_SetTxFifoThreshold          0x08006fe4   Section        0  stm32h7xx_hal_uart_ex.o(i.HAL_UARTEx_SetTxFifoThreshold)
    i.HAL_UARTEx_TxFifoEmptyCallback         0x08007042   Section        0  stm32h7xx_hal_uart_ex.o(i.HAL_UARTEx_TxFifoEmptyCallback)
    i.HAL_UARTEx_WakeupCallback              0x08007044   Section        0  stm32h7xx_hal_uart_ex.o(i.HAL_UARTEx_WakeupCallback)
    i.HAL_UART_ErrorCallback                 0x08007046   Section        0  stm32h7xx_hal_uart.o(i.HAL_UART_ErrorCallback)
    i.HAL_UART_IRQHandler                    0x08007048   Section        0  stm32h7xx_hal_uart.o(i.HAL_UART_IRQHandler)
    i.HAL_UART_Init                          0x080074dc   Section        0  stm32h7xx_hal_uart.o(i.HAL_UART_Init)
    i.HAL_UART_MspInit                       0x08007554   Section        0  usart.o(i.HAL_UART_MspInit)
    i.HAL_UART_TxCpltCallback                0x08007600   Section        0  stm32h7xx_hal_uart.o(i.HAL_UART_TxCpltCallback)
    i.HardFault_Handler                      0x08007602   Section        0  stm32h7xx_it.o(i.HardFault_Handler)
    i.LL_ADC_Enable                          0x08007608   Section        0  stm32h7xx_hal_adc.o(i.LL_ADC_Enable)
    LL_ADC_Enable                            0x08007609   Thumb Code    12  stm32h7xx_hal_adc.o(i.LL_ADC_Enable)
    i.LL_ADC_GetMultimode                    0x08007618   Section        0  stm32h7xx_hal_adc.o(i.LL_ADC_GetMultimode)
    LL_ADC_GetMultimode                      0x08007619   Thumb Code    10  stm32h7xx_hal_adc.o(i.LL_ADC_GetMultimode)
    i.LL_ADC_INJ_IsConversionOngoing         0x08007622   Section        0  stm32h7xx_hal_adc.o(i.LL_ADC_INJ_IsConversionOngoing)
    LL_ADC_INJ_IsConversionOngoing           0x08007623   Thumb Code    10  stm32h7xx_hal_adc.o(i.LL_ADC_INJ_IsConversionOngoing)
    i.LL_ADC_IsEnabled                       0x0800762c   Section        0  stm32h7xx_hal_adc.o(i.LL_ADC_IsEnabled)
    LL_ADC_IsEnabled                         0x0800762d   Thumb Code    10  stm32h7xx_hal_adc.o(i.LL_ADC_IsEnabled)
    i.LL_ADC_IsEnabled                       0x08007636   Section        0  stm32h7xx_hal_adc_ex.o(i.LL_ADC_IsEnabled)
    LL_ADC_IsEnabled                         0x08007637   Thumb Code    10  stm32h7xx_hal_adc_ex.o(i.LL_ADC_IsEnabled)
    i.LL_ADC_IsInternalRegulatorEnabled      0x08007640   Section        0  stm32h7xx_hal_adc.o(i.LL_ADC_IsInternalRegulatorEnabled)
    LL_ADC_IsInternalRegulatorEnabled        0x08007641   Thumb Code    10  stm32h7xx_hal_adc.o(i.LL_ADC_IsInternalRegulatorEnabled)
    i.LL_ADC_REG_IsConversionOngoing         0x0800764a   Section        0  stm32h7xx_hal_adc.o(i.LL_ADC_REG_IsConversionOngoing)
    LL_ADC_REG_IsConversionOngoing           0x0800764b   Thumb Code    10  stm32h7xx_hal_adc.o(i.LL_ADC_REG_IsConversionOngoing)
    i.LL_ADC_REG_IsConversionOngoing         0x08007654   Section        0  stm32h7xx_hal_adc_ex.o(i.LL_ADC_REG_IsConversionOngoing)
    LL_ADC_REG_IsConversionOngoing           0x08007655   Thumb Code    10  stm32h7xx_hal_adc_ex.o(i.LL_ADC_REG_IsConversionOngoing)
    i.LL_ADC_REG_IsTriggerSourceSWStart      0x0800765e   Section        0  stm32h7xx_hal_adc.o(i.LL_ADC_REG_IsTriggerSourceSWStart)
    LL_ADC_REG_IsTriggerSourceSWStart        0x0800765f   Thumb Code    18  stm32h7xx_hal_adc.o(i.LL_ADC_REG_IsTriggerSourceSWStart)
    i.LL_ADC_REG_StartConversion             0x08007670   Section        0  stm32h7xx_hal_adc.o(i.LL_ADC_REG_StartConversion)
    LL_ADC_REG_StartConversion               0x08007671   Thumb Code    12  stm32h7xx_hal_adc.o(i.LL_ADC_REG_StartConversion)
    i.LL_ADC_SetChannelSamplingTime          0x08007680   Section        0  stm32h7xx_hal_adc.o(i.LL_ADC_SetChannelSamplingTime)
    LL_ADC_SetChannelSamplingTime            0x08007681   Thumb Code    40  stm32h7xx_hal_adc.o(i.LL_ADC_SetChannelSamplingTime)
    i.LL_ADC_SetCommonPathInternalCh         0x080076a8   Section        0  stm32h7xx_hal_adc.o(i.LL_ADC_SetCommonPathInternalCh)
    LL_ADC_SetCommonPathInternalCh           0x080076a9   Thumb Code    12  stm32h7xx_hal_adc.o(i.LL_ADC_SetCommonPathInternalCh)
    i.MPU_Config                             0x080076b4   Section        0  main.o(i.MPU_Config)
    MPU_Config                               0x080076b5   Thumb Code   188  main.o(i.MPU_Config)
    i.MX_ADC1_Init                           0x08007778   Section        0  adc.o(i.MX_ADC1_Init)
    i.MX_DAC1_Init                           0x08007824   Section        0  dac.o(i.MX_DAC1_Init)
    i.MX_DMA_Init                            0x08007870   Section        0  dma.o(i.MX_DMA_Init)
    i.MX_GPIO_Init                           0x080078b4   Section        0  gpio.o(i.MX_GPIO_Init)
    i.MX_TIM15_Init                          0x08007958   Section        0  tim.o(i.MX_TIM15_Init)
    i.MX_TIM7_Init                           0x080079cc   Section        0  tim.o(i.MX_TIM7_Init)
    i.MX_USART1_UART_Init                    0x08007a18   Section        0  usart.o(i.MX_USART1_UART_Init)
    i.MemManage_Handler                      0x08007a84   Section        0  stm32h7xx_it.o(i.MemManage_Handler)
    i.NMI_Handler                            0x08007a88   Section        0  stm32h7xx_it.o(i.NMI_Handler)
    i.PendSV_Handler                         0x08007a8c   Section        0  stm32h7xx_it.o(i.PendSV_Handler)
    i.RCCEx_PLL2_Config                      0x08007a90   Section        0  stm32h7xx_hal_rcc_ex.o(i.RCCEx_PLL2_Config)
    RCCEx_PLL2_Config                        0x08007a91   Thumb Code   350  stm32h7xx_hal_rcc_ex.o(i.RCCEx_PLL2_Config)
    i.RCCEx_PLL3_Config                      0x08007bf4   Section        0  stm32h7xx_hal_rcc_ex.o(i.RCCEx_PLL3_Config)
    RCCEx_PLL3_Config                        0x08007bf5   Thumb Code   350  stm32h7xx_hal_rcc_ex.o(i.RCCEx_PLL3_Config)
    i.SVC_Handler                            0x08007d58   Section        0  stm32h7xx_it.o(i.SVC_Handler)
    i.SysTick_Handler                        0x08007d5a   Section        0  stm32h7xx_it.o(i.SysTick_Handler)
    i.SystemClock_Config                     0x08007d64   Section        0  main.o(i.SystemClock_Config)
    i.SystemInit                             0x08007e98   Section        0  system_stm32h7xx.o(i.SystemInit)
    i.TIM_Base_SetConfig                     0x08007f94   Section        0  stm32h7xx_hal_tim.o(i.TIM_Base_SetConfig)
    i.TIM_ETR_SetConfig                      0x08008060   Section        0  stm32h7xx_hal_tim.o(i.TIM_ETR_SetConfig)
    i.TIM_ITRx_SetConfig                     0x08008078   Section        0  stm32h7xx_hal_tim.o(i.TIM_ITRx_SetConfig)
    TIM_ITRx_SetConfig                       0x08008079   Thumb Code    18  stm32h7xx_hal_tim.o(i.TIM_ITRx_SetConfig)
    i.TIM_TI1_ConfigInputStage               0x08008090   Section        0  stm32h7xx_hal_tim.o(i.TIM_TI1_ConfigInputStage)
    TIM_TI1_ConfigInputStage                 0x08008091   Thumb Code    38  stm32h7xx_hal_tim.o(i.TIM_TI1_ConfigInputStage)
    i.TIM_TI2_ConfigInputStage               0x080080b6   Section        0  stm32h7xx_hal_tim.o(i.TIM_TI2_ConfigInputStage)
    TIM_TI2_ConfigInputStage                 0x080080b7   Thumb Code    40  stm32h7xx_hal_tim.o(i.TIM_TI2_ConfigInputStage)
    i.UARTEx_SetNbDataToProcess              0x080080e0   Section        0  stm32h7xx_hal_uart_ex.o(i.UARTEx_SetNbDataToProcess)
    UARTEx_SetNbDataToProcess                0x080080e1   Thumb Code    78  stm32h7xx_hal_uart_ex.o(i.UARTEx_SetNbDataToProcess)
    i.UART_AdvFeatureConfig                  0x08008138   Section        0  stm32h7xx_hal_uart.o(i.UART_AdvFeatureConfig)
    i.UART_CheckIdleState                    0x08008230   Section        0  stm32h7xx_hal_uart.o(i.UART_CheckIdleState)
    i.UART_DMAAbortOnError                   0x0800831a   Section        0  stm32h7xx_hal_uart.o(i.UART_DMAAbortOnError)
    UART_DMAAbortOnError                     0x0800831b   Thumb Code    24  stm32h7xx_hal_uart.o(i.UART_DMAAbortOnError)
    i.UART_EndRxTransfer                     0x08008334   Section        0  stm32h7xx_hal_uart.o(i.UART_EndRxTransfer)
    UART_EndRxTransfer                       0x08008335   Thumb Code   104  stm32h7xx_hal_uart.o(i.UART_EndRxTransfer)
    i.UART_EndTransmit_IT                    0x080083a0   Section        0  stm32h7xx_hal_uart.o(i.UART_EndTransmit_IT)
    UART_EndTransmit_IT                      0x080083a1   Thumb Code    48  stm32h7xx_hal_uart.o(i.UART_EndTransmit_IT)
    i.UART_SetConfig                         0x080083d0   Section        0  stm32h7xx_hal_uart.o(i.UART_SetConfig)
    i.UART_WaitOnFlagUntilTimeout            0x0800895c   Section        0  stm32h7xx_hal_uart.o(i.UART_WaitOnFlagUntilTimeout)
    i.USART1_IRQHandler                      0x08008a00   Section        0  stm32h7xx_it.o(i.USART1_IRQHandler)
    i.UsageFault_Handler                     0x08008a10   Section        0  stm32h7xx_it.o(i.UsageFault_Handler)
    i.__0printf                              0x08008a14   Section        0  printfa.o(i.__0printf)
    i.__NVIC_GetPriorityGrouping             0x08008a34   Section        0  stm32h7xx_hal_cortex.o(i.__NVIC_GetPriorityGrouping)
    __NVIC_GetPriorityGrouping               0x08008a35   Thumb Code    10  stm32h7xx_hal_cortex.o(i.__NVIC_GetPriorityGrouping)
    i.__NVIC_SetPriority                     0x08008a44   Section        0  stm32h7xx_hal_cortex.o(i.__NVIC_SetPriority)
    __NVIC_SetPriority                       0x08008a45   Thumb Code    32  stm32h7xx_hal_cortex.o(i.__NVIC_SetPriority)
    i.__scatterload_copy                     0x08008a6c   Section       14  handlers.o(i.__scatterload_copy)
    i.__scatterload_null                     0x08008a7a   Section        2  handlers.o(i.__scatterload_null)
    i.__scatterload_zeroinit                 0x08008a7c   Section       14  handlers.o(i.__scatterload_zeroinit)
    i._fp_digits                             0x08008a8c   Section        0  printfa.o(i._fp_digits)
    _fp_digits                               0x08008a8d   Thumb Code   366  printfa.o(i._fp_digits)
    i._printf_core                           0x08008c10   Section        0  printfa.o(i._printf_core)
    _printf_core                             0x08008c11   Thumb Code  1744  printfa.o(i._printf_core)
    i._printf_post_padding                   0x080092ec   Section        0  printfa.o(i._printf_post_padding)
    _printf_post_padding                     0x080092ed   Thumb Code    36  printfa.o(i._printf_post_padding)
    i._printf_pre_padding                    0x08009310   Section        0  printfa.o(i._printf_pre_padding)
    _printf_pre_padding                      0x08009311   Thumb Code    46  printfa.o(i._printf_pre_padding)
    i.fputc                                  0x0800933e   Section        0  fputc.o(i.fputc)
    i.main                                   0x08009350   Section        0  main.o(i.main)
    .constdata                               0x08009524   Section        8  stm32h7xx_hal_dma.o(.constdata)
    flagBitshiftOffset                       0x08009524   Data           8  stm32h7xx_hal_dma.o(.constdata)
    .constdata                               0x0800952c   Section       24  stm32h7xx_hal_uart.o(.constdata)
    .constdata                               0x08009544   Section       16  stm32h7xx_hal_uart_ex.o(.constdata)
    numerator                                0x08009544   Data           8  stm32h7xx_hal_uart_ex.o(.constdata)
    denominator                              0x0800954c   Data           8  stm32h7xx_hal_uart_ex.o(.constdata)
    .constdata                               0x08009554   Section       16  system_stm32h7xx.o(.constdata)
    .data                                    0x24000000   Section        1  main.o(.data)
    .data                                    0x24000004   Section        9  stm32h7xx_hal.o(.data)
    .data                                    0x24000010   Section        8  system_stm32h7xx.o(.data)
    .data                                    0x24000018   Section        4  stdout.o(.data)
    .bss                                     0x2400001c   Section      400  main.o(.bss)
    .bss                                     0x240001ac   Section      220  adc.o(.bss)
    .bss                                     0x24000288   Section      140  dac.o(.bss)
    .bss                                     0x24000314   Section      152  tim.o(.bss)
    .bss                                     0x240003ac   Section      148  usart.o(.bss)
    STACK                                    0x24000440   Section    29696  startup_stm32h743xx.o(STACK)

    Global Symbols

    Symbol Name                              Value     Ov Type        Size  Object(Section)

    BuildAttributes$$THM_ISAv4$E$P$D$K$B$S$7EM$VFPv5_D16$PE$PLD8$A:L22UL41UL21$X:L11$S22US41US21$IEEE1$IW$USESV6$~STKCKD$USESV7$~SHL$OSPACE$ROPI$EBA8$MICROLIB$REQ8$PRES8$EABIv2 0x00000000   Number         0  anon$$obj.o ABSOLUTE
    __ARM_use_no_argv                        0x00000000   Number         0  main.o ABSOLUTE
    _printf_a                                0x00000000   Number         0  stubs.o ABSOLUTE
    _printf_c                                0x00000000   Number         0  stubs.o ABSOLUTE
    _printf_charcount                        0x00000000   Number         0  stubs.o ABSOLUTE
    _printf_d                                0x00000000   Number         0  stubs.o ABSOLUTE
    _printf_e                                0x00000000   Number         0  stubs.o ABSOLUTE
    _printf_f                                0x00000000   Number         0  stubs.o ABSOLUTE
    _printf_flags                            0x00000000   Number         0  stubs.o ABSOLUTE
    _printf_fp_dec                           0x00000000   Number         0  stubs.o ABSOLUTE
    _printf_fp_hex                           0x00000000   Number         0  stubs.o ABSOLUTE
    _printf_g                                0x00000000   Number         0  stubs.o ABSOLUTE
    _printf_i                                0x00000000   Number         0  stubs.o ABSOLUTE
    _printf_int_dec                          0x00000000   Number         0  stubs.o ABSOLUTE
    _printf_l                                0x00000000   Number         0  stubs.o ABSOLUTE
    _printf_lc                               0x00000000   Number         0  stubs.o ABSOLUTE
    _printf_ll                               0x00000000   Number         0  stubs.o ABSOLUTE
    _printf_lld                              0x00000000   Number         0  stubs.o ABSOLUTE
    _printf_lli                              0x00000000   Number         0  stubs.o ABSOLUTE
    _printf_llo                              0x00000000   Number         0  stubs.o ABSOLUTE
    _printf_llu                              0x00000000   Number         0  stubs.o ABSOLUTE
    _printf_llx                              0x00000000   Number         0  stubs.o ABSOLUTE
    _printf_longlong_dec                     0x00000000   Number         0  stubs.o ABSOLUTE
    _printf_longlong_hex                     0x00000000   Number         0  stubs.o ABSOLUTE
    _printf_longlong_oct                     0x00000000   Number         0  stubs.o ABSOLUTE
    _printf_ls                               0x00000000   Number         0  stubs.o ABSOLUTE
    _printf_mbtowc                           0x00000000   Number         0  stubs.o ABSOLUTE
    _printf_n                                0x00000000   Number         0  stubs.o ABSOLUTE
    _printf_o                                0x00000000   Number         0  stubs.o ABSOLUTE
    _printf_p                                0x00000000   Number         0  stubs.o ABSOLUTE
    _printf_percent                          0x00000000   Number         0  stubs.o ABSOLUTE
    _printf_pre_padding                      0x00000000   Number         0  stubs.o ABSOLUTE
    _printf_return_value                     0x00000000   Number         0  stubs.o ABSOLUTE
    _printf_s                                0x00000000   Number         0  stubs.o ABSOLUTE
    _printf_sizespec                         0x00000000   Number         0  stubs.o ABSOLUTE
    _printf_str                              0x00000000   Number         0  stubs.o ABSOLUTE
    _printf_truncate_signed                  0x00000000   Number         0  stubs.o ABSOLUTE
    _printf_truncate_unsigned                0x00000000   Number         0  stubs.o ABSOLUTE
    _printf_u                                0x00000000   Number         0  stubs.o ABSOLUTE
    _printf_wc                               0x00000000   Number         0  stubs.o ABSOLUTE
    _printf_wctomb                           0x00000000   Number         0  stubs.o ABSOLUTE
    _printf_widthprec                        0x00000000   Number         0  stubs.o ABSOLUTE
    _printf_x                                0x00000000   Number         0  stubs.o ABSOLUTE
    __cpp_initialize__aeabi_                  - Undefined Weak Reference
    __cxa_finalize                            - Undefined Weak Reference
    __decompress                              - Undefined Weak Reference
    _clock_init                               - Undefined Weak Reference
    _microlib_exit                            - Undefined Weak Reference
    __Vectors_Size                           0x00000298   Number         0  startup_stm32h743xx.o ABSOLUTE
    __Vectors                                0x08000000   Data           4  startup_stm32h743xx.o(RESET)
    __Vectors_End                            0x08000298   Data           0  startup_stm32h743xx.o(RESET)
    __main                                   0x08000299   Thumb Code     0  entry.o(.ARM.Collect$$$$00000000)
    _main_stk                                0x08000299   Thumb Code     0  entry2.o(.ARM.Collect$$$$00000001)
    _main_scatterload                        0x0800029d   Thumb Code     0  entry5.o(.ARM.Collect$$$$00000004)
    __main_after_scatterload                 0x080002a1   Thumb Code     0  entry5.o(.ARM.Collect$$$$00000004)
    _main_clock                              0x080002a1   Thumb Code     0  entry7b.o(.ARM.Collect$$$$00000008)
    _main_cpp_init                           0x080002a1   Thumb Code     0  entry8b.o(.ARM.Collect$$$$0000000A)
    _main_init                               0x080002a1   Thumb Code     0  entry9a.o(.ARM.Collect$$$$0000000B)
    __rt_final_cpp                           0x080002a9   Thumb Code     0  entry10a.o(.ARM.Collect$$$$0000000D)
    __rt_final_exit                          0x080002a9   Thumb Code     0  entry11a.o(.ARM.Collect$$$$0000000F)
    Reset_Handler                            0x080002ad   Thumb Code     8  startup_stm32h743xx.o(.text)
    ADC3_IRQHandler                          0x080002c7   Thumb Code     0  startup_stm32h743xx.o(.text)
    ADC_IRQHandler                           0x080002c7   Thumb Code     0  startup_stm32h743xx.o(.text)
    BDMA_Channel0_IRQHandler                 0x080002c7   Thumb Code     0  startup_stm32h743xx.o(.text)
    BDMA_Channel1_IRQHandler                 0x080002c7   Thumb Code     0  startup_stm32h743xx.o(.text)
    BDMA_Channel2_IRQHandler                 0x080002c7   Thumb Code     0  startup_stm32h743xx.o(.text)
    BDMA_Channel3_IRQHandler                 0x080002c7   Thumb Code     0  startup_stm32h743xx.o(.text)
    BDMA_Channel4_IRQHandler                 0x080002c7   Thumb Code     0  startup_stm32h743xx.o(.text)
    BDMA_Channel5_IRQHandler                 0x080002c7   Thumb Code     0  startup_stm32h743xx.o(.text)
    BDMA_Channel6_IRQHandler                 0x080002c7   Thumb Code     0  startup_stm32h743xx.o(.text)
    BDMA_Channel7_IRQHandler                 0x080002c7   Thumb Code     0  startup_stm32h743xx.o(.text)
    CEC_IRQHandler                           0x080002c7   Thumb Code     0  startup_stm32h743xx.o(.text)
    COMP1_IRQHandler                         0x080002c7   Thumb Code     0  startup_stm32h743xx.o(.text)
    CRS_IRQHandler                           0x080002c7   Thumb Code     0  startup_stm32h743xx.o(.text)
    DCMI_IRQHandler                          0x080002c7   Thumb Code     0  startup_stm32h743xx.o(.text)
    DFSDM1_FLT0_IRQHandler                   0x080002c7   Thumb Code     0  startup_stm32h743xx.o(.text)
    DFSDM1_FLT1_IRQHandler                   0x080002c7   Thumb Code     0  startup_stm32h743xx.o(.text)
    DFSDM1_FLT2_IRQHandler                   0x080002c7   Thumb Code     0  startup_stm32h743xx.o(.text)
    DFSDM1_FLT3_IRQHandler                   0x080002c7   Thumb Code     0  startup_stm32h743xx.o(.text)
    DMA1_Stream2_IRQHandler                  0x080002c7   Thumb Code     0  startup_stm32h743xx.o(.text)
    DMA1_Stream3_IRQHandler                  0x080002c7   Thumb Code     0  startup_stm32h743xx.o(.text)
    DMA1_Stream4_IRQHandler                  0x080002c7   Thumb Code     0  startup_stm32h743xx.o(.text)
    DMA1_Stream5_IRQHandler                  0x080002c7   Thumb Code     0  startup_stm32h743xx.o(.text)
    DMA1_Stream6_IRQHandler                  0x080002c7   Thumb Code     0  startup_stm32h743xx.o(.text)
    DMA1_Stream7_IRQHandler                  0x080002c7   Thumb Code     0  startup_stm32h743xx.o(.text)
    DMA2D_IRQHandler                         0x080002c7   Thumb Code     0  startup_stm32h743xx.o(.text)
    DMA2_Stream0_IRQHandler                  0x080002c7   Thumb Code     0  startup_stm32h743xx.o(.text)
    DMA2_Stream1_IRQHandler                  0x080002c7   Thumb Code     0  startup_stm32h743xx.o(.text)
    DMA2_Stream2_IRQHandler                  0x080002c7   Thumb Code     0  startup_stm32h743xx.o(.text)
    DMA2_Stream3_IRQHandler                  0x080002c7   Thumb Code     0  startup_stm32h743xx.o(.text)
    DMA2_Stream4_IRQHandler                  0x080002c7   Thumb Code     0  startup_stm32h743xx.o(.text)
    DMA2_Stream5_IRQHandler                  0x080002c7   Thumb Code     0  startup_stm32h743xx.o(.text)
    DMA2_Stream6_IRQHandler                  0x080002c7   Thumb Code     0  startup_stm32h743xx.o(.text)
    DMA2_Stream7_IRQHandler                  0x080002c7   Thumb Code     0  startup_stm32h743xx.o(.text)
    DMAMUX1_OVR_IRQHandler                   0x080002c7   Thumb Code     0  startup_stm32h743xx.o(.text)
    DMAMUX2_OVR_IRQHandler                   0x080002c7   Thumb Code     0  startup_stm32h743xx.o(.text)
    ECC_IRQHandler                           0x080002c7   Thumb Code     0  startup_stm32h743xx.o(.text)
    ETH_IRQHandler                           0x080002c7   Thumb Code     0  startup_stm32h743xx.o(.text)
    ETH_WKUP_IRQHandler                      0x080002c7   Thumb Code     0  startup_stm32h743xx.o(.text)
    EXTI0_IRQHandler                         0x080002c7   Thumb Code     0  startup_stm32h743xx.o(.text)
    EXTI15_10_IRQHandler                     0x080002c7   Thumb Code     0  startup_stm32h743xx.o(.text)
    EXTI1_IRQHandler                         0x080002c7   Thumb Code     0  startup_stm32h743xx.o(.text)
    EXTI2_IRQHandler                         0x080002c7   Thumb Code     0  startup_stm32h743xx.o(.text)
    EXTI3_IRQHandler                         0x080002c7   Thumb Code     0  startup_stm32h743xx.o(.text)
    EXTI4_IRQHandler                         0x080002c7   Thumb Code     0  startup_stm32h743xx.o(.text)
    EXTI9_5_IRQHandler                       0x080002c7   Thumb Code     0  startup_stm32h743xx.o(.text)
    FDCAN1_IT0_IRQHandler                    0x080002c7   Thumb Code     0  startup_stm32h743xx.o(.text)
    FDCAN1_IT1_IRQHandler                    0x080002c7   Thumb Code     0  startup_stm32h743xx.o(.text)
    FDCAN2_IT0_IRQHandler                    0x080002c7   Thumb Code     0  startup_stm32h743xx.o(.text)
    FDCAN2_IT1_IRQHandler                    0x080002c7   Thumb Code     0  startup_stm32h743xx.o(.text)
    FDCAN_CAL_IRQHandler                     0x080002c7   Thumb Code     0  startup_stm32h743xx.o(.text)
    FLASH_IRQHandler                         0x080002c7   Thumb Code     0  startup_stm32h743xx.o(.text)
    FMC_IRQHandler                           0x080002c7   Thumb Code     0  startup_stm32h743xx.o(.text)
    FPU_IRQHandler                           0x080002c7   Thumb Code     0  startup_stm32h743xx.o(.text)
    HRTIM1_FLT_IRQHandler                    0x080002c7   Thumb Code     0  startup_stm32h743xx.o(.text)
    HRTIM1_Master_IRQHandler                 0x080002c7   Thumb Code     0  startup_stm32h743xx.o(.text)
    HRTIM1_TIMA_IRQHandler                   0x080002c7   Thumb Code     0  startup_stm32h743xx.o(.text)
    HRTIM1_TIMB_IRQHandler                   0x080002c7   Thumb Code     0  startup_stm32h743xx.o(.text)
    HRTIM1_TIMC_IRQHandler                   0x080002c7   Thumb Code     0  startup_stm32h743xx.o(.text)
    HRTIM1_TIMD_IRQHandler                   0x080002c7   Thumb Code     0  startup_stm32h743xx.o(.text)
    HRTIM1_TIME_IRQHandler                   0x080002c7   Thumb Code     0  startup_stm32h743xx.o(.text)
    HSEM1_IRQHandler                         0x080002c7   Thumb Code     0  startup_stm32h743xx.o(.text)
    I2C1_ER_IRQHandler                       0x080002c7   Thumb Code     0  startup_stm32h743xx.o(.text)
    I2C1_EV_IRQHandler                       0x080002c7   Thumb Code     0  startup_stm32h743xx.o(.text)
    I2C2_ER_IRQHandler                       0x080002c7   Thumb Code     0  startup_stm32h743xx.o(.text)
    I2C2_EV_IRQHandler                       0x080002c7   Thumb Code     0  startup_stm32h743xx.o(.text)
    I2C3_ER_IRQHandler                       0x080002c7   Thumb Code     0  startup_stm32h743xx.o(.text)
    I2C3_EV_IRQHandler                       0x080002c7   Thumb Code     0  startup_stm32h743xx.o(.text)
    I2C4_ER_IRQHandler                       0x080002c7   Thumb Code     0  startup_stm32h743xx.o(.text)
    I2C4_EV_IRQHandler                       0x080002c7   Thumb Code     0  startup_stm32h743xx.o(.text)
    JPEG_IRQHandler                          0x080002c7   Thumb Code     0  startup_stm32h743xx.o(.text)
    LPTIM1_IRQHandler                        0x080002c7   Thumb Code     0  startup_stm32h743xx.o(.text)
    LPTIM2_IRQHandler                        0x080002c7   Thumb Code     0  startup_stm32h743xx.o(.text)
    LPTIM3_IRQHandler                        0x080002c7   Thumb Code     0  startup_stm32h743xx.o(.text)
    LPTIM4_IRQHandler                        0x080002c7   Thumb Code     0  startup_stm32h743xx.o(.text)
    LPTIM5_IRQHandler                        0x080002c7   Thumb Code     0  startup_stm32h743xx.o(.text)
    LPUART1_IRQHandler                       0x080002c7   Thumb Code     0  startup_stm32h743xx.o(.text)
    LTDC_ER_IRQHandler                       0x080002c7   Thumb Code     0  startup_stm32h743xx.o(.text)
    LTDC_IRQHandler                          0x080002c7   Thumb Code     0  startup_stm32h743xx.o(.text)
    MDIOS_IRQHandler                         0x080002c7   Thumb Code     0  startup_stm32h743xx.o(.text)
    MDIOS_WKUP_IRQHandler                    0x080002c7   Thumb Code     0  startup_stm32h743xx.o(.text)
    MDMA_IRQHandler                          0x080002c7   Thumb Code     0  startup_stm32h743xx.o(.text)
    OTG_FS_EP1_IN_IRQHandler                 0x080002c7   Thumb Code     0  startup_stm32h743xx.o(.text)
    OTG_FS_EP1_OUT_IRQHandler                0x080002c7   Thumb Code     0  startup_stm32h743xx.o(.text)
    OTG_FS_IRQHandler                        0x080002c7   Thumb Code     0  startup_stm32h743xx.o(.text)
    OTG_FS_WKUP_IRQHandler                   0x080002c7   Thumb Code     0  startup_stm32h743xx.o(.text)
    OTG_HS_EP1_IN_IRQHandler                 0x080002c7   Thumb Code     0  startup_stm32h743xx.o(.text)
    OTG_HS_EP1_OUT_IRQHandler                0x080002c7   Thumb Code     0  startup_stm32h743xx.o(.text)
    OTG_HS_IRQHandler                        0x080002c7   Thumb Code     0  startup_stm32h743xx.o(.text)
    OTG_HS_WKUP_IRQHandler                   0x080002c7   Thumb Code     0  startup_stm32h743xx.o(.text)
    PVD_AVD_IRQHandler                       0x080002c7   Thumb Code     0  startup_stm32h743xx.o(.text)
    QUADSPI_IRQHandler                       0x080002c7   Thumb Code     0  startup_stm32h743xx.o(.text)
    RCC_IRQHandler                           0x080002c7   Thumb Code     0  startup_stm32h743xx.o(.text)
    RNG_IRQHandler                           0x080002c7   Thumb Code     0  startup_stm32h743xx.o(.text)
    RTC_Alarm_IRQHandler                     0x080002c7   Thumb Code     0  startup_stm32h743xx.o(.text)
    RTC_WKUP_IRQHandler                      0x080002c7   Thumb Code     0  startup_stm32h743xx.o(.text)
    SAI1_IRQHandler                          0x080002c7   Thumb Code     0  startup_stm32h743xx.o(.text)
    SAI2_IRQHandler                          0x080002c7   Thumb Code     0  startup_stm32h743xx.o(.text)
    SAI3_IRQHandler                          0x080002c7   Thumb Code     0  startup_stm32h743xx.o(.text)
    SAI4_IRQHandler                          0x080002c7   Thumb Code     0  startup_stm32h743xx.o(.text)
    SDMMC1_IRQHandler                        0x080002c7   Thumb Code     0  startup_stm32h743xx.o(.text)
    SDMMC2_IRQHandler                        0x080002c7   Thumb Code     0  startup_stm32h743xx.o(.text)
    SPDIF_RX_IRQHandler                      0x080002c7   Thumb Code     0  startup_stm32h743xx.o(.text)
    SPI1_IRQHandler                          0x080002c7   Thumb Code     0  startup_stm32h743xx.o(.text)
    SPI2_IRQHandler                          0x080002c7   Thumb Code     0  startup_stm32h743xx.o(.text)
    SPI3_IRQHandler                          0x080002c7   Thumb Code     0  startup_stm32h743xx.o(.text)
    SPI4_IRQHandler                          0x080002c7   Thumb Code     0  startup_stm32h743xx.o(.text)
    SPI5_IRQHandler                          0x080002c7   Thumb Code     0  startup_stm32h743xx.o(.text)
    SPI6_IRQHandler                          0x080002c7   Thumb Code     0  startup_stm32h743xx.o(.text)
    SWPMI1_IRQHandler                        0x080002c7   Thumb Code     0  startup_stm32h743xx.o(.text)
    TAMP_STAMP_IRQHandler                    0x080002c7   Thumb Code     0  startup_stm32h743xx.o(.text)
    TIM15_IRQHandler                         0x080002c7   Thumb Code     0  startup_stm32h743xx.o(.text)
    TIM16_IRQHandler                         0x080002c7   Thumb Code     0  startup_stm32h743xx.o(.text)
    TIM17_IRQHandler                         0x080002c7   Thumb Code     0  startup_stm32h743xx.o(.text)
    TIM1_BRK_IRQHandler                      0x080002c7   Thumb Code     0  startup_stm32h743xx.o(.text)
    TIM1_CC_IRQHandler                       0x080002c7   Thumb Code     0  startup_stm32h743xx.o(.text)
    TIM1_TRG_COM_IRQHandler                  0x080002c7   Thumb Code     0  startup_stm32h743xx.o(.text)
    TIM1_UP_IRQHandler                       0x080002c7   Thumb Code     0  startup_stm32h743xx.o(.text)
    TIM2_IRQHandler                          0x080002c7   Thumb Code     0  startup_stm32h743xx.o(.text)
    TIM3_IRQHandler                          0x080002c7   Thumb Code     0  startup_stm32h743xx.o(.text)
    TIM4_IRQHandler                          0x080002c7   Thumb Code     0  startup_stm32h743xx.o(.text)
    TIM5_IRQHandler                          0x080002c7   Thumb Code     0  startup_stm32h743xx.o(.text)
    TIM6_DAC_IRQHandler                      0x080002c7   Thumb Code     0  startup_stm32h743xx.o(.text)
    TIM7_IRQHandler                          0x080002c7   Thumb Code     0  startup_stm32h743xx.o(.text)
    TIM8_BRK_TIM12_IRQHandler                0x080002c7   Thumb Code     0  startup_stm32h743xx.o(.text)
    TIM8_CC_IRQHandler                       0x080002c7   Thumb Code     0  startup_stm32h743xx.o(.text)
    TIM8_TRG_COM_TIM14_IRQHandler            0x080002c7   Thumb Code     0  startup_stm32h743xx.o(.text)
    TIM8_UP_TIM13_IRQHandler                 0x080002c7   Thumb Code     0  startup_stm32h743xx.o(.text)
    UART4_IRQHandler                         0x080002c7   Thumb Code     0  startup_stm32h743xx.o(.text)
    UART5_IRQHandler                         0x080002c7   Thumb Code     0  startup_stm32h743xx.o(.text)
    UART7_IRQHandler                         0x080002c7   Thumb Code     0  startup_stm32h743xx.o(.text)
    UART8_IRQHandler                         0x080002c7   Thumb Code     0  startup_stm32h743xx.o(.text)
    USART2_IRQHandler                        0x080002c7   Thumb Code     0  startup_stm32h743xx.o(.text)
    USART3_IRQHandler                        0x080002c7   Thumb Code     0  startup_stm32h743xx.o(.text)
    USART6_IRQHandler                        0x080002c7   Thumb Code     0  startup_stm32h743xx.o(.text)
    WAKEUP_PIN_IRQHandler                    0x080002c7   Thumb Code     0  startup_stm32h743xx.o(.text)
    WWDG_IRQHandler                          0x080002c7   Thumb Code     0  startup_stm32h743xx.o(.text)
    __aeabi_uldivmod                         0x080002d1   Thumb Code    98  uldiv.o(.text)
    __aeabi_memset                           0x08000333   Thumb Code    14  memseta.o(.text)
    __aeabi_memset4                          0x08000333   Thumb Code     0  memseta.o(.text)
    __aeabi_memset8                          0x08000333   Thumb Code     0  memseta.o(.text)
    __aeabi_memclr                           0x08000341   Thumb Code     4  memseta.o(.text)
    __aeabi_memclr4                          0x08000341   Thumb Code     0  memseta.o(.text)
    __aeabi_memclr8                          0x08000341   Thumb Code     0  memseta.o(.text)
    _memset$wrapper                          0x08000345   Thumb Code    18  memseta.o(.text)
    __aeabi_uidiv                            0x08000357   Thumb Code     0  uidiv.o(.text)
    __aeabi_uidivmod                         0x08000357   Thumb Code    44  uidiv.o(.text)
    __aeabi_llsl                             0x08000383   Thumb Code    30  llshl.o(.text)
    _ll_shift_l                              0x08000383   Thumb Code     0  llshl.o(.text)
    __aeabi_llsr                             0x080003a1   Thumb Code    32  llushr.o(.text)
    _ll_ushift_r                             0x080003a1   Thumb Code     0  llushr.o(.text)
    __I$use$fp                               0x080003c1   Thumb Code     0  iusefp.o(.text)
    __aeabi_dadd                             0x080003c1   Thumb Code   322  dadd.o(.text)
    __aeabi_dsub                             0x08000503   Thumb Code     6  dadd.o(.text)
    __aeabi_drsub                            0x08000509   Thumb Code     6  dadd.o(.text)
    __aeabi_dmul                             0x0800050f   Thumb Code   228  dmul.o(.text)
    __aeabi_ddiv                             0x080005f3   Thumb Code   222  ddiv.o(.text)
    __aeabi_d2ulz                            0x080006d1   Thumb Code    48  dfixul.o(.text)
    __aeabi_cdrcmple                         0x08000701   Thumb Code    48  cdrcmple.o(.text)
    __scatterload                            0x08000731   Thumb Code    28  init.o(.text)
    __scatterload_rt2                        0x08000731   Thumb Code     0  init.o(.text)
    __aeabi_lasr                             0x08000755   Thumb Code    36  llsshr.o(.text)
    __semihosting_library_function           0x08000755   Thumb Code     0  semi.o(.text)
    _ll_sshift_r                             0x08000755   Thumb Code     0  llsshr.o(.text)
    __I$use$semihosting$fputc                0x08000779   Thumb Code     0  iusesemip.o(.text)
    _double_round                            0x08000779   Thumb Code    30  depilogue.o(.text)
    _double_epilogue                         0x08000797   Thumb Code   156  depilogue.o(.text)
    ADC_ConfigureBoostMode                   0x08000835   Thumb Code   322  stm32h7xx_hal_adc.o(i.ADC_ConfigureBoostMode)
    ADC_DMAConvCplt                          0x08000999   Thumb Code   146  stm32h7xx_hal_adc.o(i.ADC_DMAConvCplt)
    ADC_DMAError                             0x08000a2b   Thumb Code    30  stm32h7xx_hal_adc.o(i.ADC_DMAError)
    ADC_DMAHalfConvCplt                      0x08000a49   Thumb Code    14  stm32h7xx_hal_adc.o(i.ADC_DMAHalfConvCplt)
    ADC_Enable                               0x08000a59   Thumb Code   182  stm32h7xx_hal_adc.o(i.ADC_Enable)
    BusFault_Handler                         0x08000b25   Thumb Code     4  stm32h7xx_it.o(i.BusFault_Handler)
    DMA1_Stream0_IRQHandler                  0x08000b29   Thumb Code    10  stm32h7xx_it.o(i.DMA1_Stream0_IRQHandler)
    DMA1_Stream1_IRQHandler                  0x08000b39   Thumb Code    16  stm32h7xx_it.o(i.DMA1_Stream1_IRQHandler)
    DebugMon_Handler                         0x080010bd   Thumb Code     2  stm32h7xx_it.o(i.DebugMon_Handler)
    Error_Handler                            0x080010bf   Thumb Code     6  main.o(i.Error_Handler)
    HAL_ADCEx_MultiModeConfigChannel         0x080010c5   Thumb Code   336  stm32h7xx_hal_adc_ex.o(i.HAL_ADCEx_MultiModeConfigChannel)
    HAL_ADC_ConfigChannel                    0x08001229   Thumb Code  1306  stm32h7xx_hal_adc.o(i.HAL_ADC_ConfigChannel)
    HAL_ADC_ConvCpltCallback                 0x0800176d   Thumb Code     8  main.o(i.HAL_ADC_ConvCpltCallback)
    HAL_ADC_ConvHalfCpltCallback             0x08001779   Thumb Code     2  stm32h7xx_hal_adc.o(i.HAL_ADC_ConvHalfCpltCallback)
    HAL_ADC_ErrorCallback                    0x0800177b   Thumb Code     2  stm32h7xx_hal_adc.o(i.HAL_ADC_ErrorCallback)
    HAL_ADC_Init                             0x0800177d   Thumb Code   608  stm32h7xx_hal_adc.o(i.HAL_ADC_Init)
    HAL_ADC_MspInit                          0x08001a09   Thumb Code   228  adc.o(i.HAL_ADC_MspInit)
    HAL_ADC_Start_DMA                        0x08001b01   Thumb Code   278  stm32h7xx_hal_adc.o(i.HAL_ADC_Start_DMA)
    HAL_DAC_ConfigChannel                    0x08001c35   Thumb Code   450  stm32h7xx_hal_dac.o(i.HAL_DAC_ConfigChannel)
    HAL_DAC_Init                             0x08001dfd   Thumb Code    40  stm32h7xx_hal_dac.o(i.HAL_DAC_Init)
    HAL_DAC_MspInit                          0x08001e25   Thumb Code   170  dac.o(i.HAL_DAC_MspInit)
    HAL_DMA_Abort                            0x08001ee5   Thumb Code  1236  stm32h7xx_hal_dma.o(i.HAL_DMA_Abort)
    HAL_DMA_Abort_IT                         0x080023c1   Thumb Code   906  stm32h7xx_hal_dma.o(i.HAL_DMA_Abort_IT)
    HAL_DMA_IRQHandler                       0x08002759   Thumb Code  2798  stm32h7xx_hal_dma.o(i.HAL_DMA_IRQHandler)
    HAL_DMA_Init                             0x08003251   Thumb Code  1304  stm32h7xx_hal_dma.o(i.HAL_DMA_Init)
    HAL_DMA_Start_IT                         0x08003771   Thumb Code   980  stm32h7xx_hal_dma.o(i.HAL_DMA_Start_IT)
    HAL_Delay                                0x08003b51   Thumb Code    36  stm32h7xx_hal.o(i.HAL_Delay)
    HAL_GPIO_Init                            0x08003b79   Thumb Code   456  stm32h7xx_hal_gpio.o(i.HAL_GPIO_Init)
    HAL_GPIO_WritePin                        0x08003d75   Thumb Code    12  stm32h7xx_hal_gpio.o(i.HAL_GPIO_WritePin)
    HAL_GetREVID                             0x08003d81   Thumb Code     8  stm32h7xx_hal.o(i.HAL_GetREVID)
    HAL_GetTick                              0x08003d8d   Thumb Code     6  stm32h7xx_hal.o(i.HAL_GetTick)
    HAL_IncTick                              0x08003d99   Thumb Code    16  stm32h7xx_hal.o(i.HAL_IncTick)
    HAL_Init                                 0x08003db1   Thumb Code    80  stm32h7xx_hal.o(i.HAL_Init)
    HAL_InitTick                             0x08003e11   Thumb Code    74  stm32h7xx_hal.o(i.HAL_InitTick)
    HAL_MPU_ConfigRegion                     0x08003e69   Thumb Code    88  stm32h7xx_hal_cortex.o(i.HAL_MPU_ConfigRegion)
    HAL_MPU_Disable                          0x08003ec5   Thumb Code    38  stm32h7xx_hal_cortex.o(i.HAL_MPU_Disable)
    HAL_MPU_Enable                           0x08003ef1   Thumb Code    58  stm32h7xx_hal_cortex.o(i.HAL_MPU_Enable)
    HAL_MspInit                              0x08003f31   Thumb Code    32  stm32h7xx_hal_msp.o(i.HAL_MspInit)
    HAL_NVIC_EnableIRQ                       0x08003f55   Thumb Code    40  stm32h7xx_hal_cortex.o(i.HAL_NVIC_EnableIRQ)
    HAL_NVIC_SetPriority                     0x08003f7d   Thumb Code   122  stm32h7xx_hal_cortex.o(i.HAL_NVIC_SetPriority)
    HAL_NVIC_SetPriorityGrouping             0x08003ff9   Thumb Code    32  stm32h7xx_hal_cortex.o(i.HAL_NVIC_SetPriorityGrouping)
    HAL_PWREx_ConfigSupply                   0x08004021   Thumb Code    90  stm32h7xx_hal_pwr_ex.o(i.HAL_PWREx_ConfigSupply)
    HAL_RCCEx_GetD3PCLK1Freq                 0x08004081   Thumb Code    26  stm32h7xx_hal_rcc_ex.o(i.HAL_RCCEx_GetD3PCLK1Freq)
    HAL_RCCEx_GetPLL1ClockFreq               0x080040a5   Thumb Code   536  stm32h7xx_hal_rcc_ex.o(i.HAL_RCCEx_GetPLL1ClockFreq)
    HAL_RCCEx_GetPLL2ClockFreq               0x080042d5   Thumb Code   536  stm32h7xx_hal_rcc_ex.o(i.HAL_RCCEx_GetPLL2ClockFreq)
    HAL_RCCEx_GetPLL3ClockFreq               0x08004505   Thumb Code   536  stm32h7xx_hal_rcc_ex.o(i.HAL_RCCEx_GetPLL3ClockFreq)
    HAL_RCCEx_GetPeriphCLKFreq               0x08004735   Thumb Code  2216  stm32h7xx_hal_rcc_ex.o(i.HAL_RCCEx_GetPeriphCLKFreq)
    HAL_RCCEx_PeriphCLKConfig                0x08004fe5   Thumb Code  3432  stm32h7xx_hal_rcc_ex.o(i.HAL_RCCEx_PeriphCLKConfig)
    HAL_RCC_ClockConfig                      0x08005d4d   Thumb Code   774  stm32h7xx_hal_rcc.o(i.HAL_RCC_ClockConfig)
    HAL_RCC_GetHCLKFreq                      0x0800606d   Thumb Code    60  stm32h7xx_hal_rcc.o(i.HAL_RCC_GetHCLKFreq)
    HAL_RCC_GetPCLK1Freq                     0x080060b9   Thumb Code    26  stm32h7xx_hal_rcc.o(i.HAL_RCC_GetPCLK1Freq)
    HAL_RCC_GetPCLK2Freq                     0x080060dd   Thumb Code    26  stm32h7xx_hal_rcc.o(i.HAL_RCC_GetPCLK2Freq)
    HAL_RCC_GetSysClockFreq                  0x08006101   Thumb Code   524  stm32h7xx_hal_rcc.o(i.HAL_RCC_GetSysClockFreq)
    HAL_RCC_OscConfig                        0x0800632d   Thumb Code  2138  stm32h7xx_hal_rcc.o(i.HAL_RCC_OscConfig)
    HAL_SYSTICK_Config                       0x08006b8d   Thumb Code    52  stm32h7xx_hal_cortex.o(i.HAL_SYSTICK_Config)
    HAL_TIMEx_MasterConfigSynchronization    0x08006bc1   Thumb Code   174  stm32h7xx_hal_tim_ex.o(i.HAL_TIMEx_MasterConfigSynchronization)
    HAL_TIM_Base_Init                        0x08006c8d   Thumb Code   110  stm32h7xx_hal_tim.o(i.HAL_TIM_Base_Init)
    HAL_TIM_Base_MspInit                     0x08006cfd   Thumb Code    80  tim.o(i.HAL_TIM_Base_MspInit)
    HAL_TIM_Base_Start                       0x08006d59   Thumb Code   134  stm32h7xx_hal_tim.o(i.HAL_TIM_Base_Start)
    HAL_TIM_ConfigClockSource                0x08006e01   Thumb Code   304  stm32h7xx_hal_tim.o(i.HAL_TIM_ConfigClockSource)
    HAL_UARTEx_DisableFifoMode               0x08006f35   Thumb Code    78  stm32h7xx_hal_uart_ex.o(i.HAL_UARTEx_DisableFifoMode)
    HAL_UARTEx_RxEventCallback               0x08006f83   Thumb Code     2  stm32h7xx_hal_uart.o(i.HAL_UARTEx_RxEventCallback)
    HAL_UARTEx_RxFifoFullCallback            0x08006f85   Thumb Code     2  stm32h7xx_hal_uart_ex.o(i.HAL_UARTEx_RxFifoFullCallback)
    HAL_UARTEx_SetRxFifoThreshold            0x08006f87   Thumb Code    94  stm32h7xx_hal_uart_ex.o(i.HAL_UARTEx_SetRxFifoThreshold)
    HAL_UARTEx_SetTxFifoThreshold            0x08006fe5   Thumb Code    94  stm32h7xx_hal_uart_ex.o(i.HAL_UARTEx_SetTxFifoThreshold)
    HAL_UARTEx_TxFifoEmptyCallback           0x08007043   Thumb Code     2  stm32h7xx_hal_uart_ex.o(i.HAL_UARTEx_TxFifoEmptyCallback)
    HAL_UARTEx_WakeupCallback                0x08007045   Thumb Code     2  stm32h7xx_hal_uart_ex.o(i.HAL_UARTEx_WakeupCallback)
    HAL_UART_ErrorCallback                   0x08007047   Thumb Code     2  stm32h7xx_hal_uart.o(i.HAL_UART_ErrorCallback)
    HAL_UART_IRQHandler                      0x08007049   Thumb Code  1172  stm32h7xx_hal_uart.o(i.HAL_UART_IRQHandler)
    HAL_UART_Init                            0x080074dd   Thumb Code   120  stm32h7xx_hal_uart.o(i.HAL_UART_Init)
    HAL_UART_MspInit                         0x08007555   Thumb Code   160  usart.o(i.HAL_UART_MspInit)
    HAL_UART_TxCpltCallback                  0x08007601   Thumb Code     2  stm32h7xx_hal_uart.o(i.HAL_UART_TxCpltCallback)
    HardFault_Handler                        0x08007603   Thumb Code     4  stm32h7xx_it.o(i.HardFault_Handler)
    MX_ADC1_Init                             0x08007779   Thumb Code   158  adc.o(i.MX_ADC1_Init)
    MX_DAC1_Init                             0x08007825   Thumb Code    68  dac.o(i.MX_DAC1_Init)
    MX_DMA_Init                              0x08007871   Thumb Code    64  dma.o(i.MX_DMA_Init)
    MX_GPIO_Init                             0x080078b5   Thumb Code   156  gpio.o(i.MX_GPIO_Init)
    MX_TIM15_Init                            0x08007959   Thumb Code   108  tim.o(i.MX_TIM15_Init)
    MX_TIM7_Init                             0x080079cd   Thumb Code    68  tim.o(i.MX_TIM7_Init)
    MX_USART1_UART_Init                      0x08007a19   Thumb Code    98  usart.o(i.MX_USART1_UART_Init)
    MemManage_Handler                        0x08007a85   Thumb Code     4  stm32h7xx_it.o(i.MemManage_Handler)
    NMI_Handler                              0x08007a89   Thumb Code     4  stm32h7xx_it.o(i.NMI_Handler)
    PendSV_Handler                           0x08007a8d   Thumb Code     2  stm32h7xx_it.o(i.PendSV_Handler)
    SVC_Handler                              0x08007d59   Thumb Code     2  stm32h7xx_it.o(i.SVC_Handler)
    SysTick_Handler                          0x08007d5b   Thumb Code     8  stm32h7xx_it.o(i.SysTick_Handler)
    SystemClock_Config                       0x08007d65   Thumb Code   296  main.o(i.SystemClock_Config)
    SystemInit                               0x08007e99   Thumb Code   212  system_stm32h7xx.o(i.SystemInit)
    TIM_Base_SetConfig                       0x08007f95   Thumb Code   170  stm32h7xx_hal_tim.o(i.TIM_Base_SetConfig)
    TIM_ETR_SetConfig                        0x08008061   Thumb Code    22  stm32h7xx_hal_tim.o(i.TIM_ETR_SetConfig)
    UART_AdvFeatureConfig                    0x08008139   Thumb Code   248  stm32h7xx_hal_uart.o(i.UART_AdvFeatureConfig)
    UART_CheckIdleState                      0x08008231   Thumb Code   234  stm32h7xx_hal_uart.o(i.UART_CheckIdleState)
    UART_SetConfig                           0x080083d1   Thumb Code  1402  stm32h7xx_hal_uart.o(i.UART_SetConfig)
    UART_WaitOnFlagUntilTimeout              0x0800895d   Thumb Code   162  stm32h7xx_hal_uart.o(i.UART_WaitOnFlagUntilTimeout)
    USART1_IRQHandler                        0x08008a01   Thumb Code    10  stm32h7xx_it.o(i.USART1_IRQHandler)
    UsageFault_Handler                       0x08008a11   Thumb Code     4  stm32h7xx_it.o(i.UsageFault_Handler)
    __0printf                                0x08008a15   Thumb Code    22  printfa.o(i.__0printf)
    __1printf                                0x08008a15   Thumb Code     0  printfa.o(i.__0printf)
    __2printf                                0x08008a15   Thumb Code     0  printfa.o(i.__0printf)
    __c89printf                              0x08008a15   Thumb Code     0  printfa.o(i.__0printf)
    printf                                   0x08008a15   Thumb Code     0  printfa.o(i.__0printf)
    __scatterload_copy                       0x08008a6d   Thumb Code    14  handlers.o(i.__scatterload_copy)
    __scatterload_null                       0x08008a7b   Thumb Code     2  handlers.o(i.__scatterload_null)
    __scatterload_zeroinit                   0x08008a7d   Thumb Code    14  handlers.o(i.__scatterload_zeroinit)
    fputc                                    0x0800933f   Thumb Code    18  fputc.o(i.fputc)
    main                                     0x08009351   Thumb Code   420  main.o(i.main)
    UARTPrescTable                           0x0800952c   Data          24  stm32h7xx_hal_uart.o(.constdata)
    D1CorePrescTable                         0x08009554   Data          16  system_stm32h7xx.o(.constdata)
    Region$$Table$$Base                      0x08009564   Number         0  anon$$obj.o(Region$$Table)
    Region$$Table$$Limit                     0x08009584   Number         0  anon$$obj.o(Region$$Table)
    AdcConvEnd                               0x24000000   Data           1  main.o(.data)
    uwTick                                   0x24000004   Data           4  stm32h7xx_hal.o(.data)
    uwTickPrio                               0x24000008   Data           4  stm32h7xx_hal.o(.data)
    uwTickFreq                               0x2400000c   Data           1  stm32h7xx_hal.o(.data)
    SystemCoreClock                          0x24000010   Data           4  system_stm32h7xx.o(.data)
    SystemD2Clock                            0x24000014   Data           4  system_stm32h7xx.o(.data)
    __stdout                                 0x24000018   Data           4  stdout.o(.data)
    adc_buff                                 0x2400001c   Data         400  main.o(.bss)
    hadc1                                    0x240001ac   Data         100  adc.o(.bss)
    hdma_adc1                                0x24000210   Data         120  adc.o(.bss)
    hdac1                                    0x24000288   Data          20  dac.o(.bss)
    hdma_dac1_ch2                            0x2400029c   Data         120  dac.o(.bss)
    htim7                                    0x24000314   Data          76  tim.o(.bss)
    htim15                                   0x24000360   Data          76  tim.o(.bss)
    huart1                                   0x240003ac   Data         148  usart.o(.bss)
    __initial_sp                             0x24007840   Data           0  startup_stm32h743xx.o(STACK)



==============================================================================

Memory Map of the image

  Image Entry point : 0x08000299

  Load Region LR_IROM1 (Base: 0x08000000, Size: 0x000095a0, Max: 0x00200000, ABSOLUTE)

    Execution Region ER_IROM1 (Exec base: 0x08000000, Load base: 0x08000000, Size: 0x00009584, Max: 0x00200000, ABSOLUTE)

    Exec Addr    Load Addr    Size         Type   Attr      Idx    E Section Name        Object

    0x08000000   0x08000000   0x00000298   Data   RO            3    RESET               startup_stm32h743xx.o
    0x08000298   0x08000298   0x00000000   Code   RO         5459  * .ARM.Collect$$$$00000000  mc_w.l(entry.o)
    0x08000298   0x08000298   0x00000004   Code   RO         5727    .ARM.Collect$$$$00000001  mc_w.l(entry2.o)
    0x0800029c   0x0800029c   0x00000004   Code   RO         5730    .ARM.Collect$$$$00000004  mc_w.l(entry5.o)
    0x080002a0   0x080002a0   0x00000000   Code   RO         5732    .ARM.Collect$$$$00000008  mc_w.l(entry7b.o)
    0x080002a0   0x080002a0   0x00000000   Code   RO         5734    .ARM.Collect$$$$0000000A  mc_w.l(entry8b.o)
    0x080002a0   0x080002a0   0x00000008   Code   RO         5735    .ARM.Collect$$$$0000000B  mc_w.l(entry9a.o)
    0x080002a8   0x080002a8   0x00000000   Code   RO         5737    .ARM.Collect$$$$0000000D  mc_w.l(entry10a.o)
    0x080002a8   0x080002a8   0x00000000   Code   RO         5739    .ARM.Collect$$$$0000000F  mc_w.l(entry11a.o)
    0x080002a8   0x080002a8   0x00000004   Code   RO         5728    .ARM.Collect$$$$00002712  mc_w.l(entry2.o)
    0x080002ac   0x080002ac   0x00000024   Code   RO            4    .text               startup_stm32h743xx.o
    0x080002d0   0x080002d0   0x00000062   Code   RO         5462    .text               mc_w.l(uldiv.o)
    0x08000332   0x08000332   0x00000024   Code   RO         5464    .text               mc_w.l(memseta.o)
    0x08000356   0x08000356   0x0000002c   Code   RO         5744    .text               mc_w.l(uidiv.o)
    0x08000382   0x08000382   0x0000001e   Code   RO         5746    .text               mc_w.l(llshl.o)
    0x080003a0   0x080003a0   0x00000020   Code   RO         5748    .text               mc_w.l(llushr.o)
    0x080003c0   0x080003c0   0x00000000   Code   RO         5750    .text               mc_w.l(iusefp.o)
    0x080003c0   0x080003c0   0x0000014e   Code   RO         5751    .text               mf_w.l(dadd.o)
    0x0800050e   0x0800050e   0x000000e4   Code   RO         5753    .text               mf_w.l(dmul.o)
    0x080005f2   0x080005f2   0x000000de   Code   RO         5755    .text               mf_w.l(ddiv.o)
    0x080006d0   0x080006d0   0x00000030   Code   RO         5757    .text               mf_w.l(dfixul.o)
    0x08000700   0x08000700   0x00000030   Code   RO         5759    .text               mf_w.l(cdrcmple.o)
    0x08000730   0x08000730   0x00000024   Code   RO         5761    .text               mc_w.l(init.o)
    0x08000754   0x08000754   0x00000000   Code   RO         5763    .text               mc_w.l(semi.o)
    0x08000754   0x08000754   0x00000024   Code   RO         5764    .text               mc_w.l(llsshr.o)
    0x08000778   0x08000778   0x00000000   Code   RO         5766    .text               mc_w.l(iusesemip.o)
    0x08000778   0x08000778   0x000000ba   Code   RO         5767    .text               mf_w.l(depilogue.o)
    0x08000832   0x08000832   0x00000002   PAD
    0x08000834   0x08000834   0x00000164   Code   RO          588    i.ADC_ConfigureBoostMode  stm32h7xx_hal_adc.o
    0x08000998   0x08000998   0x00000092   Code   RO          590    i.ADC_DMAConvCplt   stm32h7xx_hal_adc.o
    0x08000a2a   0x08000a2a   0x0000001e   Code   RO          591    i.ADC_DMAError      stm32h7xx_hal_adc.o
    0x08000a48   0x08000a48   0x0000000e   Code   RO          592    i.ADC_DMAHalfConvCplt  stm32h7xx_hal_adc.o
    0x08000a56   0x08000a56   0x00000002   PAD
    0x08000a58   0x08000a58   0x000000cc   Code   RO          594    i.ADC_Enable        stm32h7xx_hal_adc.o
    0x08000b24   0x08000b24   0x00000004   Code   RO          470    i.BusFault_Handler  stm32h7xx_it.o
    0x08000b28   0x08000b28   0x00000010   Code   RO          471    i.DMA1_Stream0_IRQHandler  stm32h7xx_it.o
    0x08000b38   0x08000b38   0x00000018   Code   RO          472    i.DMA1_Stream1_IRQHandler  stm32h7xx_it.o
    0x08000b50   0x08000b50   0x000000ec   Code   RO         1826    i.DMA_CalcBaseAndBitshift  stm32h7xx_hal_dma.o
    0x08000c3c   0x08000c3c   0x000000c4   Code   RO         1827    i.DMA_CalcDMAMUXChannelBaseAndMask  stm32h7xx_hal_dma.o
    0x08000d00   0x08000d00   0x00000098   Code   RO         1828    i.DMA_CalcDMAMUXRequestGenBaseAndMask  stm32h7xx_hal_dma.o
    0x08000d98   0x08000d98   0x000000ae   Code   RO         1829    i.DMA_CheckFifoParam  stm32h7xx_hal_dma.o
    0x08000e46   0x08000e46   0x00000002   PAD
    0x08000e48   0x08000e48   0x00000274   Code   RO         1830    i.DMA_SetConfig     stm32h7xx_hal_dma.o
    0x080010bc   0x080010bc   0x00000002   Code   RO          473    i.DebugMon_Handler  stm32h7xx_it.o
    0x080010be   0x080010be   0x00000006   Code   RO           13    i.Error_Handler     main.o
    0x080010c4   0x080010c4   0x00000164   Code   RO          870    i.HAL_ADCEx_MultiModeConfigChannel  stm32h7xx_hal_adc_ex.o
    0x08001228   0x08001228   0x00000544   Code   RO          596    i.HAL_ADC_ConfigChannel  stm32h7xx_hal_adc.o
    0x0800176c   0x0800176c   0x0000000c   Code   RO           14    i.HAL_ADC_ConvCpltCallback  main.o
    0x08001778   0x08001778   0x00000002   Code   RO          598    i.HAL_ADC_ConvHalfCpltCallback  stm32h7xx_hal_adc.o
    0x0800177a   0x0800177a   0x00000002   Code   RO          600    i.HAL_ADC_ErrorCallback  stm32h7xx_hal_adc.o
    0x0800177c   0x0800177c   0x0000028c   Code   RO          605    i.HAL_ADC_Init      stm32h7xx_hal_adc.o
    0x08001a08   0x08001a08   0x000000f8   Code   RO          255    i.HAL_ADC_MspInit   adc.o
    0x08001b00   0x08001b00   0x00000134   Code   RO          612    i.HAL_ADC_Start_DMA  stm32h7xx_hal_adc.o
    0x08001c34   0x08001c34   0x000001c8   Code   RO         3592    i.HAL_DAC_ConfigChannel  stm32h7xx_hal_dac.o
    0x08001dfc   0x08001dfc   0x00000028   Code   RO         3602    i.HAL_DAC_Init      stm32h7xx_hal_dac.o
    0x08001e24   0x08001e24   0x000000c0   Code   RO          297    i.HAL_DAC_MspInit   dac.o
    0x08001ee4   0x08001ee4   0x000004dc   Code   RO         1831    i.HAL_DMA_Abort     stm32h7xx_hal_dma.o
    0x080023c0   0x080023c0   0x00000398   Code   RO         1832    i.HAL_DMA_Abort_IT  stm32h7xx_hal_dma.o
    0x08002758   0x08002758   0x00000af8   Code   RO         1836    i.HAL_DMA_IRQHandler  stm32h7xx_hal_dma.o
    0x08003250   0x08003250   0x00000520   Code   RO         1837    i.HAL_DMA_Init      stm32h7xx_hal_dma.o
    0x08003770   0x08003770   0x000003e0   Code   RO         1841    i.HAL_DMA_Start_IT  stm32h7xx_hal_dma.o
    0x08003b50   0x08003b50   0x00000028   Code   RO         2686    i.HAL_Delay         stm32h7xx_hal.o
    0x08003b78   0x08003b78   0x000001fc   Code   RO         1679    i.HAL_GPIO_Init     stm32h7xx_hal_gpio.o
    0x08003d74   0x08003d74   0x0000000c   Code   RO         1683    i.HAL_GPIO_WritePin  stm32h7xx_hal_gpio.o
    0x08003d80   0x08003d80   0x0000000c   Code   RO         2697    i.HAL_GetREVID      stm32h7xx_hal.o
    0x08003d8c   0x08003d8c   0x0000000c   Code   RO         2698    i.HAL_GetTick       stm32h7xx_hal.o
    0x08003d98   0x08003d98   0x00000018   Code   RO         2704    i.HAL_IncTick       stm32h7xx_hal.o
    0x08003db0   0x08003db0   0x00000060   Code   RO         2705    i.HAL_Init          stm32h7xx_hal.o
    0x08003e10   0x08003e10   0x00000058   Code   RO         2706    i.HAL_InitTick      stm32h7xx_hal.o
    0x08003e68   0x08003e68   0x0000005c   Code   RO         2534    i.HAL_MPU_ConfigRegion  stm32h7xx_hal_cortex.o
    0x08003ec4   0x08003ec4   0x0000002c   Code   RO         2535    i.HAL_MPU_Disable   stm32h7xx_hal_cortex.o
    0x08003ef0   0x08003ef0   0x00000040   Code   RO         2536    i.HAL_MPU_Enable    stm32h7xx_hal_cortex.o
    0x08003f30   0x08003f30   0x00000024   Code   RO          564    i.HAL_MspInit       stm32h7xx_hal_msp.o
    0x08003f54   0x08003f54   0x00000028   Code   RO         2539    i.HAL_NVIC_EnableIRQ  stm32h7xx_hal_cortex.o
    0x08003f7c   0x08003f7c   0x0000007a   Code   RO         2545    i.HAL_NVIC_SetPriority  stm32h7xx_hal_cortex.o
    0x08003ff6   0x08003ff6   0x00000002   PAD
    0x08003ff8   0x08003ff8   0x00000028   Code   RO         2546    i.HAL_NVIC_SetPriorityGrouping  stm32h7xx_hal_cortex.o
    0x08004020   0x08004020   0x00000060   Code   RO         2280    i.HAL_PWREx_ConfigSupply  stm32h7xx_hal_pwr_ex.o
    0x08004080   0x08004080   0x00000024   Code   RO         1230    i.HAL_RCCEx_GetD3PCLK1Freq  stm32h7xx_hal_rcc_ex.o
    0x080040a4   0x080040a4   0x00000230   Code   RO         1231    i.HAL_RCCEx_GetPLL1ClockFreq  stm32h7xx_hal_rcc_ex.o
    0x080042d4   0x080042d4   0x00000230   Code   RO         1232    i.HAL_RCCEx_GetPLL2ClockFreq  stm32h7xx_hal_rcc_ex.o
    0x08004504   0x08004504   0x00000230   Code   RO         1233    i.HAL_RCCEx_GetPLL3ClockFreq  stm32h7xx_hal_rcc_ex.o
    0x08004734   0x08004734   0x000008b0   Code   RO         1235    i.HAL_RCCEx_GetPeriphCLKFreq  stm32h7xx_hal_rcc_ex.o
    0x08004fe4   0x08004fe4   0x00000d68   Code   RO         1239    i.HAL_RCCEx_PeriphCLKConfig  stm32h7xx_hal_rcc_ex.o
    0x08005d4c   0x08005d4c   0x00000320   Code   RO         1115    i.HAL_RCC_ClockConfig  stm32h7xx_hal_rcc.o
    0x0800606c   0x0800606c   0x0000004c   Code   RO         1120    i.HAL_RCC_GetHCLKFreq  stm32h7xx_hal_rcc.o
    0x080060b8   0x080060b8   0x00000024   Code   RO         1122    i.HAL_RCC_GetPCLK1Freq  stm32h7xx_hal_rcc.o
    0x080060dc   0x080060dc   0x00000024   Code   RO         1123    i.HAL_RCC_GetPCLK2Freq  stm32h7xx_hal_rcc.o
    0x08006100   0x08006100   0x0000022c   Code   RO         1124    i.HAL_RCC_GetSysClockFreq  stm32h7xx_hal_rcc.o
    0x0800632c   0x0800632c   0x00000860   Code   RO         1127    i.HAL_RCC_OscConfig  stm32h7xx_hal_rcc.o
    0x08006b8c   0x08006b8c   0x00000034   Code   RO         2550    i.HAL_SYSTICK_Config  stm32h7xx_hal_cortex.o
    0x08006bc0   0x08006bc0   0x000000cc   Code   RO         4608    i.HAL_TIMEx_MasterConfigSynchronization  stm32h7xx_hal_tim_ex.o
    0x08006c8c   0x08006c8c   0x0000006e   Code   RO         3861    i.HAL_TIM_Base_Init  stm32h7xx_hal_tim.o
    0x08006cfa   0x08006cfa   0x00000002   PAD
    0x08006cfc   0x08006cfc   0x0000005c   Code   RO          365    i.HAL_TIM_Base_MspInit  tim.o
    0x08006d58   0x08006d58   0x000000a8   Code   RO         3864    i.HAL_TIM_Base_Start  stm32h7xx_hal_tim.o
    0x08006e00   0x08006e00   0x00000134   Code   RO         3870    i.HAL_TIM_ConfigClockSource  stm32h7xx_hal_tim.o
    0x08006f34   0x08006f34   0x0000004e   Code   RO         5302    i.HAL_UARTEx_DisableFifoMode  stm32h7xx_hal_uart_ex.o
    0x08006f82   0x08006f82   0x00000002   Code   RO         4886    i.HAL_UARTEx_RxEventCallback  stm32h7xx_hal_uart.o
    0x08006f84   0x08006f84   0x00000002   Code   RO         5310    i.HAL_UARTEx_RxFifoFullCallback  stm32h7xx_hal_uart_ex.o
    0x08006f86   0x08006f86   0x0000005e   Code   RO         5311    i.HAL_UARTEx_SetRxFifoThreshold  stm32h7xx_hal_uart_ex.o
    0x08006fe4   0x08006fe4   0x0000005e   Code   RO         5312    i.HAL_UARTEx_SetTxFifoThreshold  stm32h7xx_hal_uart_ex.o
    0x08007042   0x08007042   0x00000002   Code   RO         5314    i.HAL_UARTEx_TxFifoEmptyCallback  stm32h7xx_hal_uart_ex.o
    0x08007044   0x08007044   0x00000002   Code   RO         5315    i.HAL_UARTEx_WakeupCallback  stm32h7xx_hal_uart_ex.o
    0x08007046   0x08007046   0x00000002   Code   RO         4902    i.HAL_UART_ErrorCallback  stm32h7xx_hal_uart.o
    0x08007048   0x08007048   0x00000494   Code   RO         4905    i.HAL_UART_IRQHandler  stm32h7xx_hal_uart.o
    0x080074dc   0x080074dc   0x00000078   Code   RO         4906    i.HAL_UART_Init     stm32h7xx_hal_uart.o
    0x08007554   0x08007554   0x000000ac   Code   RO          423    i.HAL_UART_MspInit  usart.o
    0x08007600   0x08007600   0x00000002   Code   RO         4918    i.HAL_UART_TxCpltCallback  stm32h7xx_hal_uart.o
    0x08007602   0x08007602   0x00000004   Code   RO          474    i.HardFault_Handler  stm32h7xx_it.o
    0x08007606   0x08007606   0x00000002   PAD
    0x08007608   0x08007608   0x00000010   Code   RO          617    i.LL_ADC_Enable     stm32h7xx_hal_adc.o
    0x08007618   0x08007618   0x0000000a   Code   RO          619    i.LL_ADC_GetMultimode  stm32h7xx_hal_adc.o
    0x08007622   0x08007622   0x0000000a   Code   RO          620    i.LL_ADC_INJ_IsConversionOngoing  stm32h7xx_hal_adc.o
    0x0800762c   0x0800762c   0x0000000a   Code   RO          622    i.LL_ADC_IsEnabled  stm32h7xx_hal_adc.o
    0x08007636   0x08007636   0x0000000a   Code   RO          883    i.LL_ADC_IsEnabled  stm32h7xx_hal_adc_ex.o
    0x08007640   0x08007640   0x0000000a   Code   RO          623    i.LL_ADC_IsInternalRegulatorEnabled  stm32h7xx_hal_adc.o
    0x0800764a   0x0800764a   0x0000000a   Code   RO          624    i.LL_ADC_REG_IsConversionOngoing  stm32h7xx_hal_adc.o
    0x08007654   0x08007654   0x0000000a   Code   RO          884    i.LL_ADC_REG_IsConversionOngoing  stm32h7xx_hal_adc_ex.o
    0x0800765e   0x0800765e   0x00000012   Code   RO          625    i.LL_ADC_REG_IsTriggerSourceSWStart  stm32h7xx_hal_adc.o
    0x08007670   0x08007670   0x00000010   Code   RO          626    i.LL_ADC_REG_StartConversion  stm32h7xx_hal_adc.o
    0x08007680   0x08007680   0x00000028   Code   RO          628    i.LL_ADC_SetChannelSamplingTime  stm32h7xx_hal_adc.o
    0x080076a8   0x080076a8   0x0000000c   Code   RO          629    i.LL_ADC_SetCommonPathInternalCh  stm32h7xx_hal_adc.o
    0x080076b4   0x080076b4   0x000000c4   Code   RO           15    i.MPU_Config        main.o
    0x08007778   0x08007778   0x000000ac   Code   RO          256    i.MX_ADC1_Init      adc.o
    0x08007824   0x08007824   0x0000004c   Code   RO          298    i.MX_DAC1_Init      dac.o
    0x08007870   0x08007870   0x00000044   Code   RO          338    i.MX_DMA_Init       dma.o
    0x080078b4   0x080078b4   0x000000a4   Code   RO          226    i.MX_GPIO_Init      gpio.o
    0x08007958   0x08007958   0x00000074   Code   RO          366    i.MX_TIM15_Init     tim.o
    0x080079cc   0x080079cc   0x0000004c   Code   RO          367    i.MX_TIM7_Init      tim.o
    0x08007a18   0x08007a18   0x0000006c   Code   RO          424    i.MX_USART1_UART_Init  usart.o
    0x08007a84   0x08007a84   0x00000004   Code   RO          475    i.MemManage_Handler  stm32h7xx_it.o
    0x08007a88   0x08007a88   0x00000004   Code   RO          476    i.NMI_Handler       stm32h7xx_it.o
    0x08007a8c   0x08007a8c   0x00000002   Code   RO          477    i.PendSV_Handler    stm32h7xx_it.o
    0x08007a8e   0x08007a8e   0x00000002   PAD
    0x08007a90   0x08007a90   0x00000164   Code   RO         1242    i.RCCEx_PLL2_Config  stm32h7xx_hal_rcc_ex.o
    0x08007bf4   0x08007bf4   0x00000164   Code   RO         1243    i.RCCEx_PLL3_Config  stm32h7xx_hal_rcc_ex.o
    0x08007d58   0x08007d58   0x00000002   Code   RO          478    i.SVC_Handler       stm32h7xx_it.o
    0x08007d5a   0x08007d5a   0x00000008   Code   RO          479    i.SysTick_Handler   stm32h7xx_it.o
    0x08007d62   0x08007d62   0x00000002   PAD
    0x08007d64   0x08007d64   0x00000134   Code   RO           16    i.SystemClock_Config  main.o
    0x08007e98   0x08007e98   0x000000fc   Code   RO         5426    i.SystemInit        system_stm32h7xx.o
    0x08007f94   0x08007f94   0x000000cc   Code   RO         3954    i.TIM_Base_SetConfig  stm32h7xx_hal_tim.o
    0x08008060   0x08008060   0x00000016   Code   RO         3965    i.TIM_ETR_SetConfig  stm32h7xx_hal_tim.o
    0x08008076   0x08008076   0x00000002   PAD
    0x08008078   0x08008078   0x00000018   Code   RO         3966    i.TIM_ITRx_SetConfig  stm32h7xx_hal_tim.o
    0x08008090   0x08008090   0x00000026   Code   RO         3974    i.TIM_TI1_ConfigInputStage  stm32h7xx_hal_tim.o
    0x080080b6   0x080080b6   0x00000028   Code   RO         3976    i.TIM_TI2_ConfigInputStage  stm32h7xx_hal_tim.o
    0x080080de   0x080080de   0x00000002   PAD
    0x080080e0   0x080080e0   0x00000058   Code   RO         5316    i.UARTEx_SetNbDataToProcess  stm32h7xx_hal_uart_ex.o
    0x08008138   0x08008138   0x000000f8   Code   RO         4920    i.UART_AdvFeatureConfig  stm32h7xx_hal_uart.o
    0x08008230   0x08008230   0x000000ea   Code   RO         4921    i.UART_CheckIdleState  stm32h7xx_hal_uart.o
    0x0800831a   0x0800831a   0x00000018   Code   RO         4922    i.UART_DMAAbortOnError  stm32h7xx_hal_uart.o
    0x08008332   0x08008332   0x00000002   PAD
    0x08008334   0x08008334   0x0000006c   Code   RO         4932    i.UART_EndRxTransfer  stm32h7xx_hal_uart.o
    0x080083a0   0x080083a0   0x00000030   Code   RO         4933    i.UART_EndTransmit_IT  stm32h7xx_hal_uart.o
    0x080083d0   0x080083d0   0x0000058c   Code   RO         4939    i.UART_SetConfig    stm32h7xx_hal_uart.o
    0x0800895c   0x0800895c   0x000000a2   Code   RO         4946    i.UART_WaitOnFlagUntilTimeout  stm32h7xx_hal_uart.o
    0x080089fe   0x080089fe   0x00000002   PAD
    0x08008a00   0x08008a00   0x00000010   Code   RO          480    i.USART1_IRQHandler  stm32h7xx_it.o
    0x08008a10   0x08008a10   0x00000004   Code   RO          481    i.UsageFault_Handler  stm32h7xx_it.o
    0x08008a14   0x08008a14   0x00000020   Code   RO         5699    i.__0printf         mc_w.l(printfa.o)
    0x08008a34   0x08008a34   0x00000010   Code   RO         2552    i.__NVIC_GetPriorityGrouping  stm32h7xx_hal_cortex.o
    0x08008a44   0x08008a44   0x00000028   Code   RO         2553    i.__NVIC_SetPriority  stm32h7xx_hal_cortex.o
    0x08008a6c   0x08008a6c   0x0000000e   Code   RO         5771    i.__scatterload_copy  mc_w.l(handlers.o)
    0x08008a7a   0x08008a7a   0x00000002   Code   RO         5772    i.__scatterload_null  mc_w.l(handlers.o)
    0x08008a7c   0x08008a7c   0x0000000e   Code   RO         5773    i.__scatterload_zeroinit  mc_w.l(handlers.o)
    0x08008a8a   0x08008a8a   0x00000002   PAD
    0x08008a8c   0x08008a8c   0x00000184   Code   RO         5706    i._fp_digits        mc_w.l(printfa.o)
    0x08008c10   0x08008c10   0x000006dc   Code   RO         5707    i._printf_core      mc_w.l(printfa.o)
    0x080092ec   0x080092ec   0x00000024   Code   RO         5708    i._printf_post_padding  mc_w.l(printfa.o)
    0x08009310   0x08009310   0x0000002e   Code   RO         5709    i._printf_pre_padding  mc_w.l(printfa.o)
    0x0800933e   0x0800933e   0x00000012   Code   RO         5741    i.fputc             mc_w.l(fputc.o)
    0x08009350   0x08009350   0x000001d4   Code   RO           17    i.main              main.o
    0x08009524   0x08009524   0x00000008   Data   RO         1843    .constdata          stm32h7xx_hal_dma.o
    0x0800952c   0x0800952c   0x00000018   Data   RO         4947    .constdata          stm32h7xx_hal_uart.o
    0x08009544   0x08009544   0x00000010   Data   RO         5318    .constdata          stm32h7xx_hal_uart_ex.o
    0x08009554   0x08009554   0x00000010   Data   RO         5427    .constdata          system_stm32h7xx.o
    0x08009564   0x08009564   0x00000020   Data   RO         5769    Region$$Table       anon$$obj.o


    Execution Region RW_IRAM1 (Exec base: 0x20000000, Load base: 0x08009584, Size: 0x00000000, Max: 0x00020000, ABSOLUTE)

    **** No section assigned to this execution region ****


    Execution Region RW_IRAM2 (Exec base: 0x24000000, Load base: 0x08009584, Size: 0x00007840, Max: 0x00080000, ABSOLUTE)

    Exec Addr    Load Addr    Size         Type   Attr      Idx    E Section Name        Object

    0x24000000   0x08009584   0x00000001   Data   RW           19    .data               main.o
    0x24000001   0x08009585   0x00000003   PAD
    0x24000004   0x08009588   0x00000009   Data   RW         2727    .data               stm32h7xx_hal.o
    0x2400000d   0x08009591   0x00000003   PAD
    0x24000010   0x08009594   0x00000008   Data   RW         5428    .data               system_stm32h7xx.o
    0x24000018   0x0800959c   0x00000004   Data   RW         5743    .data               mc_w.l(stdout.o)
    0x2400001c        -       0x00000190   Zero   RW           18    .bss                main.o
    0x240001ac        -       0x000000dc   Zero   RW          257    .bss                adc.o
    0x24000288        -       0x0000008c   Zero   RW          299    .bss                dac.o
    0x24000314        -       0x00000098   Zero   RW          368    .bss                tim.o
    0x240003ac        -       0x00000094   Zero   RW          426    .bss                usart.o
    0x24000440        -       0x00007400   Zero   RW            1    STACK               startup_stm32h743xx.o


==============================================================================

Image component sizes


      Code (inc. data)   RO Data    RW Data    ZI Data      Debug   Object Name

       420         34          0          0        220       1987   adc.o
       268         30          0          0        140       1823   dac.o
        68          4          0          0          0        774   dma.o
       164          8          0          0          0        967   gpio.o
       990         72          0          1        400    1357680   main.o
        36          8        664          0      29696        836   startup_stm32h743xx.o
       272         52          0          9          0      23324   stm32h7xx_hal.o
      3214        226          0          0          0      76751   stm32h7xx_hal_adc.o
       376         20          0          0          0      62907   stm32h7xx_hal_adc_ex.o
       510         38          0          0          0      42225   stm32h7xx_hal_cortex.o
       496          6          0          0          0       2307   stm32h7xx_hal_dac.o
      8662        168          8          0          0      13246   stm32h7xx_hal_dma.o
       520         52          0          0          0       2120   stm32h7xx_hal_gpio.o
        36          4          0          0          0        818   stm32h7xx_hal_msp.o
        96          6          0          0          0        777   stm32h7xx_hal_pwr_ex.o
      3648        114          0          0          0       6920   stm32h7xx_hal_rcc.o
      8084        186          0          0          0      10851   stm32h7xx_hal_rcc_ex.o
       914         86          0          0          0       6542   stm32h7xx_hal_tim.o
       204         30          0          0          0       1408   stm32h7xx_hal_tim_ex.o
      3542        148         24          0          0      30564   stm32h7xx_hal_uart.o
       360         10         16          0          0       5458   stm32h7xx_hal_uart_ex.o
        90         20          0          0          0       5774   stm32h7xx_it.o
       252         40         16          8          0       1294   system_stm32h7xx.o
       284         28          0          0        152       2301   tim.o
       280         22          0          0        148       1826   usart.o

    ----------------------------------------------------------------------
     33808       1412        760         24      30756    1661480   Object Totals
         0          0         32          0          0          0   (incl. Generated)
        22          0          0          6          0          0   (incl. Padding)

    ----------------------------------------------------------------------

      Code (inc. data)   RO Data    RW Data    ZI Data      Debug   Library Member Name

         0          0          0          0          0          0   entry.o
         0          0          0          0          0          0   entry10a.o
         0          0          0          0          0          0   entry11a.o
         8          4          0          0          0          0   entry2.o
         4          0          0          0          0          0   entry5.o
         0          0          0          0          0          0   entry7b.o
         0          0          0          0          0          0   entry8b.o
         8          4          0          0          0          0   entry9a.o
        18          0          0          0          0         80   fputc.o
        30          0          0          0          0          0   handlers.o
        36          8          0          0          0         68   init.o
         0          0          0          0          0          0   iusefp.o
         0          0          0          0          0          0   iusesemip.o
        30          0          0          0          0         68   llshl.o
        36          0          0          0          0         68   llsshr.o
        32          0          0          0          0         68   llushr.o
        36          0          0          0          0        108   memseta.o
      2258         90          0          0          0        452   printfa.o
         0          0          0          0          0          0   semi.o
         0          0          0          4          0          0   stdout.o
        44          0          0          0          0         80   uidiv.o
        98          0          0          0          0         92   uldiv.o
        48          0          0          0          0         68   cdrcmple.o
       334          0          0          0          0        148   dadd.o
       222          0          0          0          0        100   ddiv.o
       186          0          0          0          0        176   depilogue.o
        48          0          0          0          0         68   dfixul.o
       228          0          0          0          0         96   dmul.o

    ----------------------------------------------------------------------
      3708        106          0          4          0       1740   Library Totals
         4          0          0          0          0          0   (incl. Padding)

    ----------------------------------------------------------------------

      Code (inc. data)   RO Data    RW Data    ZI Data      Debug   Library Name

      2638        106          0          4          0       1084   mc_w.l
      1066          0          0          0          0        656   mf_w.l

    ----------------------------------------------------------------------
      3708        106          0          4          0       1740   Library Totals

    ----------------------------------------------------------------------

==============================================================================


      Code (inc. data)   RO Data    RW Data    ZI Data      Debug   

     37516       1518        760         28      30756    1650840   Grand Totals
     37516       1518        760         28      30756    1650840   ELF Image Totals
     37516       1518        760         28          0          0   ROM Totals

==============================================================================

    Total RO  Size (Code + RO Data)                38276 (  37.38kB)
    Total RW  Size (RW Data + ZI Data)             30784 (  30.06kB)
    Total ROM Size (Code + RO Data + RW Data)      38304 (  37.41kB)

==============================================================================

