Component: ARM Compiler 6.11 Tool: armlink [5d3b3900]

==============================================================================

Section Cross References

    startup_stm32h750xx.o(RESET) refers to startup_stm32h750xx.o(STACK) for __initial_sp
    startup_stm32h750xx.o(RESET) refers to startup_stm32h750xx.o(.text) for Reset_Handler
    startup_stm32h750xx.o(RESET) refers to stm32h7xx_it.o(.text.NMI_Handler) for NMI_Handler
    startup_stm32h750xx.o(RESET) refers to stm32h7xx_it.o(.text.HardFault_Handler) for HardFault_Handler
    startup_stm32h750xx.o(RESET) refers to stm32h7xx_it.o(.text.MemManage_Handler) for MemManage_Handler
    startup_stm32h750xx.o(RESET) refers to stm32h7xx_it.o(.text.BusFault_Handler) for BusFault_Handler
    startup_stm32h750xx.o(RESET) refers to stm32h7xx_it.o(.text.UsageFault_Handler) for UsageFault_Handler
    startup_stm32h750xx.o(RESET) refers to stm32h7xx_it.o(.text.SVC_Handler) for SVC_Handler
    startup_stm32h750xx.o(RESET) refers to stm32h7xx_it.o(.text.DebugMon_Handler) for DebugMon_Handler
    startup_stm32h750xx.o(RESET) refers to stm32h7xx_it.o(.text.PendSV_Handler) for PendSV_Handler
    startup_stm32h750xx.o(RESET) refers to stm32h7xx_it.o(.text.SysTick_Handler) for SysTick_Handler
    startup_stm32h750xx.o(RESET) refers to stm32h7xx_it.o(.text.EXTI3_IRQHandler) for EXTI3_IRQHandler
    startup_stm32h750xx.o(RESET) refers to stm32h7xx_it.o(.text.DMA1_Stream0_IRQHandler) for DMA1_Stream0_IRQHandler
    startup_stm32h750xx.o(RESET) refers to stm32h7xx_it.o(.text.DMA1_Stream1_IRQHandler) for DMA1_Stream1_IRQHandler
    startup_stm32h750xx.o(RESET) refers to stm32h7xx_it.o(.text.DMA1_Stream2_IRQHandler) for DMA1_Stream2_IRQHandler
    startup_stm32h750xx.o(.text) refers to system_stm32h7xx.o(.text.SystemInit) for SystemInit
    startup_stm32h750xx.o(.text) refers to entry.o(.ARM.Collect$$$$00000000) for __main
    main.o(.text.main) refers to stm32h7xx_hal.o(.text.HAL_Init) for HAL_Init
    main.o(.text.main) refers to main.o(.text.MPU_Config) for MPU_Config
    main.o(.text.main) refers to main.o(.text.SystemClock_Config) for SystemClock_Config
    main.o(.text.main) refers to gpio.o(.text.MX_GPIO_Init) for MX_GPIO_Init
    main.o(.text.main) refers to dma.o(.text.MX_DMA_Init) for MX_DMA_Init
    main.o(.text.main) refers to tim.o(.text.MX_TIM7_Init) for MX_TIM7_Init
    main.o(.text.main) refers to usart.o(.text.MX_USART1_UART_Init) for MX_USART1_UART_Init
    main.o(.text.main) refers to adc.o(.text.MX_ADC1_Init) for MX_ADC1_Init
    main.o(.text.main) refers to tim.o(.text.MX_TIM15_Init) for MX_TIM15_Init
    main.o(.text.main) refers to dac.o(.text.MX_DAC1_Init) for MX_DAC1_Init
    main.o(.text.main) refers to tim.o(.text.MX_TIM4_Init) for MX_TIM4_Init
    main.o(.text.main) refers to tim.o(.text.MX_TIM1_Init) for MX_TIM1_Init
    main.o(.text.main) refers to main.o(.rodata.str1.1) for .L.str
    main.o(.text.main) refers to printfa.o(i.__0printf) for printf
    main.o(.text.main) refers to main.o(.bss.wave_type) for wave_type
    main.o(.text.main) refers to main.o(.text.adc_init) for adc_init
    main.o(.text.main) refers to main.o(.bss.fre) for fre
    main.o(.text.main) refers to main.o(.text.cal_2fres) for cal_2fres
    main.o(.text.main) refers to main.o(.text.cal_2types) for cal_2types
    main.o(.text.main) refers to main.o(.data.DAC_SIN) for DAC_SIN
    main.o(.text.main) refers to main.o(.ARM.__at_0x38000000) for data_A
    main.o(.text.main) refers to main.o(.data.Tri_Wave) for Tri_Wave
    main.o(.text.main) refers to main.o(.ARM.__at_0x38004000) for data_B
    main.o(.text.main) refers to dac.o(.bss.hdac1) for hdac1
    main.o(.text.main) refers to stm32h7xx_hal_dac.o(.text.HAL_DAC_Start_DMA) for HAL_DAC_Start_DMA
    main.o(.text.main) refers to tim.o(.bss.htim1) for htim1
    main.o(.text.main) refers to stm32h7xx_hal_tim.o(.text.HAL_TIM_Base_Start) for HAL_TIM_Base_Start
    main.o(.text.main) refers to tim.o(.bss.htim4) for htim4
    main.o(.text.main) refers to main.o(.bss.mode_flag) for mode_flag
    main.o(.text.main) refers to main.o(.text.get_pos_angle) for get_pos_angle
    main.o(.text.main) refers to main.o(.bss.pos_angle_A) for pos_angle_A
    main.o(.text.main) refers to main.o(.bss.delayT_A) for delayT_A
    main.o(.text.main) refers to main.o(.bss.pos_angle_B) for pos_angle_B
    main.o(.text.main) refers to main.o(.bss.delayT_B) for delayT_B
    main.o(.text.main) refers to main.o(.bss.change_pha) for change_pha
    main.o(.text.main) refers to main.o(.bss.restart_flag) for restart_flag
    main.o(.ARM.exidx.text.main) refers to main.o(.text.main) for [Anonymous Symbol]
    main.o(.text.MPU_Config) refers to stm32h7xx_hal_cortex.o(.text.HAL_MPU_Disable) for HAL_MPU_Disable
    main.o(.text.MPU_Config) refers to stm32h7xx_hal_cortex.o(.text.HAL_MPU_ConfigRegion) for HAL_MPU_ConfigRegion
    main.o(.text.MPU_Config) refers to stm32h7xx_hal_cortex.o(.text.HAL_MPU_Enable) for HAL_MPU_Enable
[...]
    i.__kernel_cos                           0x0800f250   Section        0  cos_i.o(i.__kernel_cos)
    i.__kernel_poly                          0x0800f314   Section        0  poly.o(i.__kernel_poly)
    i.__kernel_sin                           0x0800f388   Section        0  sin_i.o(i.__kernel_sin)
    i.__mathlib_dbl_infnan                   0x0800f428   Section        0  dunder.o(i.__mathlib_dbl_infnan)
    i.__mathlib_dbl_infnan2                  0x0800f42e   Section        0  dunder.o(i.__mathlib_dbl_infnan2)
    i.__mathlib_dbl_invalid                  0x0800f438   Section        0  dunder.o(i.__mathlib_dbl_invalid)
    i.__mathlib_dbl_underflow                0x0800f450   Section        0  dunder.o(i.__mathlib_dbl_underflow)
    i.__scatterload_copy                     0x0800f468   Section       14  handlers.o(i.__scatterload_copy)
    i.__scatterload_null                     0x0800f476   Section        2  handlers.o(i.__scatterload_null)
    i.__scatterload_zeroinit                 0x0800f478   Section       14  handlers.o(i.__scatterload_zeroinit)
    i.__set_errno                            0x0800f488   Section        0  errno.o(i.__set_errno)
    _fp_digits                               0x0800f495   Thumb Code   366  printfa.o(i._fp_digits)
    i._fp_digits                             0x0800f494   Section        0  printfa.o(i._fp_digits)
    _printf_core                             0x0800f619   Thumb Code  1744  printfa.o(i._printf_core)
    i._printf_core                           0x0800f618   Section        0  printfa.o(i._printf_core)
    _printf_post_padding                     0x0800fcf5   Thumb Code    36  printfa.o(i._printf_post_padding)
    i._printf_post_padding                   0x0800fcf4   Section        0  printfa.o(i._printf_post_padding)
    _printf_pre_padding                      0x0800fd19   Thumb Code    46  printfa.o(i._printf_pre_padding)
    i._printf_pre_padding                    0x0800fd18   Section        0  printfa.o(i._printf_pre_padding)
    i.atan                                   0x0800fd46   Section        0  atan.o(i.atan)
    i.fabs                                   0x0800fd56   Section        0  fabs.o(i.fabs)
    i.free                                   0x0800fd70   Section        0  malloc.o(i.free)
    atanhi                                   0x0800fdc0   Data          32  atan.o(.constdata)
    .constdata                               0x0800fdc0   Section      152  atan.o(.constdata)
    atanlo                                   0x0800fde0   Data          32  atan.o(.constdata)
    aTodd                                    0x0800fe00   Data          40  atan.o(.constdata)
    aTeven                                   0x0800fe28   Data          48  atan.o(.constdata)
    C                                        0x0800fe58   Data          48  cos_i.o(.constdata)
    .constdata                               0x0800fe58   Section       48  cos_i.o(.constdata)
    .constdata                               0x0800fe88   Section        8  qnan.o(.constdata)
    pio2s                                    0x0800fe90   Data          48  rred.o(.constdata)
    .constdata                               0x0800fe90   Section      200  rred.o(.constdata)
    twooverpi                                0x0800fec0   Data         152  rred.o(.constdata)
    S                                        0x0800ff58   Data          40  sin_i.o(.constdata)
    .constdata                               0x0800ff58   Section       40  sin_i.o(.constdata)
    DMA_CalcBaseAndBitshift.flagBitshiftOffset 0x0800ff90   Data           8  stm32h7xx_hal_dma.o(.rodata.DMA_CalcBaseAndBitshift.flagBitshiftOffset)
    [Anonymous Symbol]                       0x0800ff90   Section        0  stm32h7xx_hal_dma.o(.rodata.DMA_CalcBaseAndBitshift.flagBitshiftOffset)
    UARTEx_SetNbDataToProcess.denominator    0x0800ff98   Data           8  stm32h7xx_hal_uart_ex.o(.rodata.UARTEx_SetNbDataToProcess.denominator)
    [Anonymous Symbol]                       0x0800ff98   Section        0  stm32h7xx_hal_uart_ex.o(.rodata.UARTEx_SetNbDataToProcess.denominator)
    UARTEx_SetNbDataToProcess.numerator      0x0800ffa0   Data           8  stm32h7xx_hal_uart_ex.o(.rodata.UARTEx_SetNbDataToProcess.numerator)
    [Anonymous Symbol]                       0x0800ffa0   Section        0  stm32h7xx_hal_uart_ex.o(.rodata.UARTEx_SetNbDataToProcess.numerator)
    .L.str.11                                0x0800ffc0   Data          37  main.o(.rodata.str1.1)
    [Anonymous Symbol]                       0x0800ffc0   Section        0  main.o(.rodata.str1.1)
    .L.str.10                                0x0800ffe5   Data          47  main.o(.rodata.str1.1)
    .L.str.9                                 0x08010014   Data           8  main.o(.rodata.str1.1)
    .L.str.8                                 0x0801001c   Data           8  main.o(.rodata.str1.1)
    .L.str.7                                 0x08010024   Data          10  main.o(.rodata.str1.1)
    .L.str.4                                 0x0801002e   Data           7  main.o(.rodata.str1.1)
    .L.str.6                                 0x08010035   Data           7  main.o(.rodata.str1.1)
    .L.str.3                                 0x0801003c   Data           7  main.o(.rodata.str1.1)
    .L.str.5                                 0x08010043   Data           7  main.o(.rodata.str1.1)
    .L.str                                   0x0801004a   Data           7  main.o(.rodata.str1.1)
    .L.str.1                                 0x08010051   Data          13  main.o(.rodata.str1.1)
    .L.str.2                                 0x0801005e   Data          13  main.o(.rodata.str1.1)
    .data                                    0x20000000   Section        4  stdout.o(.data)
    .data                                    0x20000004   Section        4  mvars.o(.data)
    _errno                                   0x20000008   Data           4  errno.o(.data)
    .data                                    0x20000008   Section        4  errno.o(.data)
    FFT.n                                    0x20003b6c   Data           4  xfft.o(.data.FFT.n)
    [Anonymous Symbol]                       0x20003b6c   Section        0  xfft.o(.data.FFT.n)
    FFT.mw                                   0x20005934   Data           4  xfft.o(.bss.FFT.mw)
    [Anonymous Symbol]                       0x20005934   Section        0  xfft.o(.bss.FFT.mw)
    FFT.w                                    0x20005938   Data           4  xfft.o(.bss.FFT.w)
    [Anonymous Symbol]                       0x20005938   Section        0  xfft.o(.bss.FFT.w)
    STACK                                    0x20005d18   Section    29696  startup_stm32h750xx.o(STACK)

    Global Symbols

    Symbol Name                              Value     Ov Type        Size  Object(Section)

    BuildAttributes$$THM_ISAv4$E$P$D$K$B$S$7EM$VFPv5_D16$PE$PLD8$A:L22UL41UL21$X:L11$S22US41US21$IEEE1$IW$~IW$USESV6$~STKCKD$USESV7$~SHL$OTIME$ROPI$IEEEX$EBA8$MICROLIB$REQ8$PRES8$EABIv2 0x00000000   Number         0  anon$$obj.o ABSOLUTE
    __cpp_initialize__aeabi_                  - Undefined Weak Reference
    __cxa_finalize                            - Undefined Weak Reference
    _clock_init                               - Undefined Weak Reference
    _microlib_exit                            - Undefined Weak Reference
    __Vectors_Size                           0x00000298   Number         0  startup_stm32h750xx.o ABSOLUTE
    __Vectors                                0x08000000   Data           4  startup_stm32h750xx.o(RESET)
    __Vectors_End                            0x08000298   Data           0  startup_stm32h750xx.o(RESET)
    __main                                   0x08000299   Thumb Code     0  entry.o(.ARM.Collect$$$$00000000)
    _main_stk                                0x08000299   Thumb Code     0  entry2.o(.ARM.Collect$$$$00000001)
    _main_scatterload                        0x0800029d   Thumb Code     0  entry5.o(.ARM.Collect$$$$00000004)
    __main_after_scatterload                 0x080002a1   Thumb Code     0  entry5.o(.ARM.Collect$$$$00000004)
    _main_clock                              0x080002a1   Thumb Code     0  entry7b.o(.ARM.Collect$$$$00000008)
    _main_cpp_init                           0x080002a1   Thumb Code     0  entry8b.o(.ARM.Collect$$$$0000000A)
    _main_init                               0x080002a1   Thumb Code     0  entry9a.o(.ARM.Collect$$$$0000000B)
    __rt_final_cpp                           0x080002a9   Thumb Code     0  entry10a.o(.ARM.Collect$$$$0000000D)
    __rt_final_exit                          0x080002a9   Thumb Code     0  entry11a.o(.ARM.Collect$$$$0000000F)
    Reset_Handler                            0x080002ad   Thumb Code     8  startup_stm32h750xx.o(.text)
    ADC3_IRQHandler                          0x080002c7   Thumb Code     0  startup_stm32h750xx.o(.text)
    ADC_IRQHandler                           0x080002c7   Thumb Code     0  startup_stm32h750xx.o(.text)
    BDMA_Channel0_IRQHandler                 0x080002c7   Thumb Code     0  startup_stm32h750xx.o(.text)
    BDMA_Channel1_IRQHandler                 0x080002c7   Thumb Code     0  startup_stm32h750xx.o(.text)
    BDMA_Channel2_IRQHandler                 0x080002c7   Thumb Code     0  startup_stm32h750xx.o(.text)
    BDMA_Channel3_IRQHandler                 0x080002c7   Thumb Code     0  startup_stm32h750xx.o(.text)
    BDMA_Channel4_IRQHandler                 0x080002c7   Thumb Code     0  startup_stm32h750xx.o(.text)
    BDMA_Channel5_IRQHandler                 0x080002c7   Thumb Code     0  startup_stm32h750xx.o(.text)
    BDMA_Channel6_IRQHandler                 0x080002c7   Thumb Code     0  startup_stm32h750xx.o(.text)
    BDMA_Channel7_IRQHandler                 0x080002c7   Thumb Code     0  startup_stm32h750xx.o(.text)
    CEC_IRQHandler                           0x080002c7   Thumb Code     0  startup_stm32h750xx.o(.text)
    COMP1_IRQHandler                         0x080002c7   Thumb Code     0  startup_stm32h750xx.o(.text)
    CRS_IRQHandler                           0x080002c7   Thumb Code     0  startup_stm32h750xx.o(.text)
    CRYP_IRQHandler                          0x080002c7   Thumb Code     0  startup_stm32h750xx.o(.text)
    DCMI_IRQHandler                          0x080002c7   Thumb Code     0  startup_stm32h750xx.o(.text)
    DFSDM1_FLT0_IRQHandler                   0x080002c7   Thumb Code     0  startup_stm32h750xx.o(.text)
    DFSDM1_FLT1_IRQHandler                   0x080002c7   Thumb Code     0  startup_stm32h750xx.o(.text)
    DFSDM1_FLT2_IRQHandler                   0x080002c7   Thumb Code     0  startup_stm32h750xx.o(.text)
    DFSDM1_FLT3_IRQHandler                   0x080002c7   Thumb Code     0  startup_stm32h750xx.o(.text)
    DMA1_Stream3_IRQHandler                  0x080002c7   Thumb Code     0  startup_stm32h750xx.o(.text)
    DMA1_Stream4_IRQHandler                  0x080002c7   Thumb Code     0  startup_stm32h750xx.o(.text)
    DMA1_Stream5_IRQHandler                  0x080002c7   Thumb Code     0  startup_stm32h750xx.o(.text)
    DMA1_Stream6_IRQHandler                  0x080002c7   Thumb Code     0  startup_stm32h750xx.o(.text)
    DMA1_Stream7_IRQHandler                  0x080002c7   Thumb Code     0  startup_stm32h750xx.o(.text)
    DMA2D_IRQHandler                         0x080002c7   Thumb Code     0  startup_stm32h750xx.o(.text)
    DMA2_Stream0_IRQHandler                  0x080002c7   Thumb Code     0  startup_stm32h750xx.o(.text)
    DMA2_Stream1_IRQHandler                  0x080002c7   Thumb Code     0  startup_stm32h750xx.o(.text)
    DMA2_Stream2_IRQHandler                  0x080002c7   Thumb Code     0  startup_stm32h750xx.o(.text)
    DMA2_Stream3_IRQHandler                  0x080002c7   Thumb Code     0  startup_stm32h750xx.o(.text)
    DMA2_Stream4_IRQHandler                  0x080002c7   Thumb Code     0  startup_stm32h750xx.o(.text)
    DMA2_Stream5_IRQHandler                  0x080002c7   Thumb Code     0  startup_stm32h750xx.o(.text)
    DMA2_Stream6_IRQHandler                  0x080002c7   Thumb Code     0  startup_stm32h750xx.o(.text)
    DMA2_Stream7_IRQHandler                  0x080002c7   Thumb Code     0  startup_stm32h750xx.o(.text)
    DMAMUX1_OVR_IRQHandler                   0x080002c7   Thumb Code     0  startup_stm32h750xx.o(.text)
    DMAMUX2_OVR_IRQHandler                   0x080002c7   Thumb Code     0  startup_stm32h750xx.o(.text)
    ECC_IRQHandler                           0x080002c7   Thumb Code     0  startup_stm32h750xx.o(.text)
    ETH_IRQHandler                           0x080002c7   Thumb Code     0  startup_stm32h750xx.o(.text)
    ETH_WKUP_IRQHandler                      0x080002c7   Thumb Code     0  startup_stm32h750xx.o(.text)
    EXTI0_IRQHandler                         0x080002c7   Thumb Code     0  startup_stm32h750xx.o(.text)
    EXTI15_10_IRQHandler                     0x080002c7   Thumb Code     0  startup_stm32h750xx.o(.text)
    EXTI1_IRQHandler                         0x080002c7   Thumb Code     0  startup_stm32h750xx.o(.text)
    EXTI2_IRQHandler                         0x080002c7   Thumb Code     0  startup_stm32h750xx.o(.text)
    EXTI4_IRQHandler                         0x080002c7   Thumb Code     0  startup_stm32h750xx.o(.text)
    EXTI9_5_IRQHandler                       0x080002c7   Thumb Code     0  startup_stm32h750xx.o(.text)
    FDCAN1_IT0_IRQHandler                    0x080002c7   Thumb Code     0  startup_stm32h750xx.o(.text)
    FDCAN1_IT1_IRQHandler                    0x080002c7   Thumb Code     0  startup_stm32h750xx.o(.text)
    FDCAN2_IT0_IRQHandler                    0x080002c7   Thumb Code     0  startup_stm32h750xx.o(.text)
    FDCAN2_IT1_IRQHandler                    0x080002c7   Thumb Code     0  startup_stm32h750xx.o(.text)
    FDCAN_CAL_IRQHandler                     0x080002c7   Thumb Code     0  startup_stm32h750xx.o(.text)
    FLASH_IRQHandler                         0x080002c7   Thumb Code     0  startup_stm32h750xx.o(.text)
    FMC_IRQHandler                           0x080002c7   Thumb Code     0  startup_stm32h750xx.o(.text)
    FPU_IRQHandler                           0x080002c7   Thumb Code     0  startup_stm32h750xx.o(.text)
    HASH_RNG_IRQHandler                      0x080002c7   Thumb Code     0  startup_stm32h750xx.o(.text)
    HRTIM1_FLT_IRQHandler                    0x080002c7   Thumb Code     0  startup_stm32h750xx.o(.text)
    HRTIM1_Master_IRQHandler                 0x080002c7   Thumb Code     0  startup_stm32h750xx.o(.text)
    HRTIM1_TIMA_IRQHandler                   0x080002c7   Thumb Code     0  startup_stm32h750xx.o(.text)
    HRTIM1_TIMB_IRQHandler                   0x080002c7   Thumb Code     0  startup_stm32h750xx.o(.text)
    HRTIM1_TIMC_IRQHandler                   0x080002c7   Thumb Code     0  startup_stm32h750xx.o(.text)
    HRTIM1_TIMD_IRQHandler                   0x080002c7   Thumb Code     0  startup_stm32h750xx.o(.text)
    HRTIM1_TIME_IRQHandler                   0x080002c7   Thumb Code     0  startup_stm32h750xx.o(.text)
    HSEM1_IRQHandler                         0x080002c7   Thumb Code     0  startup_stm32h750xx.o(.text)
    I2C1_ER_IRQHandler                       0x080002c7   Thumb Code     0  startup_stm32h750xx.o(.text)
    I2C1_EV_IRQHandler                       0x080002c7   Thumb Code     0  startup_stm32h750xx.o(.text)
    I2C2_ER_IRQHandler                       0x080002c7   Thumb Code     0  startup_stm32h750xx.o(.text)
    I2C2_EV_IRQHandler                       0x080002c7   Thumb Code     0  startup_stm32h750xx.o(.text)
    I2C3_ER_IRQHandler                       0x080002c7   Thumb Code     0  startup_stm32h750xx.o(.text)
    I2C3_EV_IRQHandler                       0x080002c7   Thumb Code     0  startup_stm32h750xx.o(.text)
    I2C4_ER_IRQHandler                       0x080002c7   Thumb Code     0  startup_stm32h750xx.o(.text)
    I2C4_EV_IRQHandler                       0x080002c7   Thumb Code     0  startup_stm32h750xx.o(.text)
    JPEG_IRQHandler                          0x080002c7   Thumb Code     0  startup_stm32h750xx.o(.text)
    LPTIM1_IRQHandler                        0x080002c7   Thumb Code     0  startup_stm32h750xx.o(.text)
    LPTIM2_IRQHandler                        0x080002c7   Thumb Code     0  startup_stm32h750xx.o(.text)
    LPTIM3_IRQHandler                        0x080002c7   Thumb Code     0  startup_stm32h750xx.o(.text)
    LPTIM4_IRQHandler                        0x080002c7   Thumb Code     0  startup_stm32h750xx.o(.text)
    LPTIM5_IRQHandler                        0x080002c7   Thumb Code     0  startup_stm32h750xx.o(.text)
    LPUART1_IRQHandler                       0x080002c7   Thumb Code     0  startup_stm32h750xx.o(.text)
    LTDC_ER_IRQHandler                       0x080002c7   Thumb Code     0  startup_stm32h750xx.o(.text)
    LTDC_IRQHandler                          0x080002c7   Thumb Code     0  startup_stm32h750xx.o(.text)
    MDIOS_IRQHandler                         0x080002c7   Thumb Code     0  startup_stm32h750xx.o(.text)
    MDIOS_WKUP_IRQHandler                    0x080002c7   Thumb Code     0  startup_stm32h750xx.o(.text)
    MDMA_IRQHandler                          0x080002c7   Thumb Code     0  startup_stm32h750xx.o(.text)
    OTG_FS_EP1_IN_IRQHandler                 0x080002c7   Thumb Code     0  startup_stm32h750xx.o(.text)
    OTG_FS_EP1_OUT_IRQHandler                0x080002c7   Thumb Code     0  startup_stm32h750xx.o(.text)
    OTG_FS_IRQHandler                        0x080002c7   Thumb Code     0  startup_stm32h750xx.o(.text)
    OTG_FS_WKUP_IRQHandler                   0x080002c7   Thumb Code     0  startup_stm32h750xx.o(.text)
    OTG_HS_EP1_IN_IRQHandler                 0x080002c7   Thumb Code     0  startup_stm32h750xx.o(.text)
    OTG_HS_EP1_OUT_IRQHandler                0x080002c7   Thumb Code     0  startup_stm32h750xx.o(.text)
    OTG_HS_IRQHandler                        0x080002c7   Thumb Code     0  startup_stm32h750xx.o(.text)
    OTG_HS_WKUP_IRQHandler                   0x080002c7   Thumb Code     0  startup_stm32h750xx.o(.text)
    PVD_AVD_IRQHandler                       0x080002c7   Thumb Code     0  startup_stm32h750xx.o(.text)
    QUADSPI_IRQHandler                       0x080002c7   Thumb Code     0  startup_stm32h750xx.o(.text)
    RCC_IRQHandler                           0x080002c7   Thumb Code     0  startup_stm32h750xx.o(.text)
    RTC_Alarm_IRQHandler                     0x080002c7   Thumb Code     0  startup_stm32h750xx.o(.text)
    RTC_WKUP_IRQHandler                      0x080002c7   Thumb Code     0  startup_stm32h750xx.o(.text)
    SAI1_IRQHandler                          0x080002c7   Thumb Code     0  startup_stm32h750xx.o(.text)
    SAI2_IRQHandler                          0x080002c7   Thumb Code     0  startup_stm32h750xx.o(.text)
    SAI3_IRQHandler                          0x080002c7   Thumb Code     0  startup_stm32h750xx.o(.text)
    SAI4_IRQHandler                          0x080002c7   Thumb Code     0  startup_stm32h750xx.o(.text)
    SDMMC1_IRQHandler                        0x080002c7   Thumb Code     0  startup_stm32h750xx.o(.text)
    SDMMC2_IRQHandler                        0x080002c7   Thumb Code     0  startup_stm32h750xx.o(.text)
    SPDIF_RX_IRQHandler                      0x080002c7   Thumb Code     0  startup_stm32h750xx.o(.text)
    SPI1_IRQHandler                          0x080002c7   Thumb Code     0  startup_stm32h750xx.o(.text)
    SPI2_IRQHandler                          0x080002c7   Thumb Code     0  startup_stm32h750xx.o(.text)
    SPI3_IRQHandler                          0x080002c7   Thumb Code     0  startup_stm32h750xx.o(.text)
    SPI4_IRQHandler                          0x080002c7   Thumb Code     0  startup_stm32h750xx.o(.text)
    SPI5_IRQHandler                          0x080002c7   Thumb Code     0  startup_stm32h750xx.o(.text)
    SPI6_IRQHandler                          0x080002c7   Thumb Code     0  startup_stm32h750xx.o(.text)
    SWPMI1_IRQHandler                        0x080002c7   Thumb Code     0  startup_stm32h750xx.o(.text)
    TAMP_STAMP_IRQHandler                    0x080002c7   Thumb Code     0  startup_stm32h750xx.o(.text)
    TIM15_IRQHandler                         0x080002c7   Thumb Code     0  startup_stm32h750xx.o(.text)
    TIM16_IRQHandler                         0x080002c7   Thumb Code     0  startup_stm32h750xx.o(.text)
    TIM17_IRQHandler                         0x080002c7   Thumb Code     0  startup_stm32h750xx.o(.text)
    TIM1_BRK_IRQHandler                      0x080002c7   Thumb Code     0  startup_stm32h750xx.o(.text)
    TIM1_CC_IRQHandler                       0x080002c7   Thumb Code     0  startup_stm32h750xx.o(.text)
    TIM1_TRG_COM_IRQHandler                  0x080002c7   Thumb Code     0  startup_stm32h750xx.o(.text)
    TIM1_UP_IRQHandler                       0x080002c7   Thumb Code     0  startup_stm32h750xx.o(.text)
    TIM2_IRQHandler                          0x080002c7   Thumb Code     0  startup_stm32h750xx.o(.text)
    TIM3_IRQHandler                          0x080002c7   Thumb Code     0  startup_stm32h750xx.o(.text)
    TIM4_IRQHandler                          0x080002c7   Thumb Code     0  startup_stm32h750xx.o(.text)
    TIM5_IRQHandler                          0x080002c7   Thumb Code     0  startup_stm32h750xx.o(.text)
    TIM6_DAC_IRQHandler                      0x080002c7   Thumb Code     0  startup_stm32h750xx.o(.text)
    TIM7_IRQHandler                          0x080002c7   Thumb Code     0  startup_stm32h750xx.o(.text)
    TIM8_BRK_TIM12_IRQHandler                0x080002c7   Thumb Code     0  startup_stm32h750xx.o(.text)
    TIM8_CC_IRQHandler                       0x080002c7   Thumb Code     0  startup_stm32h750xx.o(.text)
    TIM8_TRG_COM_TIM14_IRQHandler            0x080002c7   Thumb Code     0  startup_stm32h750xx.o(.text)
    TIM8_UP_TIM13_IRQHandler                 0x080002c7   Thumb Code     0  startup_stm32h750xx.o(.text)
    UART4_IRQHandler                         0x080002c7   Thumb Code     0  startup_stm32h750xx.o(.text)
    UART5_IRQHandler                         0x080002c7   Thumb Code     0  startup_stm32h750xx.o(.text)
    UART7_IRQHandler                         0x080002c7   Thumb Code     0  startup_stm32h750xx.o(.text)
    UART8_IRQHandler                         0x080002c7   Thumb Code     0  startup_stm32h750xx.o(.text)
    USART1_IRQHandler                        0x080002c7   Thumb Code     0  startup_stm32h750xx.o(.text)
    USART2_IRQHandler                        0x080002c7   Thumb Code     0  startup_stm32h750xx.o(.text)
    USART3_IRQHandler                        0x080002c7   Thumb Code     0  startup_stm32h750xx.o(.text)
    USART6_IRQHandler                        0x080002c7   Thumb Code     0  startup_stm32h750xx.o(.text)
    WAKEUP_PIN_IRQHandler                    0x080002c7   Thumb Code     0  startup_stm32h750xx.o(.text)
    WWDG_IRQHandler                          0x080002c7   Thumb Code     0  startup_stm32h750xx.o(.text)
    __aeabi_uldivmod                         0x080002d1   Thumb Code    98  uldiv.o(.text)
    __aeabi_memset                           0x08000333   Thumb Code    14  memseta.o(.text)
    __aeabi_memset4                          0x08000333   Thumb Code     0  memseta.o(.text)
    __aeabi_memset8                          0x08000333   Thumb Code     0  memseta.o(.text)
    __aeabi_memclr                           0x08000341   Thumb Code     4  memseta.o(.text)
    __aeabi_memclr4                          0x08000341   Thumb Code     0  memseta.o(.text)
    __aeabi_memclr8                          0x08000341   Thumb Code     0  memseta.o(.text)
    _memset$wrapper                          0x08000345   Thumb Code    18  memseta.o(.text)
    __aeabi_uidiv                            0x08000357   Thumb Code     0  uidiv.o(.text)
    __aeabi_uidivmod                         0x08000357   Thumb Code    44  uidiv.o(.text)
    __aeabi_llsl                             0x08000383   Thumb Code    30  llshl.o(.text)
    _ll_shift_l                              0x08000383   Thumb Code     0  llshl.o(.text)
    __aeabi_llsr                             0x080003a1   Thumb Code    32  llushr.o(.text)
    _ll_ushift_r                             0x080003a1   Thumb Code     0  llushr.o(.text)
    __I$use$fp                               0x080003c1   Thumb Code     0  iusefp.o(.text)
    __aeabi_dadd                             0x080003c1   Thumb Code   322  dadd.o(.text)
    __aeabi_dsub                             0x08000503   Thumb Code     6  dadd.o(.text)
    __aeabi_drsub                            0x08000509   Thumb Code     6  dadd.o(.text)
    __aeabi_dmul                             0x0800050f   Thumb Code   228  dmul.o(.text)
    __aeabi_ddiv                             0x080005f3   Thumb Code   222  ddiv.o(.text)
    __aeabi_d2ulz                            0x080006d1   Thumb Code    48  dfixul.o(.text)
    __aeabi_cdrcmple                         0x08000701   Thumb Code    48  cdrcmple.o(.text)
    __scatterload                            0x08000731   Thumb Code    28  init.o(.text)
    __scatterload_rt2                        0x08000731   Thumb Code     0  init.o(.text)
    __aeabi_lasr                             0x08000755   Thumb Code    36  llsshr.o(.text)
    _ll_sshift_r                             0x08000755   Thumb Code     0  llsshr.o(.text)
    _double_round                            0x08000779   Thumb Code    30  depilogue.o(.text)
    _double_epilogue                         0x08000797   Thumb Code   156  depilogue.o(.text)
    __decompress                             0x08000833   Thumb Code     0  __dclz77c.o(.text)
    __decompress2                            0x08000833   Thumb Code    94  __dclz77c.o(.text)
    ADC_ConfigureBoostMode                   0x08000891   Thumb Code   540  stm32h7xx_hal_adc.o(.text.ADC_ConfigureBoostMode)
    ADC_ConversionStop                       0x08000ab1   Thumb Code   424  stm32h7xx_hal_adc.o(.text.ADC_ConversionStop)
    ADC_DMAConvCplt                          0x08000c59   Thumb Code   224  stm32h7xx_hal_adc.o(.text.ADC_DMAConvCplt)
    ADC_DMAError                             0x08000d39   Thumb Code    46  stm32h7xx_hal_adc.o(.text.ADC_DMAError)
    ADC_DMAHalfConvCplt                      0x08000d69   Thumb Code    26  stm32h7xx_hal_adc.o(.text.ADC_DMAHalfConvCplt)
    ADC_Disable                              0x08000d89   Thumb Code   212  stm32h7xx_hal_adc.o(.text.ADC_Disable)
    ADC_Enable                               0x08000e61   Thumb Code   350  stm32h7xx_hal_adc.o(.text.ADC_Enable)
    BusFault_Handler                         0x08000fc1   Thumb Code     4  stm32h7xx_it.o(.text.BusFault_Handler)
    DAC_DMAConvCpltCh1                       0x08000fc9   Thumb Code    32  stm32h7xx_hal_dac.o(.text.DAC_DMAConvCpltCh1)
    DAC_DMAConvCpltCh2                       0x08000fe9   Thumb Code    32  stm32h7xx_hal_dac_ex.o(.text.DAC_DMAConvCpltCh2)
    DAC_DMAErrorCh1                          0x08001009   Thumb Code    42  stm32h7xx_hal_dac.o(.text.DAC_DMAErrorCh1)
    DAC_DMAErrorCh2                          0x08001039   Thumb Code    42  stm32h7xx_hal_dac_ex.o(.text.DAC_DMAErrorCh2)
    DAC_DMAHalfConvCpltCh1                   0x08001069   Thumb Code    26  stm32h7xx_hal_dac.o(.text.DAC_DMAHalfConvCpltCh1)
    DAC_DMAHalfConvCpltCh2                   0x08001089   Thumb Code    26  stm32h7xx_hal_dac_ex.o(.text.DAC_DMAHalfConvCpltCh2)
    DMA1_Stream0_IRQHandler                  0x080010a9   Thumb Code    16  stm32h7xx_it.o(.text.DMA1_Stream0_IRQHandler)
    DMA1_Stream1_IRQHandler                  0x080010b9   Thumb Code    16  stm32h7xx_it.o(.text.DMA1_Stream1_IRQHandler)
    DMA1_Stream2_IRQHandler                  0x080010c9   Thumb Code    16  stm32h7xx_it.o(.text.DMA1_Stream2_IRQHandler)
    DebugMon_Handler                         0x08001ba1   Thumb Code     2  stm32h7xx_it.o(.text.DebugMon_Handler)
    EXTI3_IRQHandler                         0x08001ba9   Thumb Code    10  stm32h7xx_it.o(.text.EXTI3_IRQHandler)
    Error_Handler                            0x08001bb9   Thumb Code    14  main.o(.text.Error_Handler)
    FFT                                      0x08001bc9   Thumb Code  1014  xfft.o(.text.FFT)
    FFT_Init                                 0x08001fc1   Thumb Code   408  xfft.o(.text.FFT_Init)
    HAL_ADCEx_Calibration_Start              0x08002159   Thumb Code   248  stm32h7xx_hal_adc_ex.o(.text.HAL_ADCEx_Calibration_Start)
    HAL_ADCEx_MultiModeConfigChannel         0x08002251   Thumb Code   682  stm32h7xx_hal_adc_ex.o(.text.HAL_ADCEx_MultiModeConfigChannel)
    HAL_ADC_ConfigChannel                    0x08002501   Thumb Code  2182  stm32h7xx_hal_adc.o(.text.HAL_ADC_ConfigChannel)
    HAL_ADC_ConvCpltCallback                 0x08002d89   Thumb Code    44  main.o(.text.HAL_ADC_ConvCpltCallback)
    HAL_ADC_ConvHalfCpltCallback             0x08002db9   Thumb Code    12  stm32h7xx_hal_adc.o(.text.HAL_ADC_ConvHalfCpltCallback)
    HAL_ADC_DeInit                           0x08002dc9   Thumb Code   762  stm32h7xx_hal_adc.o(.text.HAL_ADC_DeInit)
    HAL_ADC_ErrorCallback                    0x080030c9   Thumb Code    12  stm32h7xx_hal_adc.o(.text.HAL_ADC_ErrorCallback)
    HAL_ADC_Init                             0x080030d9   Thumb Code  1008  stm32h7xx_hal_adc.o(.text.HAL_ADC_Init)
    HAL_ADC_MspDeInit                        0x080034c9   Thumb Code    74  adc.o(.text.HAL_ADC_MspDeInit)
    HAL_ADC_MspInit                          0x08003519   Thumb Code   294  adc.o(.text.HAL_ADC_MspInit)
    HAL_ADC_Start_DMA                        0x08003641   Thumb Code   504  stm32h7xx_hal_adc.o(.text.HAL_ADC_Start_DMA)
    HAL_DACEx_ConvCpltCallbackCh2            0x08003839   Thumb Code    12  stm32h7xx_hal_dac_ex.o(.text.HAL_DACEx_ConvCpltCallbackCh2)
    HAL_DACEx_ConvHalfCpltCallbackCh2        0x08003849   Thumb Code    12  stm32h7xx_hal_dac_ex.o(.text.HAL_DACEx_ConvHalfCpltCallbackCh2)
    HAL_DACEx_ErrorCallbackCh2               0x08003859   Thumb Code    12  stm32h7xx_hal_dac_ex.o(.text.HAL_DACEx_ErrorCallbackCh2)
    HAL_DAC_ConfigChannel                    0x08003869   Thumb Code   728  stm32h7xx_hal_dac.o(.text.HAL_DAC_ConfigChannel)
    HAL_DAC_ConvCpltCallbackCh1              0x08003b41   Thumb Code    12  stm32h7xx_hal_dac.o(.text.HAL_DAC_ConvCpltCallbackCh1)
    HAL_DAC_ConvHalfCpltCallbackCh1          0x08003b51   Thumb Code    12  stm32h7xx_hal_dac.o(.text.HAL_DAC_ConvHalfCpltCallbackCh1)
    HAL_DAC_ErrorCallbackCh1                 0x08003b61   Thumb Code    12  stm32h7xx_hal_dac.o(.text.HAL_DAC_ErrorCallbackCh1)
    HAL_DAC_Init                             0x08003b71   Thumb Code    82  stm32h7xx_hal_dac.o(.text.HAL_DAC_Init)
    HAL_DAC_MspInit                          0x08003bc9   Thumb Code   326  dac.o(.text.HAL_DAC_MspInit)
    HAL_DAC_Start_DMA                        0x08003d11   Thumb Code   460  stm32h7xx_hal_dac.o(.text.HAL_DAC_Start_DMA)
    HAL_DMA_DeInit                           0x08003ee1   Thumb Code  1180  stm32h7xx_hal_dma.o(.text.HAL_DMA_DeInit)
    HAL_DMA_IRQHandler                       0x08004381   Thumb Code  4666  stm32h7xx_hal_dma.o(.text.HAL_DMA_IRQHandler)
    HAL_DMA_Init                             0x080055c1   Thumb Code  2452  stm32h7xx_hal_dma.o(.text.HAL_DMA_Init)
    HAL_DMA_Start_IT                         0x08005f59   Thumb Code  1842  stm32h7xx_hal_dma.o(.text.HAL_DMA_Start_IT)
    HAL_Delay                                0x08006691   Thumb Code    78  stm32h7xx_hal.o(.text.HAL_Delay)
    HAL_GPIO_DeInit                          0x080066e1   Thumb Code   610  stm32h7xx_hal_gpio.o(.text.HAL_GPIO_DeInit)
    HAL_GPIO_EXTI_Callback                   0x08006949   Thumb Code    38  main.o(.text.HAL_GPIO_EXTI_Callback)
    HAL_GPIO_EXTI_IRQHandler                 0x08006971   Thumb Code    56  stm32h7xx_hal_gpio.o(.text.HAL_GPIO_EXTI_IRQHandler)
    HAL_GPIO_Init                            0x080069a9   Thumb Code   986  stm32h7xx_hal_gpio.o(.text.HAL_GPIO_Init)
    HAL_GetREVID                             0x08006d89   Thumb Code    14  stm32h7xx_hal.o(.text.HAL_GetREVID)
    HAL_GetTick                              0x08006d99   Thumb Code    12  stm32h7xx_hal.o(.text.HAL_GetTick)
    HAL_IncTick                              0x08006da9   Thumb Code    26  stm32h7xx_hal.o(.text.HAL_IncTick)
    HAL_Init                                 0x08006dc9   Thumb Code   130  stm32h7xx_hal.o(.text.HAL_Init)
    HAL_InitTick                             0x08006e51   Thumb Code   142  stm32h7xx_hal.o(.text.HAL_InitTick)
    HAL_MPU_ConfigRegion                     0x08006ee1   Thumb Code   148  stm32h7xx_hal_cortex.o(.text.HAL_MPU_ConfigRegion)
    HAL_MPU_Disable                          0x08006f79   Thumb Code    34  stm32h7xx_hal_cortex.o(.text.HAL_MPU_Disable)
    HAL_MPU_Enable                           0x08006fa1   Thumb Code    52  stm32h7xx_hal_cortex.o(.text.HAL_MPU_Enable)
    HAL_MspInit                              0x08006fd9   Thumb Code    38  stm32h7xx_hal_msp.o(.text.HAL_MspInit)
    HAL_NVIC_EnableIRQ                       0x08007001   Thumb Code    24  stm32h7xx_hal_cortex.o(.text.HAL_NVIC_EnableIRQ)
    HAL_NVIC_SetPriority                     0x08007019   Thumb Code    72  stm32h7xx_hal_cortex.o(.text.HAL_NVIC_SetPriority)
    HAL_NVIC_SetPriorityGrouping             0x08007061   Thumb Code    20  stm32h7xx_hal_cortex.o(.text.HAL_NVIC_SetPriorityGrouping)
    HAL_PWREx_ConfigSupply                   0x08007079   Thumb Code   170  stm32h7xx_hal_pwr_ex.o(.text.HAL_PWREx_ConfigSupply)
    HAL_RCCEx_GetD3PCLK1Freq                 0x08007129   Thumb Code    42  stm32h7xx_hal_rcc_ex.o(.text.HAL_RCCEx_GetD3PCLK1Freq)
    HAL_RCCEx_GetPLL1ClockFreq               0x08007159   Thumb Code   692  stm32h7xx_hal_rcc_ex.o(.text.HAL_RCCEx_GetPLL1ClockFreq)
    HAL_RCCEx_GetPLL2ClockFreq               0x08007411   Thumb Code   692  stm32h7xx_hal_rcc_ex.o(.text.HAL_RCCEx_GetPLL2ClockFreq)
    HAL_RCCEx_GetPLL3ClockFreq               0x080076c9   Thumb Code   692  stm32h7xx_hal_rcc_ex.o(.text.HAL_RCCEx_GetPLL3ClockFreq)
    HAL_RCCEx_GetPeriphCLKFreq               0x08007981   Thumb Code  3204  stm32h7xx_hal_rcc_ex.o(.text.HAL_RCCEx_GetPeriphCLKFreq)
    HAL_RCCEx_PeriphCLKConfig                0x08008609   Thumb Code  4374  stm32h7xx_hal_rcc_ex.o(.text.HAL_RCCEx_PeriphCLKConfig)
    HAL_RCC_ClockConfig                      0x08009721   Thumb Code  1194  stm32h7xx_hal_rcc.o(.text.HAL_RCC_ClockConfig)
    HAL_RCC_GetHCLKFreq                      0x08009bd1   Thumb Code    88  stm32h7xx_hal_rcc.o(.text.HAL_RCC_GetHCLKFreq)
    HAL_RCC_GetPCLK1Freq                     0x08009c29   Thumb Code    42  stm32h7xx_hal_rcc.o(.text.HAL_RCC_GetPCLK1Freq)
    HAL_RCC_GetPCLK2Freq                     0x08009c59   Thumb Code    42  stm32h7xx_hal_rcc.o(.text.HAL_RCC_GetPCLK2Freq)
    HAL_RCC_GetSysClockFreq                  0x08009c89   Thumb Code   788  stm32h7xx_hal_rcc.o(.text.HAL_RCC_GetSysClockFreq)
    HAL_RCC_OscConfig                        0x08009fa1   Thumb Code  2998  stm32h7xx_hal_rcc.o(.text.HAL_RCC_OscConfig)
    HAL_SYSTICK_Config                       0x0800ab59   Thumb Code    20  stm32h7xx_hal_cortex.o(.text.HAL_SYSTICK_Config)
    HAL_TIMEx_MasterConfigSynchronization    0x0800ab71   Thumb Code   352  stm32h7xx_hal_tim_ex.o(.text.HAL_TIMEx_MasterConfigSynchronization)
    HAL_TIM_Base_Init                        0x0800acd1   Thumb Code   182  stm32h7xx_hal_tim.o(.text.HAL_TIM_Base_Init)
    HAL_TIM_Base_MspInit                     0x0800ad89   Thumb Code   224  tim.o(.text.HAL_TIM_Base_MspInit)
    HAL_TIM_Base_Start                       0x0800ae69   Thumb Code   252  stm32h7xx_hal_tim.o(.text.HAL_TIM_Base_Start)
    HAL_TIM_Base_Stop                        0x0800af69   Thumb Code    74  stm32h7xx_hal_tim.o(.text.HAL_TIM_Base_Stop)
    HAL_TIM_ConfigClockSource                0x0800afb9   Thumb Code   504  stm32h7xx_hal_tim.o(.text.HAL_TIM_ConfigClockSource)
    HAL_UARTEx_DisableFifoMode               0x0800b1b1   Thumb Code   128  stm32h7xx_hal_uart_ex.o(.text.HAL_UARTEx_DisableFifoMode)
    HAL_UARTEx_SetRxFifoThreshold            0x0800b231   Thumb Code   148  stm32h7xx_hal_uart_ex.o(.text.HAL_UARTEx_SetRxFifoThreshold)
    HAL_UARTEx_SetTxFifoThreshold            0x0800b2c9   Thumb Code   148  stm32h7xx_hal_uart_ex.o(.text.HAL_UARTEx_SetTxFifoThreshold)
    HAL_UART_Init                            0x0800b361   Thumb Code   182  stm32h7xx_hal_uart.o(.text.HAL_UART_Init)
    HAL_UART_MspInit                         0x0800b419   Thumb Code   182  usart.o(.text.HAL_UART_MspInit)
    HAL_UART_Transmit                        0x0800b4d1   Thumb Code   346  stm32h7xx_hal_uart.o(.text.HAL_UART_Transmit)
    HardFault_Handler                        0x0800b631   Thumb Code     4  stm32h7xx_it.o(.text.HardFault_Handler)
    MX_ADC1_Init                             0x0800bb81   Thumb Code   200  adc.o(.text.MX_ADC1_Init)
    MX_DAC1_Init                             0x0800bc49   Thumb Code   134  dac.o(.text.MX_DAC1_Init)
    MX_DMA_Init                              0x0800bcd1   Thumb Code    96  dma.o(.text.MX_DMA_Init)
    MX_GPIO_Init                             0x0800bd31   Thumb Code   228  gpio.o(.text.MX_GPIO_Init)
    MX_TIM15_Init                            0x0800be19   Thumb Code   140  tim.o(.text.MX_TIM15_Init)
    MX_TIM1_Init                             0x0800bea9   Thumb Code   140  tim.o(.text.MX_TIM1_Init)
    MX_TIM4_Init                             0x0800bf39   Thumb Code   140  tim.o(.text.MX_TIM4_Init)
    MX_TIM7_Init                             0x0800bfc9   Thumb Code    98  tim.o(.text.MX_TIM7_Init)
    MX_USART1_UART_Init                      0x0800c031   Thumb Code   142  usart.o(.text.MX_USART1_UART_Init)
    MemManage_Handler                        0x0800c0c1   Thumb Code     4  stm32h7xx_it.o(.text.MemManage_Handler)
    NMI_Handler                              0x0800c0c9   Thumb Code     4  stm32h7xx_it.o(.text.NMI_Handler)
    PendSV_Handler                           0x0800c151   Thumb Code     2  stm32h7xx_it.o(.text.PendSV_Handler)
    SVC_Handler                              0x0800c509   Thumb Code     2  stm32h7xx_it.o(.text.SVC_Handler)
    SysTick_Handler                          0x0800c571   Thumb Code     8  stm32h7xx_it.o(.text.SysTick_Handler)
    SystemClock_Config                       0x0800c579   Thumb Code   354  main.o(.text.SystemClock_Config)
    SystemInit                               0x0800c6e1   Thumb Code   346  system_stm32h7xx.o(.text.SystemInit)
    TIM_Base_SetConfig                       0x0800c841   Thumb Code   418  stm32h7xx_hal_tim.o(.text.TIM_Base_SetConfig)
    TIM_ETR_SetConfig                        0x0800c9e9   Thumb Code    74  stm32h7xx_hal_tim.o(.text.TIM_ETR_SetConfig)
    UART_AdvFeatureConfig                    0x0800cbd1   Thumb Code   318  stm32h7xx_hal_uart.o(.text.UART_AdvFeatureConfig)
    UART_CheckIdleState                      0x0800cd11   Thumb Code   334  stm32h7xx_hal_uart.o(.text.UART_CheckIdleState)
    UART_SetConfig                           0x0800cf09   Thumb Code  2364  stm32h7xx_hal_uart.o(.text.UART_SetConfig)
    UART_WaitOnFlagUntilTimeout              0x0800d849   Thumb Code   282  stm32h7xx_hal_uart.o(.text.UART_WaitOnFlagUntilTimeout)
    UsageFault_Handler                       0x0800d969   Thumb Code     4  stm32h7xx_it.o(.text.UsageFault_Handler)
    adc_init                                 0x0800da49   Thumb Code   188  main.o(.text.adc_init)
    cal_2fres                                0x0800db09   Thumb Code   488  main.o(.text.cal_2fres)
    cal_2types                               0x0800dcf1   Thumb Code  1148  main.o(.text.cal_2types)
    dft_cal                                  0x0800e171   Thumb Code   134  main.o(.text.dft_cal)
    fputc                                    0x0800e1f9   Thumb Code    52  usart.o(.text.fputc)
    get_pos_angle                            0x0800e231   Thumb Code   336  main.o(.text.get_pos_angle)
    main                                     0x0800e381   Thumb Code  1432  main.o(.text.main)
    power                                    0x0800e919   Thumb Code    64  main.o(.text.power)
    __0printf                                0x0800e959   Thumb Code    22  printfa.o(i.__0printf)
    __1printf                                0x0800e959   Thumb Code     0  printfa.o(i.__0printf)
    __2printf                                0x0800e959   Thumb Code     0  printfa.o(i.__0printf)
    __c89printf                              0x0800e959   Thumb Code     0  printfa.o(i.__0printf)
    printf                                   0x0800e959   Thumb Code     0  printfa.o(i.__0printf)
    __ARM_fpclassify                         0x0800e979   Thumb Code    48  fpclassify.o(i.__ARM_fpclassify)
    __hardfp_atan                            0x0800e9a9   Thumb Code   402  atan.o(i.__hardfp_atan)
    __hardfp_atan2                           0x0800eb81   Thumb Code   392  atan2.o(i.__hardfp_atan2)
    __hardfp_cos                             0x0800ed49   Thumb Code   158  cos.o(i.__hardfp_cos)
    __hardfp_sin                             0x0800edf9   Thumb Code   158  sin.o(i.__hardfp_sin)
    __hardfp_sqrt                            0x0800eea9   Thumb Code   102  sqrt.o(i.__hardfp_sqrt)
    __hardfp_sqrtf                           0x0800ef0f   Thumb Code    58  sqrtf.o(i.__hardfp_sqrtf)
    __ieee754_rem_pio2                       0x0800ef49   Thumb Code   646  rred.o(i.__ieee754_rem_pio2)
    __kernel_cos                             0x0800f251   Thumb Code   182  cos_i.o(i.__kernel_cos)
    __kernel_poly                            0x0800f315   Thumb Code   112  poly.o(i.__kernel_poly)
    __kernel_sin                             0x0800f389   Thumb Code   144  sin_i.o(i.__kernel_sin)
    __mathlib_dbl_infnan                     0x0800f429   Thumb Code     6  dunder.o(i.__mathlib_dbl_infnan)
    __mathlib_dbl_infnan2                    0x0800f42f   Thumb Code     6  dunder.o(i.__mathlib_dbl_infnan2)
    __mathlib_dbl_invalid                    0x0800f439   Thumb Code    10  dunder.o(i.__mathlib_dbl_invalid)
    __mathlib_dbl_underflow                  0x0800f451   Thumb Code    10  dunder.o(i.__mathlib_dbl_underflow)
    __scatterload_copy                       0x0800f469   Thumb Code    14  handlers.o(i.__scatterload_copy)
    __scatterload_null                       0x0800f477   Thumb Code     2  handlers.o(i.__scatterload_null)
    __scatterload_zeroinit                   0x0800f479   Thumb Code    14  handlers.o(i.__scatterload_zeroinit)
    __set_errno                              0x0800f489   Thumb Code     6  errno.o(i.__set_errno)
    atan                                     0x0800fd47   Thumb Code    16  atan.o(i.atan)
    fabs                                     0x0800fd57   Thumb Code    24  fabs.o(i.fabs)
    free                                     0x0800fd71   Thumb Code    76  malloc.o(i.free)
    __mathlib_zero                           0x0800fe88   Data           8  qnan.o(.constdata)
    D1CorePrescTable                         0x0800ff80   Data          16  system_stm32h7xx.o(.rodata.D1CorePrescTable)
    UARTPrescTable                           0x0800ffa8   Data          24  stm32h7xx_hal_uart.o(.rodata.UARTPrescTable)
    Region$$Table$$Base                      0x0801006c   Number         0  anon$$obj.o(Region$$Table)
    Region$$Table$$Limit                     0x0801008c   Number         0  anon$$obj.o(Region$$Table)
    __stdout                                 0x20000000   Data           4  stdout.o(.data)
    __microlib_freelist                      0x20000004   Data           4  mvars.o(.data)
    DAC_COS                                  0x2000000c   Data        7600  main.o(.data.DAC_COS)
    DAC_SIN                                  0x20001dbc   Data        7600  main.o(.data.DAC_SIN)
    SystemCoreClock                          0x20003b70   Data           4  system_stm32h7xx.o(.data.SystemCoreClock)
    SystemD2Clock                            0x20003b74   Data           4  system_stm32h7xx.o(.data.SystemD2Clock)
    Tri_Wave                                 0x20003b78   Data        7600  main.o(.data.Tri_Wave)
    uwTickFreq                               0x20005928   Data           1  stm32h7xx_hal.o(.data.uwTickFreq)
    uwTickPrio                               0x2000592c   Data           4  stm32h7xx_hal.o(.data.uwTickPrio)
    AdcConvEnd                               0x20005930   Data           1  main.o(.bss.AdcConvEnd)
    change_pha                               0x2000593c   Data           1  main.o(.bss.change_pha)
    delayT_A                                 0x20005940   Data           4  main.o(.bss.delayT_A)
    delayT_B                                 0x20005944   Data           4  main.o(.bss.delayT_B)
    fre                                      0x20005948   Data           2  main.o(.bss.fre)
    hadc1                                    0x2000594c   Data         100  adc.o(.bss.hadc1)
    hdac1                                    0x200059b0   Data          20  dac.o(.bss.hdac1)
    hdma_adc1                                0x200059c4   Data         120  adc.o(.bss.hdma_adc1)
    hdma_dac1_ch1                            0x20005a3c   Data         120  dac.o(.bss.hdma_dac1_ch1)
    hdma_dac1_ch2                            0x20005ab4   Data         120  dac.o(.bss.hdma_dac1_ch2)
    htim1                                    0x20005b2c   Data          76  tim.o(.bss.htim1)
    htim15                                   0x20005b78   Data          76  tim.o(.bss.htim15)
    htim4                                    0x20005bc4   Data          76  tim.o(.bss.htim4)
    htim7                                    0x20005c10   Data          76  tim.o(.bss.htim7)
    huart1                                   0x20005c5c   Data         148  usart.o(.bss.huart1)
    mode_flag                                0x20005cf0   Data           1  main.o(.bss.mode_flag)
    pos_angle_A                              0x20005cf8   Data           8  main.o(.bss.pos_angle_A)
    pos_angle_B                              0x20005d00   Data           8  main.o(.bss.pos_angle_B)
    restart_flag                             0x20005d08   Data           1  main.o(.bss.restart_flag)
    uwTick                                   0x20005d0c   Data           4  stm32h7xx_hal.o(.bss.uwTick)
    wave_type                                0x20005d10   Data           2  main.o(.bss.wave_type)
    __initial_sp                             0x2000d118   Data           0  startup_stm32h750xx.o(STACK)
    q                                        0x24000000   Data        8192  xfft.o(.ARM.__at_0x24000000)
    q1                                       0x24040000   Data        8192  xfft.o(.ARM.__at_0x24040000)
    adc1_data                                0x30000000   Data        2000  main.o(.ARM.__at_0x30000000)
    data_A                                   0x38000000   Data         400  main.o(.ARM.__at_0x38000000)
    data_B                                   0x38004000   Data         400  main.o(.ARM.__at_0x38004000)



==============================================================================

Memory Map of the image

  Image Entry point : 0x08000299

  Load Region LR_IROM1 (Base: 0x08000000, Size: 0x000159c0, Max: 0x00020000, ABSOLUTE, COMPRESSED[0x00011f70])

    Execution Region ER_IROM1 (Exec base: 0x08000000, Load base: 0x08000000, Size: 0x0001008c, Max: 0x00020000, ABSOLUTE)

    Exec Addr    Load Addr    Size         Type   Attr      Idx    E Section Name        Object

    0x08000000   0x08000000   0x00000298   Data   RO            3    RESET               startup_stm32h750xx.o
    0x08000298   0x08000298   0x00000000   Code   RO         2107  * .ARM.Collect$$$$00000000  mc_w.l(entry.o)
    0x08000298   0x08000298   0x00000004   Code   RO         2209    .ARM.Collect$$$$00000001  mc_w.l(entry2.o)
    0x0800029c   0x0800029c   0x00000004   Code   RO         2212    .ARM.Collect$$$$00000004  mc_w.l(entry5.o)
    0x080002a0   0x080002a0   0x00000000   Code   RO         2214    .ARM.Collect$$$$00000008  mc_w.l(entry7b.o)
    0x080002a0   0x080002a0   0x00000000   Code   RO         2216    .ARM.Collect$$$$0000000A  mc_w.l(entry8b.o)
    0x080002a0   0x080002a0   0x00000008   Code   RO         2217    .ARM.Collect$$$$0000000B  mc_w.l(entry9a.o)
    0x080002a8   0x080002a8   0x00000000   Code   RO         2219    .ARM.Collect$$$$0000000D  mc_w.l(entry10a.o)
    0x080002a8   0x080002a8   0x00000000   Code   RO         2221    .ARM.Collect$$$$0000000F  mc_w.l(entry11a.o)
    0x080002a8   0x080002a8   0x00000004   Code   RO         2210    .ARM.Collect$$$$00002712  mc_w.l(entry2.o)
    0x080002ac   0x080002ac   0x00000024   Code   RO            4    .text               startup_stm32h750xx.o
    0x080002d0   0x080002d0   0x00000062   Code   RO         2110    .text               mc_w.l(uldiv.o)
    0x08000332   0x08000332   0x00000024   Code   RO         2112    .text               mc_w.l(memseta.o)
    0x08000356   0x08000356   0x0000002c   Code   RO         2224    .text               mc_w.l(uidiv.o)
    0x08000382   0x08000382   0x0000001e   Code   RO         2226    .text               mc_w.l(llshl.o)
    0x080003a0   0x080003a0   0x00000020   Code   RO         2228    .text               mc_w.l(llushr.o)
    0x080003c0   0x080003c0   0x00000000   Code   RO         2243    .text               mc_w.l(iusefp.o)
    0x080003c0   0x080003c0   0x0000014e   Code   RO         2244    .text               mf_w.l(dadd.o)
    0x0800050e   0x0800050e   0x000000e4   Code   RO         2246    .text               mf_w.l(dmul.o)
    0x080005f2   0x080005f2   0x000000de   Code   RO         2248    .text               mf_w.l(ddiv.o)
    0x080006d0   0x080006d0   0x00000030   Code   RO         2250    .text               mf_w.l(dfixul.o)
    0x08000700   0x08000700   0x00000030   Code   RO         2252    .text               mf_w.l(cdrcmple.o)
    0x08000730   0x08000730   0x00000024   Code   RO         2254    .text               mc_w.l(init.o)
    0x08000754   0x08000754   0x00000024   Code   RO         2256    .text               mc_w.l(llsshr.o)
    0x08000778   0x08000778   0x000000ba   Code   RO         2258    .text               mf_w.l(depilogue.o)
    0x08000832   0x08000832   0x0000005e   Code   RO         2268    .text               mc_w.l(__dclz77c.o)
    0x08000890   0x08000890   0x0000021c   Code   RO          223    .text.ADC_ConfigureBoostMode  stm32h7xx_hal_adc.o
    0x08000aac   0x08000aac   0x00000004   PAD
    0x08000ab0   0x08000ab0   0x000001a8   Code   RO          227    .text.ADC_ConversionStop  stm32h7xx_hal_adc.o
    0x08000c58   0x08000c58   0x000000e0   Code   RO          257    .text.ADC_DMAConvCplt  stm32h7xx_hal_adc.o
    0x08000d38   0x08000d38   0x0000002e   Code   RO          261    .text.ADC_DMAError  stm32h7xx_hal_adc.o
    0x08000d66   0x08000d66   0x00000002   PAD
    0x08000d68   0x08000d68   0x0000001a   Code   RO          259    .text.ADC_DMAHalfConvCplt  stm32h7xx_hal_adc.o
    0x08000d82   0x08000d82   0x00000006   PAD
    0x08000d88   0x08000d88   0x000000d4   Code   RO          229    .text.ADC_Disable   stm32h7xx_hal_adc.o
    0x08000e5c   0x08000e5c   0x00000004   PAD
    0x08000e60   0x08000e60   0x0000015e   Code   RO          237    .text.ADC_Enable    stm32h7xx_hal_adc.o
    0x08000fbe   0x08000fbe   0x00000002   PAD
    0x08000fc0   0x08000fc0   0x00000004   Code   RO          166    .text.BusFault_Handler  stm32h7xx_it.o
    0x08000fc4   0x08000fc4   0x00000004   PAD
    0x08000fc8   0x08000fc8   0x00000020   Code   RO         1374    .text.DAC_DMAConvCpltCh1  stm32h7xx_hal_dac.o
    0x08000fe8   0x08000fe8   0x00000020   Code   RO         1416    .text.DAC_DMAConvCpltCh2  stm32h7xx_hal_dac_ex.o
    0x08001008   0x08001008   0x0000002a   Code   RO         1378    .text.DAC_DMAErrorCh1  stm32h7xx_hal_dac.o
    0x08001032   0x08001032   0x00000006   PAD
    0x08001038   0x08001038   0x0000002a   Code   RO         1420    .text.DAC_DMAErrorCh2  stm32h7xx_hal_dac_ex.o
    0x08001062   0x08001062   0x00000006   PAD
    0x08001068   0x08001068   0x0000001a   Code   RO         1376    .text.DAC_DMAHalfConvCpltCh1  stm32h7xx_hal_dac.o
    0x08001082   0x08001082   0x00000006   PAD
    0x08001088   0x08001088   0x0000001a   Code   RO         1418    .text.DAC_DMAHalfConvCpltCh2  stm32h7xx_hal_dac_ex.o
    0x080010a2   0x080010a2   0x00000006   PAD
    0x080010a8   0x080010a8   0x00000010   Code   RO          180    .text.DMA1_Stream0_IRQHandler  stm32h7xx_it.o
    0x080010b8   0x080010b8   0x00000010   Code   RO          182    .text.DMA1_Stream1_IRQHandler  stm32h7xx_it.o
    0x080010c8   0x080010c8   0x00000010   Code   RO          184    .text.DMA1_Stream2_IRQHandler  stm32h7xx_it.o
    0x080010d8   0x080010d8   0x000001d2   Code   RO          718    .text.DMA_CalcBaseAndBitshift  stm32h7xx_hal_dma.o
    0x080012aa   0x080012aa   0x00000006   PAD
    0x080012b0   0x080012b0   0x00000186   Code   RO          720    .text.DMA_CalcDMAMUXChannelBaseAndMask  stm32h7xx_hal_dma.o
    0x08001436   0x08001436   0x00000002   PAD
    0x08001438   0x08001438   0x00000132   Code   RO          722    .text.DMA_CalcDMAMUXRequestGenBaseAndMask  stm32h7xx_hal_dma.o
    0x0800156a   0x0800156a   0x00000006   PAD
    0x08001570   0x08001570   0x000000f6   Code   RO          716    .text.DMA_CheckFifoParam  stm32h7xx_hal_dma.o
    0x08001666   0x08001666   0x00000002   PAD
    0x08001668   0x08001668   0x00000536   Code   RO          728    .text.DMA_SetConfig  stm32h7xx_hal_dma.o
    0x08001b9e   0x08001b9e   0x00000002   PAD
    0x08001ba0   0x08001ba0   0x00000002   Code   RO          172    .text.DebugMon_Handler  stm32h7xx_it.o
    0x08001ba2   0x08001ba2   0x00000006   PAD
    0x08001ba8   0x08001ba8   0x0000000a   Code   RO          178    .text.EXTI3_IRQHandler  stm32h7xx_it.o
    0x08001bb2   0x08001bb2   0x00000006   PAD
    0x08001bb8   0x08001bb8   0x0000000e   Code   RO           25    .text.Error_Handler  main.o
    0x08001bc6   0x08001bc6   0x00000002   PAD
    0x08001bc8   0x08001bc8   0x000003f6   Code   RO         2003    .text.FFT           xfft.o
    0x08001fbe   0x08001fbe   0x00000002   PAD
    0x08001fc0   0x08001fc0   0x00000198   Code   RO         2001    .text.FFT_Init      xfft.o
    0x08002158   0x08002158   0x000000f8   Code   RO          343    .text.HAL_ADCEx_Calibration_Start  stm32h7xx_hal_adc_ex.o
    0x08002250   0x08002250   0x000002aa   Code   RO          439    .text.HAL_ADCEx_MultiModeConfigChannel  stm32h7xx_hal_adc_ex.o
    0x080024fa   0x080024fa   0x00000006   PAD
    0x08002500   0x08002500   0x00000886   Code   RO          281    .text.HAL_ADC_ConfigChannel  stm32h7xx_hal_adc.o
    0x08002d86   0x08002d86   0x00000002   PAD
    0x08002d88   0x08002d88   0x0000002c   Code   RO           33    .text.HAL_ADC_ConvCpltCallback  main.o
    0x08002db4   0x08002db4   0x00000004   PAD
    0x08002db8   0x08002db8   0x0000000c   Code   RO          279    .text.HAL_ADC_ConvHalfCpltCallback  stm32h7xx_hal_adc.o
    0x08002dc4   0x08002dc4   0x00000004   PAD
    0x08002dc8   0x08002dc8   0x000002fa   Code   RO          225    .text.HAL_ADC_DeInit  stm32h7xx_hal_adc.o
    0x080030c2   0x080030c2   0x00000006   PAD
    0x080030c8   0x080030c8   0x0000000c   Code   RO          277    .text.HAL_ADC_ErrorCallback  stm32h7xx_hal_adc.o
    0x080030d4   0x080030d4   0x00000004   PAD
    0x080030d8   0x080030d8   0x000003f0   Code   RO          203    .text.HAL_ADC_Init  stm32h7xx_hal_adc.o
    0x080034c8   0x080034c8   0x0000004a   Code   RO           73    .text.HAL_ADC_MspDeInit  adc.o
    0x08003512   0x08003512   0x00000006   PAD
    0x08003518   0x08003518   0x00000126   Code   RO           71    .text.HAL_ADC_MspInit  adc.o
    0x0800363e   0x0800363e   0x00000002   PAD
    0x08003640   0x08003640   0x000001f8   Code   RO          255    .text.HAL_ADC_Start_DMA  stm32h7xx_hal_adc.o
    0x08003838   0x08003838   0x0000000c   Code   RO         1430    .text.HAL_DACEx_ConvCpltCallbackCh2  stm32h7xx_hal_dac_ex.o
    0x08003844   0x08003844   0x00000004   PAD
    0x08003848   0x08003848   0x0000000c   Code   RO         1432    .text.HAL_DACEx_ConvHalfCpltCallbackCh2  stm32h7xx_hal_dac_ex.o
    0x08003854   0x08003854   0x00000004   PAD
    0x08003858   0x08003858   0x0000000c   Code   RO         1434    .text.HAL_DACEx_ErrorCallbackCh2  stm32h7xx_hal_dac_ex.o
    0x08003864   0x08003864   0x00000004   PAD
    0x08003868   0x08003868   0x000002d8   Code   RO         1396    .text.HAL_DAC_ConfigChannel  stm32h7xx_hal_dac.o
    0x08003b40   0x08003b40   0x0000000c   Code   RO         1388    .text.HAL_DAC_ConvCpltCallbackCh1  stm32h7xx_hal_dac.o
    0x08003b4c   0x08003b4c   0x00000004   PAD
    0x08003b50   0x08003b50   0x0000000c   Code   RO         1390    .text.HAL_DAC_ConvHalfCpltCallbackCh1  stm32h7xx_hal_dac.o
    0x08003b5c   0x08003b5c   0x00000004   PAD
    0x08003b60   0x08003b60   0x0000000c   Code   RO         1392    .text.HAL_DAC_ErrorCallbackCh1  stm32h7xx_hal_dac.o
    0x08003b6c   0x08003b6c   0x00000004   PAD
    0x08003b70   0x08003b70   0x00000052   Code   RO         1360    .text.HAL_DAC_Init  stm32h7xx_hal_dac.o
    0x08003bc2   0x08003bc2   0x00000006   PAD
    0x08003bc8   0x08003bc8   0x00000146   Code   RO           87    .text.HAL_DAC_MspInit  dac.o
    0x08003d0e   0x08003d0e   0x00000002   PAD
    0x08003d10   0x08003d10   0x000001cc   Code   RO         1372    .text.HAL_DAC_Start_DMA  stm32h7xx_hal_dac.o
    0x08003edc   0x08003edc   0x00000004   PAD
    0x08003ee0   0x08003ee0   0x0000049c   Code   RO          724    .text.HAL_DMA_DeInit  stm32h7xx_hal_dma.o
    0x0800437c   0x0800437c   0x00000004   PAD
    0x08004380   0x08004380   0x0000123a   Code   RO          738    .text.HAL_DMA_IRQHandler  stm32h7xx_hal_dma.o
    0x080055ba   0x080055ba   0x00000006   PAD
    0x080055c0   0x080055c0   0x00000994   Code   RO          714    .text.HAL_DMA_Init  stm32h7xx_hal_dma.o
    0x08005f54   0x08005f54   0x00000004   PAD
    0x08005f58   0x08005f58   0x00000732   Code   RO          730    .text.HAL_DMA_Start_IT  stm32h7xx_hal_dma.o
    0x0800668a   0x0800668a   0x00000006   PAD
    0x08006690   0x08006690   0x0000004e   Code   RO         1057    .text.HAL_Delay     stm32h7xx_hal.o
    0x080066de   0x080066de   0x00000002   PAD
    0x080066e0   0x080066e0   0x00000262   Code   RO          662    .text.HAL_GPIO_DeInit  stm32h7xx_hal_gpio.o
    0x08006942   0x08006942   0x00000006   PAD
    0x08006948   0x08006948   0x00000026   Code   RO           31    .text.HAL_GPIO_EXTI_Callback  main.o
    0x0800696e   0x0800696e   0x00000002   PAD
    0x08006970   0x08006970   0x00000038   Code   RO          672    .text.HAL_GPIO_EXTI_IRQHandler  stm32h7xx_hal_gpio.o
    0x080069a8   0x080069a8   0x000003da   Code   RO          660    .text.HAL_GPIO_Init  stm32h7xx_hal_gpio.o
    0x08006d82   0x08006d82   0x00000006   PAD
    0x08006d88   0x08006d88   0x0000000e   Code   RO         1065    .text.HAL_GetREVID  stm32h7xx_hal.o
    0x08006d96   0x08006d96   0x00000002   PAD
    0x08006d98   0x08006d98   0x0000000c   Code   RO         1049    .text.HAL_GetTick   stm32h7xx_hal.o
    0x08006da4   0x08006da4   0x00000004   PAD
    0x08006da8   0x08006da8   0x0000001a   Code   RO         1047    .text.HAL_IncTick   stm32h7xx_hal.o
    0x08006dc2   0x08006dc2   0x00000006   PAD
    0x08006dc8   0x08006dc8   0x00000082   Code   RO         1037    .text.HAL_Init      stm32h7xx_hal.o
    0x08006e4a   0x08006e4a   0x00000006   PAD
    0x08006e50   0x08006e50   0x0000008e   Code   RO         1039    .text.HAL_InitTick  stm32h7xx_hal.o
    0x08006ede   0x08006ede   0x00000002   PAD
    0x08006ee0   0x08006ee0   0x00000094   Code   RO          995    .text.HAL_MPU_ConfigRegion  stm32h7xx_hal_cortex.o
    0x08006f74   0x08006f74   0x00000004   PAD
    0x08006f78   0x08006f78   0x00000022   Code   RO          991    .text.HAL_MPU_Disable  stm32h7xx_hal_cortex.o
    0x08006f9a   0x08006f9a   0x00000006   PAD
    0x08006fa0   0x08006fa0   0x00000034   Code   RO          993    .text.HAL_MPU_Enable  stm32h7xx_hal_cortex.o
    0x08006fd4   0x08006fd4   0x00000004   PAD
    0x08006fd8   0x08006fd8   0x00000026   Code   RO          194    .text.HAL_MspInit   stm32h7xx_hal_msp.o
    0x08006ffe   0x08006ffe   0x00000002   PAD
    0x08007000   0x08007000   0x00000018   Code   RO          975    .text.HAL_NVIC_EnableIRQ  stm32h7xx_hal_cortex.o
    0x08007018   0x08007018   0x00000048   Code   RO          967    .text.HAL_NVIC_SetPriority  stm32h7xx_hal_cortex.o
    0x08007060   0x08007060   0x00000014   Code   RO          963    .text.HAL_NVIC_SetPriorityGrouping  stm32h7xx_hal_cortex.o
    0x08007074   0x08007074   0x00000004   PAD
    0x08007078   0x08007078   0x000000aa   Code   RO          875    .text.HAL_PWREx_ConfigSupply  stm32h7xx_hal_pwr_ex.o
    0x08007122   0x08007122   0x00000006   PAD
    0x08007128   0x08007128   0x0000002a   Code   RO          515    .text.HAL_RCCEx_GetD3PCLK1Freq  stm32h7xx_hal_rcc_ex.o
    0x08007152   0x08007152   0x00000006   PAD
    0x08007158   0x08007158   0x000002b4   Code   RO          509    .text.HAL_RCCEx_GetPLL1ClockFreq  stm32h7xx_hal_rcc_ex.o
    0x0800740c   0x0800740c   0x00000004   PAD
    0x08007410   0x08007410   0x000002b4   Code   RO          511    .text.HAL_RCCEx_GetPLL2ClockFreq  stm32h7xx_hal_rcc_ex.o
    0x080076c4   0x080076c4   0x00000004   PAD
    0x080076c8   0x080076c8   0x000002b4   Code   RO          513    .text.HAL_RCCEx_GetPLL3ClockFreq  stm32h7xx_hal_rcc_ex.o
    0x0800797c   0x0800797c   0x00000004   PAD
    0x08007980   0x08007980   0x00000c84   Code   RO          507    .text.HAL_RCCEx_GetPeriphCLKFreq  stm32h7xx_hal_rcc_ex.o
    0x08008604   0x08008604   0x00000004   PAD
    0x08008608   0x08008608   0x00001116   Code   RO          499    .text.HAL_RCCEx_PeriphCLKConfig  stm32h7xx_hal_rcc_ex.o
    0x0800971e   0x0800971e   0x00000002   PAD
    0x08009720   0x08009720   0x000004aa   Code   RO          467    .text.HAL_RCC_ClockConfig  stm32h7xx_hal_rcc.o
    0x08009bca   0x08009bca   0x00000006   PAD
    0x08009bd0   0x08009bd0   0x00000058   Code   RO          477    .text.HAL_RCC_GetHCLKFreq  stm32h7xx_hal_rcc.o
    0x08009c28   0x08009c28   0x0000002a   Code   RO          479    .text.HAL_RCC_GetPCLK1Freq  stm32h7xx_hal_rcc.o
    0x08009c52   0x08009c52   0x00000006   PAD
    0x08009c58   0x08009c58   0x0000002a   Code   RO          481    .text.HAL_RCC_GetPCLK2Freq  stm32h7xx_hal_rcc.o
    0x08009c82   0x08009c82   0x00000006   PAD
    0x08009c88   0x08009c88   0x00000314   Code   RO          469    .text.HAL_RCC_GetSysClockFreq  stm32h7xx_hal_rcc.o
    0x08009f9c   0x08009f9c   0x00000004   PAD
    0x08009fa0   0x08009fa0   0x00000bb6   Code   RO          465    .text.HAL_RCC_OscConfig  stm32h7xx_hal_rcc.o
    0x0800ab56   0x0800ab56   0x00000002   PAD
    0x0800ab58   0x0800ab58   0x00000014   Code   RO          987    .text.HAL_SYSTICK_Config  stm32h7xx_hal_cortex.o
    0x0800ab6c   0x0800ab6c   0x00000004   PAD
    0x0800ab70   0x0800ab70   0x00000160   Code   RO         1772    .text.HAL_TIMEx_MasterConfigSynchronization  stm32h7xx_hal_tim_ex.o
    0x0800acd0   0x0800acd0   0x000000b6   Code   RO         1454    .text.HAL_TIM_Base_Init  stm32h7xx_hal_tim.o
    0x0800ad86   0x0800ad86   0x00000002   PAD
    0x0800ad88   0x0800ad88   0x000000e0   Code   RO          119    .text.HAL_TIM_Base_MspInit  tim.o
    0x0800ae68   0x0800ae68   0x000000fc   Code   RO         1464    .text.HAL_TIM_Base_Start  stm32h7xx_hal_tim.o
    0x0800af64   0x0800af64   0x00000004   PAD
    0x0800af68   0x0800af68   0x0000004a   Code   RO         1466    .text.HAL_TIM_Base_Stop  stm32h7xx_hal_tim.o
    0x0800afb2   0x0800afb2   0x00000006   PAD
    0x0800afb8   0x0800afb8   0x000001f8   Code   RO         1650    .text.HAL_TIM_ConfigClockSource  stm32h7xx_hal_tim.o
    0x0800b1b0   0x0800b1b0   0x00000080   Code   RO         1975    .text.HAL_UARTEx_DisableFifoMode  stm32h7xx_hal_uart_ex.o
    0x0800b230   0x0800b230   0x00000094   Code   RO         1979    .text.HAL_UARTEx_SetRxFifoThreshold  stm32h7xx_hal_uart_ex.o
    0x0800b2c4   0x0800b2c4   0x00000004   PAD
    0x0800b2c8   0x0800b2c8   0x00000094   Code   RO         1977    .text.HAL_UARTEx_SetTxFifoThreshold  stm32h7xx_hal_uart_ex.o
    0x0800b35c   0x0800b35c   0x00000004   PAD
    0x0800b360   0x0800b360   0x000000b6   Code   RO         1804    .text.HAL_UART_Init  stm32h7xx_hal_uart.o
    0x0800b416   0x0800b416   0x00000002   PAD
    0x0800b418   0x0800b418   0x000000b6   Code   RO          141    .text.HAL_UART_MspInit  usart.o
    0x0800b4ce   0x0800b4ce   0x00000002   PAD
    0x0800b4d0   0x0800b4d0   0x0000015a   Code   RO         1824    .text.HAL_UART_Transmit  stm32h7xx_hal_uart.o
    0x0800b62a   0x0800b62a   0x00000006   PAD
    0x0800b630   0x0800b630   0x00000004   Code   RO          162    .text.HardFault_Handler  stm32h7xx_it.o
    0x0800b634   0x0800b634   0x00000004   PAD
    0x0800b638   0x0800b638   0x00000020   Code   RO          333    .text.LL_ADC_Disable  stm32h7xx_hal_adc.o
    0x0800b658   0x0800b658   0x0000001c   Code   RO          209    .text.LL_ADC_DisableDeepPowerDown  stm32h7xx_hal_adc.o
    0x0800b674   0x0800b674   0x00000004   PAD
    0x0800b678   0x0800b678   0x00000020   Code   RO          331    .text.LL_ADC_Enable  stm32h7xx_hal_adc.o
    0x0800b698   0x0800b698   0x00000022   Code   RO          213    .text.LL_ADC_EnableInternalRegulator  stm32h7xx_hal_adc.o
    0x0800b6ba   0x0800b6ba   0x00000006   PAD
    0x0800b6c0   0x0800b6c0   0x00000014   Code   RO          295    .text.LL_ADC_GetCommonPathInternalCh  stm32h7xx_hal_adc.o
    0x0800b6d4   0x0800b6d4   0x00000004   PAD
    0x0800b6d8   0x0800b6d8   0x00000014   Code   RO          235    .text.LL_ADC_GetMultimode  stm32h7xx_hal_adc.o
    0x0800b6ec   0x0800b6ec   0x00000004   PAD
    0x0800b6f0   0x0800b6f0   0x00000014   Code   RO          221    .text.LL_ADC_INJ_IsConversionOngoing  stm32h7xx_hal_adc.o
    0x0800b704   0x0800b704   0x00000004   PAD
    0x0800b708   0x0800b708   0x00000020   Code   RO          329    .text.LL_ADC_INJ_StopConversion  stm32h7xx_hal_adc.o
    0x0800b728   0x0800b728   0x00000012   Code   RO          347    .text.LL_ADC_IsCalibrationOnGoing  stm32h7xx_hal_adc_ex.o
    0x0800b73a   0x0800b73a   0x00000006   PAD
    0x0800b740   0x0800b740   0x00000014   Code   RO          207    .text.LL_ADC_IsDeepPowerDownEnabled  stm32h7xx_hal_adc.o
    0x0800b754   0x0800b754   0x00000004   PAD
    0x0800b758   0x0800b758   0x00000014   Code   RO          325    .text.LL_ADC_IsDisableOngoing  stm32h7xx_hal_adc.o
    0x0800b76c   0x0800b76c   0x00000004   PAD
    0x0800b770   0x0800b770   0x00000014   Code   RO          217    .text.LL_ADC_IsEnabled  stm32h7xx_hal_adc.o
    0x0800b784   0x0800b784   0x00000004   PAD
    0x0800b788   0x0800b788   0x00000014   Code   RO          355    .text.LL_ADC_IsEnabled  stm32h7xx_hal_adc_ex.o
    0x0800b79c   0x0800b79c   0x00000004   PAD
    0x0800b7a0   0x0800b7a0   0x00000014   Code   RO          211    .text.LL_ADC_IsInternalRegulatorEnabled  stm32h7xx_hal_adc.o
    0x0800b7b4   0x0800b7b4   0x00000004   PAD
    0x0800b7b8   0x0800b7b8   0x00000014   Code   RO          215    .text.LL_ADC_REG_IsConversionOngoing  stm32h7xx_hal_adc.o
    0x0800b7cc   0x0800b7cc   0x00000004   PAD
    0x0800b7d0   0x0800b7d0   0x00000014   Code   RO          357    .text.LL_ADC_REG_IsConversionOngoing  stm32h7xx_hal_adc_ex.o
    0x0800b7e4   0x0800b7e4   0x00000004   PAD
    0x0800b7e8   0x0800b7e8   0x0000001a   Code   RO          247    .text.LL_ADC_REG_IsTriggerSourceSWStart  stm32h7xx_hal_adc.o
    0x0800b802   0x0800b802   0x00000006   PAD
    0x0800b808   0x0800b808   0x00000022   Code   RO          263    .text.LL_ADC_REG_SetDataTransferMode  stm32h7xx_hal_adc.o
    0x0800b82a   0x0800b82a   0x00000006   PAD
    0x0800b830   0x0800b830   0x0000004e   Code   RO          283    .text.LL_ADC_REG_SetSequencerRanks  stm32h7xx_hal_adc.o
    0x0800b87e   0x0800b87e   0x00000002   PAD
    0x0800b880   0x0800b880   0x00000020   Code   RO          239    .text.LL_ADC_REG_StartConversion  stm32h7xx_hal_adc.o
    0x0800b8a0   0x0800b8a0   0x00000020   Code   RO          327    .text.LL_ADC_REG_StopConversion  stm32h7xx_hal_adc.o
    0x0800b8c0   0x0800b8c0   0x0000004a   Code   RO          285    .text.LL_ADC_SetChannelSamplingTime  stm32h7xx_hal_adc.o
    0x0800b90a   0x0800b90a   0x00000006   PAD
    0x0800b910   0x0800b910   0x00000048   Code   RO          293    .text.LL_ADC_SetChannelSingleDiff  stm32h7xx_hal_adc.o
    0x0800b958   0x0800b958   0x00000022   Code   RO          219    .text.LL_ADC_SetCommonClock  stm32h7xx_hal_adc.o
    0x0800b97a   0x0800b97a   0x00000006   PAD
    0x0800b980   0x0800b980   0x00000022   Code   RO          297    .text.LL_ADC_SetCommonPathInternalCh  stm32h7xx_hal_adc.o
    0x0800b9a2   0x0800b9a2   0x00000006   PAD
    0x0800b9a8   0x0800b9a8   0x00000036   Code   RO          291    .text.LL_ADC_SetDataRightShift  stm32h7xx_hal_adc.o
    0x0800b9de   0x0800b9de   0x00000002   PAD
    0x0800b9e0   0x0800b9e0   0x00000048   Code   RO          287    .text.LL_ADC_SetOffset  stm32h7xx_hal_adc.o
    0x0800ba28   0x0800ba28   0x0000003a   Code   RO          289    .text.LL_ADC_SetOffsetSignedSaturation  stm32h7xx_hal_adc.o
    0x0800ba62   0x0800ba62   0x00000006   PAD
    0x0800ba68   0x0800ba68   0x00000044   Code   RO          345    .text.LL_ADC_StartCalibration  stm32h7xx_hal_adc_ex.o
    0x0800baac   0x0800baac   0x00000004   PAD
    0x0800bab0   0x0800bab0   0x000000d0   Code   RO           13    .text.MPU_Config    main.o
    0x0800bb80   0x0800bb80   0x000000c8   Code   RO           69    .text.MX_ADC1_Init  adc.o
    0x0800bc48   0x0800bc48   0x00000086   Code   RO           85    .text.MX_DAC1_Init  dac.o
    0x0800bcce   0x0800bcce   0x00000002   PAD
    0x0800bcd0   0x0800bcd0   0x00000060   Code   RO          102    .text.MX_DMA_Init   dma.o
    0x0800bd30   0x0800bd30   0x000000e4   Code   RO           60    .text.MX_GPIO_Init  gpio.o
    0x0800be14   0x0800be14   0x00000004   PAD
    0x0800be18   0x0800be18   0x0000008c   Code   RO          117    .text.MX_TIM15_Init  tim.o
    0x0800bea4   0x0800bea4   0x00000004   PAD
    0x0800bea8   0x0800bea8   0x0000008c   Code   RO          111    .text.MX_TIM1_Init  tim.o
    0x0800bf34   0x0800bf34   0x00000004   PAD
    0x0800bf38   0x0800bf38   0x0000008c   Code   RO          113    .text.MX_TIM4_Init  tim.o
    0x0800bfc4   0x0800bfc4   0x00000004   PAD
    0x0800bfc8   0x0800bfc8   0x00000062   Code   RO          115    .text.MX_TIM7_Init  tim.o
    0x0800c02a   0x0800c02a   0x00000006   PAD
    0x0800c030   0x0800c030   0x0000008e   Code   RO          139    .text.MX_USART1_UART_Init  usart.o
    0x0800c0be   0x0800c0be   0x00000002   PAD
    0x0800c0c0   0x0800c0c0   0x00000004   Code   RO          164    .text.MemManage_Handler  stm32h7xx_it.o
    0x0800c0c4   0x0800c0c4   0x00000004   PAD
    0x0800c0c8   0x0800c0c8   0x00000004   Code   RO          160    .text.NMI_Handler   stm32h7xx_it.o
    0x0800c0cc   0x0800c0cc   0x00000004   PAD
    0x0800c0d0   0x0800c0d0   0x00000080   Code   RO          973    .text.NVIC_EncodePriority  stm32h7xx_hal_cortex.o
    0x0800c150   0x0800c150   0x00000002   Code   RO          174    .text.PendSV_Handler  stm32h7xx_it.o
    0x0800c152   0x0800c152   0x00000006   PAD
    0x0800c158   0x0800c158   0x000001d8   Code   RO          501    .text.RCCEx_PLL2_Config  stm32h7xx_hal_rcc_ex.o
    0x0800c330   0x0800c330   0x000001d8   Code   RO          503    .text.RCCEx_PLL3_Config  stm32h7xx_hal_rcc_ex.o
    0x0800c508   0x0800c508   0x00000002   Code   RO          170    .text.SVC_Handler   stm32h7xx_it.o
    0x0800c50a   0x0800c50a   0x00000006   PAD
    0x0800c510   0x0800c510   0x0000005a   Code   RO          989    .text.SysTick_Config  stm32h7xx_hal_cortex.o
    0x0800c56a   0x0800c56a   0x00000006   PAD
    0x0800c570   0x0800c570   0x00000008   Code   RO          176    .text.SysTick_Handler  stm32h7xx_it.o
    0x0800c578   0x0800c578   0x00000162   Code   RO           15    .text.SystemClock_Config  main.o
    0x0800c6da   0x0800c6da   0x00000006   PAD
    0x0800c6e0   0x0800c6e0   0x0000015a   Code   RO         2019    .text.SystemInit    system_stm32h7xx.o
    0x0800c83a   0x0800c83a   0x00000006   PAD
    0x0800c840   0x0800c840   0x000001a2   Code   RO         1458    .text.TIM_Base_SetConfig  stm32h7xx_hal_tim.o
    0x0800c9e2   0x0800c9e2   0x00000006   PAD
    0x0800c9e8   0x0800c9e8   0x0000004a   Code   RO         1648    .text.TIM_ETR_SetConfig  stm32h7xx_hal_tim.o
    0x0800ca32   0x0800ca32   0x00000006   PAD
    0x0800ca38   0x0800ca38   0x00000038   Code   RO         1654    .text.TIM_ITRx_SetConfig  stm32h7xx_hal_tim.o
    0x0800ca70   0x0800ca70   0x00000062   Code   RO         1652    .text.TIM_TI1_ConfigInputStage  stm32h7xx_hal_tim.o
    0x0800cad2   0x0800cad2   0x00000006   PAD
    0x0800cad8   0x0800cad8   0x00000064   Code   RO         1656    .text.TIM_TI2_ConfigInputStage  stm32h7xx_hal_tim.o
    0x0800cb3c   0x0800cb3c   0x00000004   PAD
    0x0800cb40   0x0800cb40   0x00000090   Code   RO         1973    .text.UARTEx_SetNbDataToProcess  stm32h7xx_hal_uart_ex.o
    0x0800cbd0   0x0800cbd0   0x0000013e   Code   RO         1810    .text.UART_AdvFeatureConfig  stm32h7xx_hal_uart.o
    0x0800cd0e   0x0800cd0e   0x00000002   PAD
    0x0800cd10   0x0800cd10   0x0000014e   Code   RO         1812    .text.UART_CheckIdleState  stm32h7xx_hal_uart.o
    0x0800ce5e   0x0800ce5e   0x00000002   PAD
    0x0800ce60   0x0800ce60   0x000000a2   Code   RO         1864    .text.UART_EndRxTransfer  stm32h7xx_hal_uart.o
    0x0800cf02   0x0800cf02   0x00000006   PAD
    0x0800cf08   0x0800cf08   0x0000093c   Code   RO         1808    .text.UART_SetConfig  stm32h7xx_hal_uart.o
    0x0800d844   0x0800d844   0x00000004   PAD
    0x0800d848   0x0800d848   0x0000011a   Code   RO         1826    .text.UART_WaitOnFlagUntilTimeout  stm32h7xx_hal_uart.o
    0x0800d962   0x0800d962   0x00000006   PAD
    0x0800d968   0x0800d968   0x00000004   Code   RO          168    .text.UsageFault_Handler  stm32h7xx_it.o
    0x0800d96c   0x0800d96c   0x00000004   PAD
    0x0800d970   0x0800d970   0x00000036   Code   RO          977    .text.__NVIC_EnableIRQ  stm32h7xx_hal_cortex.o
    0x0800d9a6   0x0800d9a6   0x00000002   PAD
    0x0800d9a8   0x0800d9a8   0x00000010   Code   RO          969    .text.__NVIC_GetPriorityGrouping  stm32h7xx_hal_cortex.o
    0x0800d9b8   0x0800d9b8   0x0000004a   Code   RO          971    .text.__NVIC_SetPriority  stm32h7xx_hal_cortex.o
    0x0800da02   0x0800da02   0x00000006   PAD
    0x0800da08   0x0800da08   0x00000040   Code   RO          965    .text.__NVIC_SetPriorityGrouping  stm32h7xx_hal_cortex.o
    0x0800da48   0x0800da48   0x000000bc   Code   RO           17    .text.adc_init      main.o
    0x0800db04   0x0800db04   0x00000004   PAD
    0x0800db08   0x0800db08   0x000001e8   Code   RO           19    .text.cal_2fres     main.o
    0x0800dcf0   0x0800dcf0   0x0000047c   Code   RO           21    .text.cal_2types    main.o
    0x0800e16c   0x0800e16c   0x00000004   PAD
    0x0800e170   0x0800e170   0x00000086   Code   RO           27    .text.dft_cal       main.o
    0x0800e1f6   0x0800e1f6   0x00000002   PAD
    0x0800e1f8   0x0800e1f8   0x00000034   Code   RO          147    .text.fputc         usart.o
    0x0800e22c   0x0800e22c   0x00000004   PAD
    0x0800e230   0x0800e230   0x00000150   Code   RO           23    .text.get_pos_angle  main.o
    0x0800e380   0x0800e380   0x00000598   Code   RO           11    .text.main          main.o
    0x0800e918   0x0800e918   0x00000040   Code   RO           29    .text.power         main.o
    0x0800e958   0x0800e958   0x00000020   Code   RO         2115    i.__0printf         mc_w.l(printfa.o)
    0x0800e978   0x0800e978   0x00000030   Code   RO         2193    i.__ARM_fpclassify  m_wv.l(fpclassify.o)
    0x0800e9a8   0x0800e9a8   0x000001d4   Code   RO         2033    i.__hardfp_atan     m_wv.l(atan.o)
    0x0800eb7c   0x0800eb7c   0x00000004   PAD
    0x0800eb80   0x0800eb80   0x000001c8   Code   RO         2047    i.__hardfp_atan2    m_wv.l(atan2.o)
    0x0800ed48   0x0800ed48   0x000000b0   Code   RO         2059    i.__hardfp_cos      m_wv.l(cos.o)
    0x0800edf8   0x0800edf8   0x000000b0   Code   RO         2071    i.__hardfp_sin      m_wv.l(sin.o)
    0x0800eea8   0x0800eea8   0x00000066   Code   RO         2083    i.__hardfp_sqrt     m_wv.l(sqrt.o)
    0x0800ef0e   0x0800ef0e   0x0000003a   Code   RO         2095    i.__hardfp_sqrtf    m_wv.l(sqrtf.o)
    0x0800ef48   0x0800ef48   0x00000308   Code   RO         2198    i.__ieee754_rem_pio2  m_wv.l(rred.o)
    0x0800f250   0x0800f250   0x000000c4   Code   RO         2170    i.__kernel_cos      m_wv.l(cos_i.o)
    0x0800f314   0x0800f314   0x00000070   Code   RO         2195    i.__kernel_poly     m_wv.l(poly.o)
    0x0800f384   0x0800f384   0x00000004   PAD
    0x0800f388   0x0800f388   0x000000a0   Code   RO         2203    i.__kernel_sin      m_wv.l(sin_i.o)
    0x0800f428   0x0800f428   0x00000006   Code   RO         2174    i.__mathlib_dbl_infnan  m_wv.l(dunder.o)
    0x0800f42e   0x0800f42e   0x00000006   Code   RO         2175    i.__mathlib_dbl_infnan2  m_wv.l(dunder.o)
    0x0800f434   0x0800f434   0x00000004   PAD
    0x0800f438   0x0800f438   0x00000018   Code   RO         2176    i.__mathlib_dbl_invalid  m_wv.l(dunder.o)
    0x0800f450   0x0800f450   0x00000018   Code   RO         2179    i.__mathlib_dbl_underflow  m_wv.l(dunder.o)
    0x0800f468   0x0800f468   0x0000000e   Code   RO         2262    i.__scatterload_copy  mc_w.l(handlers.o)
    0x0800f476   0x0800f476   0x00000002   Code   RO         2263    i.__scatterload_null  mc_w.l(handlers.o)
    0x0800f478   0x0800f478   0x0000000e   Code   RO         2264    i.__scatterload_zeroinit  mc_w.l(handlers.o)
    0x0800f486   0x0800f486   0x00000002   PAD
    0x0800f488   0x0800f488   0x0000000c   Code   RO         2238    i.__set_errno       mc_w.l(errno.o)
    0x0800f494   0x0800f494   0x00000184   Code   RO         2122    i._fp_digits        mc_w.l(printfa.o)
    0x0800f618   0x0800f618   0x000006dc   Code   RO         2123    i._printf_core      mc_w.l(printfa.o)
    0x0800fcf4   0x0800fcf4   0x00000024   Code   RO         2124    i._printf_post_padding  mc_w.l(printfa.o)
    0x0800fd18   0x0800fd18   0x0000002e   Code   RO         2125    i._printf_pre_padding  mc_w.l(printfa.o)
    0x0800fd46   0x0800fd46   0x00000010   Code   RO         2035    i.atan              m_wv.l(atan.o)
    0x0800fd56   0x0800fd56   0x00000018   Code   RO         2189    i.fabs              m_wv.l(fabs.o)
    0x0800fd6e   0x0800fd6e   0x00000002   PAD
    0x0800fd70   0x0800fd70   0x00000050   Code   RO         2142    i.free              mc_w.l(malloc.o)
    0x0800fdc0   0x0800fdc0   0x00000098   Data   RO         2036    .constdata          m_wv.l(atan.o)
    0x0800fe58   0x0800fe58   0x00000030   Data   RO         2171    .constdata          m_wv.l(cos_i.o)
    0x0800fe88   0x0800fe88   0x00000008   Data   RO         2197    .constdata          m_wv.l(qnan.o)
    0x0800fe90   0x0800fe90   0x000000c8   Data   RO         2200    .constdata          m_wv.l(rred.o)
    0x0800ff58   0x0800ff58   0x00000028   Data   RO         2204    .constdata          m_wv.l(sin_i.o)
    0x0800ff80   0x0800ff80   0x00000010   Data   RO         2025    .rodata.D1CorePrescTable  system_stm32h7xx.o
    0x0800ff90   0x0800ff90   0x00000008   Data   RO          748    .rodata.DMA_CalcBaseAndBitshift.flagBitshiftOffset  stm32h7xx_hal_dma.o
    0x0800ff98   0x0800ff98   0x00000008   Data   RO         1990    .rodata.UARTEx_SetNbDataToProcess.denominator  stm32h7xx_hal_uart_ex.o
    0x0800ffa0   0x0800ffa0   0x00000008   Data   RO         1989    .rodata.UARTEx_SetNbDataToProcess.numerator  stm32h7xx_hal_uart_ex.o
    0x0800ffa8   0x0800ffa8   0x00000018   Data   RO         1944    .rodata.UARTPrescTable  stm32h7xx_hal_uart.o
    0x0800ffc0   0x0800ffc0   0x000000ab   Data   RO           42    .rodata.str1.1      main.o
    0x0801006b   0x0801006b   0x00000001   PAD
    0x0801006c   0x0801006c   0x00000020   Data   RO         2261    Region$$Table       anon$$obj.o


    Execution Region RW_IRAM1 (Exec base: 0x20000000, Load base: 0x08010090, Size: 0x0000d118, Max: 0x00020000, ABSOLUTE, COMPRESSED[0x00001ee0])

    Exec Addr    Load Addr    Size         Type   Attr      Idx    E Section Name        Object

    0x20000000   COMPRESSED   0x00000004   Data   RW         2223    .data               mc_w.l(stdout.o)
    0x20000004   COMPRESSED   0x00000004   Data   RW         2234    .data               mc_w.l(mvars.o)
    0x20000008   COMPRESSED   0x00000004   Data   RW         2239    .data               mc_w.l(errno.o)
    0x2000000c   COMPRESSED   0x00001db0   Data   RW           40    .data.DAC_COS       main.o
    0x20001dbc   COMPRESSED   0x00001db0   Data   RW           39    .data.DAC_SIN       main.o
    0x20003b6c   COMPRESSED   0x00000004   Data   RW         2009    .data.FFT.n         xfft.o
    0x20003b70   COMPRESSED   0x00000004   Data   RW         2023    .data.SystemCoreClock  system_stm32h7xx.o
    0x20003b74   COMPRESSED   0x00000004   Data   RW         2024    .data.SystemD2Clock  system_stm32h7xx.o
    0x20003b78   COMPRESSED   0x00001db0   Data   RW           41    .data.Tri_Wave      main.o
    0x20005928   COMPRESSED   0x00000001   Data   RW         1134    .data.uwTickFreq    stm32h7xx_hal.o
    0x20005929   COMPRESSED   0x00000003   PAD
    0x2000592c   COMPRESSED   0x00000004   Data   RW         1133    .data.uwTickPrio    stm32h7xx_hal.o
    0x20005930        -       0x00000001   Zero   RW           35    .bss.AdcConvEnd     main.o
    0x20005931   COMPRESSED   0x00000003   PAD
    0x20005934        -       0x00000004   Zero   RW         2008    .bss.FFT.mw         xfft.o
    0x20005938        -       0x00000004   Zero   RW         2007    .bss.FFT.w          xfft.o
    0x2000593c        -       0x00000001   Zero   RW           38    .bss.change_pha     main.o
    0x2000593d   COMPRESSED   0x00000003   PAD
    0x20005940        -       0x00000004   Zero   RW           48    .bss.delayT_A       main.o
    0x20005944        -       0x00000004   Zero   RW           50    .bss.delayT_B       main.o
    0x20005948        -       0x00000002   Zero   RW           44    .bss.fre            main.o
    0x2000594a   COMPRESSED   0x00000002   PAD
    0x2000594c        -       0x00000064   Zero   RW           75    .bss.hadc1          adc.o
    0x200059b0        -       0x00000014   Zero   RW           91    .bss.hdac1          dac.o
    0x200059c4        -       0x00000078   Zero   RW           76    .bss.hdma_adc1      adc.o
    0x20005a3c        -       0x00000078   Zero   RW           92    .bss.hdma_dac1_ch1  dac.o
    0x20005ab4        -       0x00000078   Zero   RW           93    .bss.hdma_dac1_ch2  dac.o
    0x20005b2c        -       0x0000004c   Zero   RW          127    .bss.htim1          tim.o
    0x20005b78        -       0x0000004c   Zero   RW          130    .bss.htim15         tim.o
    0x20005bc4        -       0x0000004c   Zero   RW          128    .bss.htim4          tim.o
    0x20005c10        -       0x0000004c   Zero   RW          129    .bss.htim7          tim.o
    0x20005c5c        -       0x00000094   Zero   RW          151    .bss.huart1         usart.o
    0x20005cf0        -       0x00000001   Zero   RW           36    .bss.mode_flag      main.o
    0x20005cf1   COMPRESSED   0x00000007   PAD
    0x20005cf8        -       0x00000008   Zero   RW           47    .bss.pos_angle_A    main.o
    0x20005d00        -       0x00000008   Zero   RW           49    .bss.pos_angle_B    main.o
    0x20005d08        -       0x00000001   Zero   RW           37    .bss.restart_flag   main.o
    0x20005d09   COMPRESSED   0x00000003   PAD
    0x20005d0c        -       0x00000004   Zero   RW         1135    .bss.uwTick         stm32h7xx_hal.o
    0x20005d10        -       0x00000002   Zero   RW           43    .bss.wave_type      main.o
    0x20005d12   COMPRESSED   0x00000006   PAD
    0x20005d18        -       0x00007400   Zero   RW            1    STACK               startup_stm32h750xx.o



  Load Region LR$$.ARM.__at_0x24000000 (Base: 0x24000000, Size: 0x00002000, Max: 0x00002000, ABSOLUTE, COMPRESSED[0x00000064])

    Execution Region ER$$.ARM.__at_0x24000000 (Exec base: 0x24000000, Load base: 0x24000000, Size: 0x00002000, Max: 0x00002000, ABSOLUTE, UNINIT, COMPRESSED[0x00000064])

    Exec Addr    Load Addr    Size         Type   Attr      Idx    E Section Name        Object

    0x24000000   COMPRESSED   0x00002000   Data   RW         2010    .ARM.__at_0x24000000  xfft.o



  Load Region LR$$.ARM.__at_0x24040000 (Base: 0x24040000, Size: 0x00002000, Max: 0x00002000, ABSOLUTE, COMPRESSED[0x00000064])

    Execution Region ER$$.ARM.__at_0x24040000 (Exec base: 0x24040000, Load base: 0x24040000, Size: 0x00002000, Max: 0x00002000, ABSOLUTE, UNINIT, COMPRESSED[0x00000064])

    Exec Addr    Load Addr    Size         Type   Attr      Idx    E Section Name        Object

    0x24040000   COMPRESSED   0x00002000   Data   RW         2006    .ARM.__at_0x24040000  xfft.o



  Load Region LR$$.ARM.__at_0x30000000 (Base: 0x30000000, Size: 0x000007d0, Max: 0x000007d0, ABSOLUTE, COMPRESSED[0x0000001c])

    Execution Region ER$$.ARM.__at_0x30000000 (Exec base: 0x30000000, Load base: 0x30000000, Size: 0x000007d0, Max: 0x000007d0, ABSOLUTE, UNINIT, COMPRESSED[0x0000001c])

    Exec Addr    Load Addr    Size         Type   Attr      Idx    E Section Name        Object

    0x30000000   COMPRESSED   0x000007d0   Data   RW           51    .ARM.__at_0x30000000  main.o



  Load Region LR$$.ARM.__at_0x38000000 (Base: 0x38000000, Size: 0x00000190, Max: 0x00000190, ABSOLUTE, COMPRESSED[0x00000008])

    Execution Region ER$$.ARM.__at_0x38000000 (Exec base: 0x38000000, Load base: 0x38000000, Size: 0x00000190, Max: 0x00000190, ABSOLUTE, UNINIT, COMPRESSED[0x00000008])

    Exec Addr    Load Addr    Size         Type   Attr      Idx    E Section Name        Object

    0x38000000   COMPRESSED   0x00000190   Data   RW           45    .ARM.__at_0x38000000  main.o



  Load Region LR$$.ARM.__at_0x38004000 (Base: 0x38004000, Size: 0x00000190, Max: 0x00000190, ABSOLUTE, COMPRESSED[0x00000008])

    Execution Region ER$$.ARM.__at_0x38004000 (Exec base: 0x38004000, Load base: 0x38004000, Size: 0x00000190, Max: 0x00000190, ABSOLUTE, UNINIT, COMPRESSED[0x00000008])

    Exec Addr    Load Addr    Size         Type   Attr      Idx    E Section Name        Object

    0x38004000   COMPRESSED   0x00000190   Data   RW           46    .ARM.__at_0x38004000  main.o


==============================================================================

Image component sizes


      Code (inc. data)   RO Data    RW Data    ZI Data      Debug   Object Name

       568          0          0          0        220       8872   adc.o
       460          0          0          0        260       6292   dac.o
        96          0          0          0          0       5283   dma.o
       228          0          0          0          0       5937   gpio.o
      4448         60        171      25600         32      14486   main.o
        36          8        664          0      29696        800   startup_stm32h750xx.o
       402          0          0          5          4      13885   stm32h7xx_hal.o
      7220          0          0          0          0      22122   stm32h7xx_hal_adc.o
      1056          0          0          0          0      21510   stm32h7xx_hal_adc_ex.o
       796          0          0          0          0      11386   stm32h7xx_hal_cortex.o
      1406          0          0          0          0       7943   stm32h7xx_hal_dac.o
       136          0          0          0          0       7521   stm32h7xx_hal_dac_ex.o
     12882          8          8          0          0      12840   stm32h7xx_hal_dma.o
      1652          0          0          0          0       6981   stm32h7xx_hal_gpio.o
        38          0          0          0          0       2188   stm32h7xx_hal_msp.o
       170          0          0          0          0      10364   stm32h7xx_hal_pwr_ex.o
      5152         66          0          0          0      11920   stm32h7xx_hal_rcc.o
     10640        118          0          0          0      19286   stm32h7xx_hal_rcc_ex.o
      1758          0          0          0          0      37719   stm32h7xx_hal_tim.o
       352          0          0          0          0      17566   stm32h7xx_hal_tim_ex.o
      3988        258         24          0          0      29208   stm32h7xx_hal_uart.o
       568          0         16          0          0       8863   stm32h7xx_hal_uart_ex.o
        92          0          0          0          0       1525   stm32h7xx_it.o
       346          0         16          8          0       5767   system_stm32h7xx.o
       742          0          0          0        304       7729   tim.o
       376          0          0          0        148       8650   usart.o
      1422         32          0      16388          8       3283   xfft.o

    ----------------------------------------------------------------------
     57580        570        932      42004      30696     309926   Object Totals
         0          0         32          0          0          0   (incl. Generated)
       550         20          1          3         24          0   (incl. Padding)

    ----------------------------------------------------------------------

      Code (inc. data)   RO Data    RW Data    ZI Data      Debug   Library Member Name

       484         66        152          0          0        348   atan.o
       456         64          0          0          0        180   atan2.o
       176         18          0          0          0        156   cos.o
       196         14         48          0          0        176   cos_i.o
        60         28          0          0          0        464   dunder.o
        24          0          0          0          0        124   fabs.o
        48          0          0          0          0        124   fpclassify.o
       112          0          0          0          0        116   poly.o
         0          0          8          0          0          0   qnan.o
       776        130        200          0          0        172   rred.o
       176         18          0          0          0        160   sin.o
       160         16         40          0          0        196   sin_i.o
       102          0          0          0          0        140   sqrt.o
        58          0          0          0          0        136   sqrtf.o
        94          0          0          0          0          0   __dclz77c.o
         0          0          0          0          0          0   entry.o
         0          0          0          0          0          0   entry10a.o
         0          0          0          0          0          0   entry11a.o
         8          4          0          0          0          0   entry2.o
         4          0          0          0          0          0   entry5.o
         0          0          0          0          0          0   entry7b.o
         0          0          0          0          0          0   entry8b.o
         8          4          0          0          0          0   entry9a.o
        12          6          0          4          0         68   errno.o
        30          0          0          0          0          0   handlers.o
        36          8          0          0          0         68   init.o
         0          0          0          0          0          0   iusefp.o
        30          0          0          0          0         68   llshl.o
        36          0          0          0          0         68   llsshr.o
        32          0          0          0          0         68   llushr.o
        80          4          0          0          0         76   malloc.o
        36          0          0          0          0        108   memseta.o
         0          0          0          4          0          0   mvars.o
      2258         90          0          0          0        452   printfa.o
         0          0          0          4          0          0   stdout.o
        44          0          0          0          0         80   uidiv.o
        98          0          0          0          0         92   uldiv.o
        48          0          0          0          0         68   cdrcmple.o
       334          0          0          0          0        148   dadd.o
       222          0          0          0          0        100   ddiv.o
       186          0          0          0          0        176   depilogue.o
        48          0          0          0          0         68   dfixul.o
       228          0          0          0          0         96   dmul.o

    ----------------------------------------------------------------------
      6716        474        448         12          0       4296   Library Totals
        16          4          0          0          0          0   (incl. Padding)

    ----------------------------------------------------------------------

      Code (inc. data)   RO Data    RW Data    ZI Data      Debug   Library Name

      2828        354        448          0          0       2492   m_wv.l
      2806        116          0         12          0       1148   mc_w.l
      1066          0          0          0          0        656   mf_w.l

    ----------------------------------------------------------------------
      6716        474        448         12          0       4296   Library Totals

    ----------------------------------------------------------------------

==============================================================================


      Code (inc. data)   RO Data    RW Data    ZI Data      Debug   

     64296       1044       1380      42016      30696     311622   Grand Totals
     64296       1044       1380       8148      30696     311622   ELF Image Totals (compressed)
     64296       1044       1380       8148          0          0   ROM Totals

==============================================================================

    Total RO  Size (Code + RO Data)                65676 (  64.14kB)
    Total RW  Size (RW Data + ZI Data)             72712 (  71.01kB)
    Total ROM Size (Code + RO Data + RW Data)      73824 (  72.09kB)

==============================================================================

