<html>
<body>
<pre>
<h1>µVision Build Log</h1>
<h2>Tool Versions:</h2>
IDE-Version: ¦ÌVision V5.27.0.0
Copyright (C) 2018 ARM Ltd and ARM Germany GmbH. All rights reserved.
License Information: Zheng Guo, none, LIC=14HV2-9KCXF-X7QRZ-JI6DR-WCZLP-UQJZI
 
Tool Versions:
Toolchain:       MDK-ARM Plus  Version: 5.27.0.0
Toolchain Path:  E:\Keil5\ARM\ARMCLANG\Bin
C Compiler:      ArmClang.exe V6.11
Assembler:       Armasm.exe V6.11
Linker/Locator:  ArmLink.exe V6.11
Library Manager: ArmAr.exe V6.11
Hex Converter:   FromElf.exe V6.11
CPU DLL:         SARMCM3.DLL V5.27.0.0
Dialog DLL:      DCM.DLL V1.17.2.0
Target DLL:      STLink\ST-LINKIII-KEIL_SWO.dll V3.0.5.0
Dialog DLL:      TCM.DLL V1.36.1.0
 
<h2>Project:</h2>
C:\Users\22410\OneDrive\×ÀÃæ\2021A\2021A0_2\MDK-ARM\2021A0_2.uvprojx
Project File Date:  07/08/2024

<h2>Output:</h2>
*** Using Compiler 'V6.11', folder: 'E:\Keil5\ARM\ARMCLANG\Bin'
Build target '2021A0_2'
compiling main.c...
compiling dma.c...
compiling tim.c...
compiling gpio.c...
compiling dac.c...
compiling stm32h7xx_hal_flash.c...
compiling stm32h7xx_it.c...
compiling stm32h7xx_hal_rcc.c...
compiling usart.c...
compiling stm32h7xx_hal_msp.c...
compiling adc.c...
compiling stm32h7xx_hal_rcc_ex.c...
compiling stm32h7xx_hal_adc_ex.c...
compiling stm32h7xx_hal_adc.c...
compiling stm32h7xx_hal_flash_ex.c...
compiling stm32h7xx_hal_hsem.c...
compiling stm32h7xx_hal_gpio.c...
compiling stm32h7xx_hal_pwr.c...
compiling stm32h7xx_hal_dma_ex.c...
compiling stm32h7xx_hal_i2c_ex.c...
compiling stm32h7xx_hal_mdma.c...
compiling stm32h7xx_hal_cortex.c...
compiling stm32h7xx_hal_pwr_ex.c...
compiling stm32h7xx_hal_exti.c...
compiling stm32h7xx_hal_dac.c...
compiling stm32h7xx_hal_dma.c...
compiling stm32h7xx_hal.c...
compiling stm32h7xx_hal_dac_ex.c...
compiling stm32h7xx_hal_tim_ex.c...
compiling stm32h7xx_hal_i2c.c...
compiling stm32h7xx_hal_uart_ex.c...
compiling system_stm32h7xx.c...
compiling xfft.c...
compiling stm32h7xx_hal_tim.c...
compiling stm32h7xx_hal_uart.c...
linking...
Program Size: Code=27832 RO-data=1172 RW-data=655784 ZI-data=30664  
FromELF: creating hex file...
"2021A0_2\2021A0_2.axf" - 0 Error(s), 0 Warning(s).

<h2>Software Packages used:</h2>

Package Vendor: ARM
                http://www.keil.com/pack/ARM.CMSIS.5.4.0.pack
                ARM.CMSIS.5.4.0
                CMSIS (Cortex Microcontroller Software Interface Standard)
   * Component: CORE Version: 5.1.2

Package Vendor: Keil
                https://www.keil.com/pack/Keil.STM32H7xx_DFP.3.1.1.pack
                Keil.STM32H7xx_DFP.3.1.1
                STMicroelectronics STM32H7 Series Device Support and Examples

<h2>Collection of Component include folders:</h2>
  .\RTE\_2021A0_2
  E:\Keil5\ARM\PACK\ARM\CMSIS\5.4.0\CMSIS\Core\Include
  E:\Keil5\ARM\PACK\Keil\STM32H7xx_DFP\3.1.1\Drivers\CMSIS\Device\ST\STM32H7xx\Include

<h2>Collection of Component Files used:</h2>

   * Component: ARM::CMSIS:CORE:5.1.2
Build Time Elapsed:  00:00:03
</pre>
</body>
</html>
